all total=1212 13=539 13+=386 14=209 14+=78
train total=969 13=427 13+=306 14=169 14+=67
eval total=121 13=56 13+=38 14=21 14+=6
test total=122 13=56 13+=42 14=19 14+=5
probe_preset v1
probe_features ['busy_density_mean', 'busy_density_p90', 'outer_move_ge_0_25_ratio', 'span_jump_p90', 'busy_outer_move_p90']
loss_type ce
class_weight [0.5673301815986633, 0.7916666865348816, 1.4334319829940796, 3.6156716346740723]
epoch=1 train_loss=1.4026 train_acc=0.1809 eval_loss=1.3872 eval_acc=0.1003
epoch=2 train_loss=1.3828 train_acc=0.1426 eval_loss=1.3780 eval_acc=0.1047
epoch=3 train_loss=1.3654 train_acc=0.1474 eval_loss=1.3692 eval_acc=0.0947
epoch=4 train_loss=1.3541 train_acc=0.1524 eval_loss=1.3602 eval_acc=0.1259
epoch=5 train_loss=1.3454 train_acc=0.1918 eval_loss=1.3519 eval_acc=0.2353
epoch=6 train_loss=1.3294 train_acc=0.2049 eval_loss=1.3427 eval_acc=0.2687
epoch=7 train_loss=1.3237 train_acc=0.2431 eval_loss=1.3327 eval_acc=0.2978
epoch=8 train_loss=1.3034 train_acc=0.2989 eval_loss=1.3222 eval_acc=0.4337
epoch=9 train_loss=1.2945 train_acc=0.3286 eval_loss=1.3108 eval_acc=0.4772
epoch=10 train_loss=1.2771 train_acc=0.3743 eval_loss=1.2975 eval_acc=0.5219
epoch=11 train_loss=1.2648 train_acc=0.3817 eval_loss=1.2824 eval_acc=0.5141
epoch=12 train_loss=1.2533 train_acc=0.4378 eval_loss=1.2661 eval_acc=0.5119
epoch=13 train_loss=1.2195 train_acc=0.4590 eval_loss=1.2459 eval_acc=0.5275
epoch=14 train_loss=1.1985 train_acc=0.4807 eval_loss=1.2235 eval_acc=0.5453
epoch=15 train_loss=1.1754 train_acc=0.4814 eval_loss=1.1996 eval_acc=0.5553
epoch=16 train_loss=1.1613 train_acc=0.4884 eval_loss=1.1720 eval_acc=0.5553
epoch=17 train_loss=1.1447 train_acc=0.5237 eval_loss=1.1442 eval_acc=0.5453
epoch=18 train_loss=1.1189 train_acc=0.5138 eval_loss=1.1159 eval_acc=0.5553
epoch=19 train_loss=1.0839 train_acc=0.5321 eval_loss=1.0864 eval_acc=0.5475
epoch=20 train_loss=1.0538 train_acc=0.5695 eval_loss=1.0551 eval_acc=0.5809
epoch=21 train_loss=1.0156 train_acc=0.5663 eval_loss=1.0253 eval_acc=0.5909
epoch=22 train_loss=1.0053 train_acc=0.5519 eval_loss=0.9987 eval_acc=0.5987
epoch=23 train_loss=0.9749 train_acc=0.5686 eval_loss=0.9716 eval_acc=0.6144
epoch=24 train_loss=0.9696 train_acc=0.5608 eval_loss=0.9504 eval_acc=0.6066
epoch=25 train_loss=0.9220 train_acc=0.5979 eval_loss=0.9391 eval_acc=0.5987
epoch=26 train_loss=0.9244 train_acc=0.5986 eval_loss=0.9191 eval_acc=0.6066
epoch=27 train_loss=0.9057 train_acc=0.5957 eval_loss=0.8947 eval_acc=0.6222
epoch=28 train_loss=0.8851 train_acc=0.6223 eval_loss=0.8930 eval_acc=0.6244
epoch=29 train_loss=0.8762 train_acc=0.6097 eval_loss=0.8846 eval_acc=0.6244
epoch=30 train_loss=0.8408 train_acc=0.6136 eval_loss=0.8656 eval_acc=0.6300
epoch=31 train_loss=0.8446 train_acc=0.6093 eval_loss=0.8698 eval_acc=0.6400
epoch=32 train_loss=0.8267 train_acc=0.6137 eval_loss=0.8535 eval_acc=0.6456
epoch=33 train_loss=0.8455 train_acc=0.6201 eval_loss=0.8374 eval_acc=0.6522
epoch=34 train_loss=0.8114 train_acc=0.6214 eval_loss=0.8509 eval_acc=0.6322
epoch=35 train_loss=0.8322 train_acc=0.6115 eval_loss=0.8397 eval_acc=0.6300
epoch=36 train_loss=0.8184 train_acc=0.6343 eval_loss=0.8354 eval_acc=0.6634
epoch=37 train_loss=0.7831 train_acc=0.6367 eval_loss=0.8181 eval_acc=0.6422
epoch=38 train_loss=0.7979 train_acc=0.6401 eval_loss=0.8203 eval_acc=0.6556
epoch=39 train_loss=0.8017 train_acc=0.6422 eval_loss=0.8207 eval_acc=0.6456
epoch=40 train_loss=0.7913 train_acc=0.6433 eval_loss=0.8117 eval_acc=0.6478
epoch=41 train_loss=0.7719 train_acc=0.6530 eval_loss=0.8109 eval_acc=0.6634
epoch=42 train_loss=0.7763 train_acc=0.6398 eval_loss=0.7941 eval_acc=0.6912
epoch=43 train_loss=0.7615 train_acc=0.6549 eval_loss=0.7960 eval_acc=0.6891
epoch=44 train_loss=0.7593 train_acc=0.6619 eval_loss=0.7972 eval_acc=0.6812
epoch=45 train_loss=0.7712 train_acc=0.6563 eval_loss=0.7916 eval_acc=0.6812
epoch=46 train_loss=0.7522 train_acc=0.6631 eval_loss=0.7924 eval_acc=0.6812
epoch=47 train_loss=0.7412 train_acc=0.6755 eval_loss=0.7829 eval_acc=0.6812
epoch=48 train_loss=0.7772 train_acc=0.6404 eval_loss=0.7732 eval_acc=0.6634
epoch=49 train_loss=0.7518 train_acc=0.6603 eval_loss=0.7984 eval_acc=0.6812
epoch=50 train_loss=0.7330 train_acc=0.6495 eval_loss=0.7661 eval_acc=0.7069
epoch=51 train_loss=0.7360 train_acc=0.6541 eval_loss=0.7896 eval_acc=0.6891
epoch=52 train_loss=0.7431 train_acc=0.6600 eval_loss=0.7696 eval_acc=0.6891
epoch=53 train_loss=0.7358 train_acc=0.6534 eval_loss=0.7763 eval_acc=0.6812
epoch=54 train_loss=0.7318 train_acc=0.6669 eval_loss=0.7836 eval_acc=0.6812
epoch=55 train_loss=0.7270 train_acc=0.6620 eval_loss=0.7626 eval_acc=0.7125
epoch=56 train_loss=0.7254 train_acc=0.6559 eval_loss=0.7686 eval_acc=0.6791
epoch=57 train_loss=0.7151 train_acc=0.7025 eval_loss=0.7841 eval_acc=0.6812
epoch=58 train_loss=0.7314 train_acc=0.6619 eval_loss=0.7560 eval_acc=0.7047
epoch=59 train_loss=0.7020 train_acc=0.6641 eval_loss=0.7838 eval_acc=0.6656
epoch=60 train_loss=0.7038 train_acc=0.6676 eval_loss=0.7594 eval_acc=0.7247
epoch=61 train_loss=0.7192 train_acc=0.6375 eval_loss=0.7542 eval_acc=0.7069
epoch=62 train_loss=0.7119 train_acc=0.6835 eval_loss=0.7752 eval_acc=0.6991
epoch=63 train_loss=0.7122 train_acc=0.6672 eval_loss=0.7563 eval_acc=0.6891
epoch=64 train_loss=0.7058 train_acc=0.6764 eval_loss=0.7779 eval_acc=0.6812
epoch=65 train_loss=0.7044 train_acc=0.6677 eval_loss=0.7519 eval_acc=0.7247
epoch=66 train_loss=0.7153 train_acc=0.6580 eval_loss=0.7655 eval_acc=0.6991
epoch=67 train_loss=0.6939 train_acc=0.7046 eval_loss=0.7620 eval_acc=0.6734
epoch=68 train_loss=0.7076 train_acc=0.6818 eval_loss=0.7520 eval_acc=0.7047
epoch=69 train_loss=0.6829 train_acc=0.6846 eval_loss=0.7693 eval_acc=0.6834
epoch=70 train_loss=0.6969 train_acc=0.6668 eval_loss=0.7430 eval_acc=0.7247
epoch=71 train_loss=0.6838 train_acc=0.6609 eval_loss=0.7709 eval_acc=0.6834
epoch=72 train_loss=0.6945 train_acc=0.6787 eval_loss=0.7553 eval_acc=0.6969
epoch=73 train_loss=0.6764 train_acc=0.6757 eval_loss=0.7548 eval_acc=0.6969
epoch=74 train_loss=0.6770 train_acc=0.6825 eval_loss=0.7542 eval_acc=0.6969
epoch=75 train_loss=0.6679 train_acc=0.6930 eval_loss=0.7516 eval_acc=0.6969
epoch=76 train_loss=0.6903 train_acc=0.6706 eval_loss=0.7399 eval_acc=0.7069
epoch=77 train_loss=0.6743 train_acc=0.6847 eval_loss=0.7515 eval_acc=0.6969
epoch=78 train_loss=0.6788 train_acc=0.6832 eval_loss=0.7412 eval_acc=0.7047
epoch=79 train_loss=0.6635 train_acc=0.6921 eval_loss=0.7669 eval_acc=0.6969
epoch=80 train_loss=0.6717 train_acc=0.7053 eval_loss=0.7409 eval_acc=0.7147
epoch=81 train_loss=0.6681 train_acc=0.6840 eval_loss=0.7536 eval_acc=0.6891
epoch=82 train_loss=0.6625 train_acc=0.6856 eval_loss=0.7425 eval_acc=0.6991
epoch=83 train_loss=0.6506 train_acc=0.7022 eval_loss=0.7470 eval_acc=0.6891
epoch=84 train_loss=0.6614 train_acc=0.7013 eval_loss=0.7505 eval_acc=0.6812
epoch=85 train_loss=0.6652 train_acc=0.6854 eval_loss=0.7327 eval_acc=0.6891
epoch=86 train_loss=0.6582 train_acc=0.6941 eval_loss=0.7817 eval_acc=0.7125
epoch=87 train_loss=0.6764 train_acc=0.6822 eval_loss=0.7269 eval_acc=0.7169
epoch=88 train_loss=0.6591 train_acc=0.6807 eval_loss=0.8096 eval_acc=0.6891
epoch=89 train_loss=0.6556 train_acc=0.6815 eval_loss=0.7281 eval_acc=0.7091
epoch=90 train_loss=0.6650 train_acc=0.6663 eval_loss=0.7464 eval_acc=0.6912
epoch=91 train_loss=0.6593 train_acc=0.7180 eval_loss=0.7644 eval_acc=0.6991
epoch=92 train_loss=0.6437 train_acc=0.6971 eval_loss=0.7398 eval_acc=0.7069
epoch=93 train_loss=0.6445 train_acc=0.6939 eval_loss=0.7704 eval_acc=0.7069
epoch=94 train_loss=0.6496 train_acc=0.7051 eval_loss=0.7630 eval_acc=0.6991
epoch=95 train_loss=0.6175 train_acc=0.7051 eval_loss=0.7466 eval_acc=0.6912
epoch=96 train_loss=0.6512 train_acc=0.6806 eval_loss=0.7464 eval_acc=0.6812
epoch=97 train_loss=0.6378 train_acc=0.7037 eval_loss=0.7474 eval_acc=0.6912
epoch=98 train_loss=0.6375 train_acc=0.7183 eval_loss=0.7594 eval_acc=0.6991
epoch=99 train_loss=0.6337 train_acc=0.7053 eval_loss=0.7489 eval_acc=0.6891
epoch=100 train_loss=0.6284 train_acc=0.7023 eval_loss=0.7351 eval_acc=0.6912
test_loss=0.7062 test_acc=0.7181
confusion_matrix
tensor([[50,  5,  1,  0],
        [12, 21,  9,  0],
        [ 0,  1, 14,  4],
        [ 0,  0,  2,  3]])
per_class_recall
13: recall=0.8929 (50/56)
13+: recall=0.5000 (21/42)
14: recall=0.7368 (14/19)
14+: recall=0.6000 (3/5)
per_class_precision
13: precision=0.8065 (50/62)
13+: precision=0.7778 (21/27)
14: precision=0.5385 (14/26)
14+: precision=0.4286 (3/7)
predictions_exported=122
predictions_output=experiment_runs/late_fusion_ablation_round/v1_drop_slide_conflict_when_busy_ratio_ce/predictions_test.csv
misclassified_exported=34
misclassified_output=experiment_runs/late_fusion_ablation_round/v1_drop_slide_conflict_when_busy_ratio_ce/misclassified_test.csv
saved_model=experiment_runs/late_fusion_ablation_round/v1_drop_slide_conflict_when_busy_ratio_ce/model.pth
