all total=1212 13=539 13+=386 14=209 14+=78
train total=969 13=427 13+=306 14=169 14+=67
eval total=121 13=56 13+=38 14=21 14+=6
test total=122 13=56 13+=42 14=19 14+=5
probe_preset v1
probe_features ['busy_density_mean', 'busy_density_p90', 'span_jump_p90', 'slide_conflict_when_busy_ratio', 'busy_outer_move_p90']
loss_type ce
class_weight [0.5673301815986633, 0.7916666865348816, 1.4334319829940796, 3.6156716346740723]
epoch=1 train_loss=1.3998 train_acc=0.2007 eval_loss=1.3879 eval_acc=0.1081
epoch=2 train_loss=1.3809 train_acc=0.1514 eval_loss=1.3782 eval_acc=0.1281
epoch=3 train_loss=1.3639 train_acc=0.1593 eval_loss=1.3691 eval_acc=0.1203
epoch=4 train_loss=1.3516 train_acc=0.1712 eval_loss=1.3600 eval_acc=0.2006
epoch=5 train_loss=1.3441 train_acc=0.2143 eval_loss=1.3515 eval_acc=0.2553
epoch=6 train_loss=1.3277 train_acc=0.2332 eval_loss=1.3421 eval_acc=0.2987
epoch=7 train_loss=1.3222 train_acc=0.2574 eval_loss=1.3321 eval_acc=0.3100
epoch=8 train_loss=1.3026 train_acc=0.3073 eval_loss=1.3215 eval_acc=0.4181
epoch=9 train_loss=1.2923 train_acc=0.3439 eval_loss=1.3100 eval_acc=0.4416
epoch=10 train_loss=1.2754 train_acc=0.3883 eval_loss=1.2966 eval_acc=0.4728
epoch=11 train_loss=1.2650 train_acc=0.4013 eval_loss=1.2816 eval_acc=0.4884
epoch=12 train_loss=1.2518 train_acc=0.4528 eval_loss=1.2653 eval_acc=0.4962
epoch=13 train_loss=1.2185 train_acc=0.4741 eval_loss=1.2449 eval_acc=0.5062
epoch=14 train_loss=1.1971 train_acc=0.4990 eval_loss=1.2223 eval_acc=0.5062
epoch=15 train_loss=1.1750 train_acc=0.5040 eval_loss=1.1981 eval_acc=0.5062
epoch=16 train_loss=1.1578 train_acc=0.4995 eval_loss=1.1695 eval_acc=0.5141
epoch=17 train_loss=1.1420 train_acc=0.5353 eval_loss=1.1409 eval_acc=0.5397
epoch=18 train_loss=1.1110 train_acc=0.5369 eval_loss=1.1115 eval_acc=0.5319
epoch=19 train_loss=1.0801 train_acc=0.5404 eval_loss=1.0814 eval_acc=0.5497
epoch=20 train_loss=1.0544 train_acc=0.5543 eval_loss=1.0495 eval_acc=0.5753
epoch=21 train_loss=1.0117 train_acc=0.5662 eval_loss=1.0190 eval_acc=0.5775
epoch=22 train_loss=0.9997 train_acc=0.5653 eval_loss=0.9916 eval_acc=0.5775
epoch=23 train_loss=0.9712 train_acc=0.5678 eval_loss=0.9653 eval_acc=0.5909
epoch=24 train_loss=0.9636 train_acc=0.5536 eval_loss=0.9441 eval_acc=0.5987
epoch=25 train_loss=0.9226 train_acc=0.5983 eval_loss=0.9330 eval_acc=0.5831
epoch=26 train_loss=0.9223 train_acc=0.5994 eval_loss=0.9137 eval_acc=0.5831
epoch=27 train_loss=0.9001 train_acc=0.5950 eval_loss=0.8904 eval_acc=0.6088
epoch=28 train_loss=0.8874 train_acc=0.6154 eval_loss=0.8898 eval_acc=0.6166
epoch=29 train_loss=0.8781 train_acc=0.6082 eval_loss=0.8808 eval_acc=0.6166
epoch=30 train_loss=0.8450 train_acc=0.6246 eval_loss=0.8634 eval_acc=0.6287
epoch=31 train_loss=0.8513 train_acc=0.6211 eval_loss=0.8680 eval_acc=0.6322
epoch=32 train_loss=0.8339 train_acc=0.6156 eval_loss=0.8535 eval_acc=0.6344
epoch=33 train_loss=0.8520 train_acc=0.6122 eval_loss=0.8368 eval_acc=0.6287
epoch=34 train_loss=0.8193 train_acc=0.6164 eval_loss=0.8484 eval_acc=0.6244
epoch=35 train_loss=0.8377 train_acc=0.6229 eval_loss=0.8372 eval_acc=0.6166
epoch=36 train_loss=0.8263 train_acc=0.6423 eval_loss=0.8362 eval_acc=0.6400
epoch=37 train_loss=0.7937 train_acc=0.6393 eval_loss=0.8183 eval_acc=0.6622
epoch=38 train_loss=0.8013 train_acc=0.6445 eval_loss=0.8163 eval_acc=0.6344
epoch=39 train_loss=0.8077 train_acc=0.6324 eval_loss=0.8208 eval_acc=0.6400
epoch=40 train_loss=0.8059 train_acc=0.6415 eval_loss=0.8113 eval_acc=0.6522
epoch=41 train_loss=0.7791 train_acc=0.6463 eval_loss=0.8107 eval_acc=0.6500
epoch=42 train_loss=0.7808 train_acc=0.6317 eval_loss=0.7962 eval_acc=0.6578
epoch=43 train_loss=0.7715 train_acc=0.6543 eval_loss=0.7913 eval_acc=0.6656
epoch=44 train_loss=0.7631 train_acc=0.6713 eval_loss=0.7948 eval_acc=0.6400
epoch=45 train_loss=0.7752 train_acc=0.6612 eval_loss=0.7920 eval_acc=0.6678
epoch=46 train_loss=0.7585 train_acc=0.6526 eval_loss=0.7896 eval_acc=0.6834
epoch=47 train_loss=0.7565 train_acc=0.6789 eval_loss=0.7823 eval_acc=0.6578
epoch=48 train_loss=0.7827 train_acc=0.6343 eval_loss=0.7692 eval_acc=0.6522
epoch=49 train_loss=0.7569 train_acc=0.6494 eval_loss=0.7952 eval_acc=0.6713
epoch=50 train_loss=0.7396 train_acc=0.6416 eval_loss=0.7669 eval_acc=0.6678
epoch=51 train_loss=0.7405 train_acc=0.6542 eval_loss=0.7842 eval_acc=0.6812
epoch=52 train_loss=0.7463 train_acc=0.6561 eval_loss=0.7691 eval_acc=0.6656
epoch=53 train_loss=0.7419 train_acc=0.6526 eval_loss=0.7718 eval_acc=0.6812
epoch=54 train_loss=0.7326 train_acc=0.6751 eval_loss=0.7782 eval_acc=0.6734
epoch=55 train_loss=0.7377 train_acc=0.6588 eval_loss=0.7608 eval_acc=0.6834
epoch=56 train_loss=0.7371 train_acc=0.6621 eval_loss=0.7660 eval_acc=0.6812
epoch=57 train_loss=0.7186 train_acc=0.7000 eval_loss=0.7788 eval_acc=0.6812
epoch=58 train_loss=0.7343 train_acc=0.6612 eval_loss=0.7565 eval_acc=0.6912
epoch=59 train_loss=0.7053 train_acc=0.6698 eval_loss=0.7789 eval_acc=0.6713
epoch=60 train_loss=0.7117 train_acc=0.6706 eval_loss=0.7582 eval_acc=0.6991
epoch=61 train_loss=0.7261 train_acc=0.6472 eval_loss=0.7556 eval_acc=0.6912
epoch=62 train_loss=0.7182 train_acc=0.6916 eval_loss=0.7787 eval_acc=0.6891
epoch=63 train_loss=0.7114 train_acc=0.6800 eval_loss=0.7576 eval_acc=0.6891
epoch=64 train_loss=0.7018 train_acc=0.6912 eval_loss=0.7770 eval_acc=0.7069
epoch=65 train_loss=0.7073 train_acc=0.6760 eval_loss=0.7573 eval_acc=0.7069
epoch=66 train_loss=0.7195 train_acc=0.6593 eval_loss=0.7661 eval_acc=0.6891
epoch=67 train_loss=0.7003 train_acc=0.6949 eval_loss=0.7638 eval_acc=0.6891
epoch=68 train_loss=0.7115 train_acc=0.6782 eval_loss=0.7583 eval_acc=0.6812
epoch=69 train_loss=0.6906 train_acc=0.6967 eval_loss=0.7712 eval_acc=0.6891
epoch=70 train_loss=0.7017 train_acc=0.6658 eval_loss=0.7500 eval_acc=0.6912
epoch=71 train_loss=0.6851 train_acc=0.6670 eval_loss=0.7767 eval_acc=0.6969
epoch=72 train_loss=0.6993 train_acc=0.6680 eval_loss=0.7591 eval_acc=0.6991
epoch=73 train_loss=0.6790 train_acc=0.6895 eval_loss=0.7586 eval_acc=0.6912
epoch=74 train_loss=0.6826 train_acc=0.6845 eval_loss=0.7577 eval_acc=0.6912
epoch=75 train_loss=0.6771 train_acc=0.6785 eval_loss=0.7562 eval_acc=0.6912
epoch=76 train_loss=0.6895 train_acc=0.6692 eval_loss=0.7469 eval_acc=0.6912
epoch=77 train_loss=0.6776 train_acc=0.6927 eval_loss=0.7644 eval_acc=0.7069
epoch=78 train_loss=0.6843 train_acc=0.6733 eval_loss=0.7458 eval_acc=0.6912
epoch=79 train_loss=0.6691 train_acc=0.6954 eval_loss=0.7831 eval_acc=0.6947
epoch=80 train_loss=0.6751 train_acc=0.6935 eval_loss=0.7472 eval_acc=0.6834
epoch=81 train_loss=0.6763 train_acc=0.6882 eval_loss=0.7630 eval_acc=0.6991
epoch=82 train_loss=0.6698 train_acc=0.6817 eval_loss=0.7474 eval_acc=0.6834
epoch=83 train_loss=0.6567 train_acc=0.6680 eval_loss=0.7565 eval_acc=0.6912
epoch=84 train_loss=0.6694 train_acc=0.7024 eval_loss=0.7528 eval_acc=0.7069
epoch=85 train_loss=0.6705 train_acc=0.6778 eval_loss=0.7432 eval_acc=0.6912
epoch=86 train_loss=0.6617 train_acc=0.6941 eval_loss=0.7921 eval_acc=0.7125
epoch=87 train_loss=0.6705 train_acc=0.6755 eval_loss=0.7395 eval_acc=0.6934
epoch=88 train_loss=0.6634 train_acc=0.6800 eval_loss=0.8108 eval_acc=0.6947
epoch=89 train_loss=0.6607 train_acc=0.6925 eval_loss=0.7398 eval_acc=0.6734
epoch=90 train_loss=0.6648 train_acc=0.6716 eval_loss=0.7554 eval_acc=0.6991
epoch=91 train_loss=0.6658 train_acc=0.6996 eval_loss=0.7750 eval_acc=0.7047
epoch=92 train_loss=0.6451 train_acc=0.6968 eval_loss=0.7512 eval_acc=0.6934
epoch=93 train_loss=0.6488 train_acc=0.6964 eval_loss=0.7791 eval_acc=0.7147
epoch=94 train_loss=0.6503 train_acc=0.7100 eval_loss=0.7695 eval_acc=0.6991
epoch=95 train_loss=0.6177 train_acc=0.6963 eval_loss=0.7542 eval_acc=0.6912
epoch=96 train_loss=0.6551 train_acc=0.6734 eval_loss=0.7579 eval_acc=0.6912
epoch=97 train_loss=0.6315 train_acc=0.7023 eval_loss=0.7571 eval_acc=0.6812
epoch=98 train_loss=0.6341 train_acc=0.7101 eval_loss=0.7708 eval_acc=0.6891
epoch=99 train_loss=0.6322 train_acc=0.7000 eval_loss=0.7618 eval_acc=0.7147
epoch=100 train_loss=0.6263 train_acc=0.6936 eval_loss=0.7453 eval_acc=0.6891
test_loss=0.7156 test_acc=0.7260
confusion_matrix
tensor([[50,  5,  1,  0],
        [12, 22,  8,  0],
        [ 0,  1, 14,  4],
        [ 0,  0,  2,  3]])
per_class_recall
13: recall=0.8929 (50/56)
13+: recall=0.5238 (22/42)
14: recall=0.7368 (14/19)
14+: recall=0.6000 (3/5)
per_class_precision
13: precision=0.8065 (50/62)
13+: precision=0.7857 (22/28)
14: precision=0.5600 (14/25)
14+: precision=0.4286 (3/7)
predictions_exported=122
predictions_output=experiment_runs/late_fusion_ablation_round/v1_drop_outer_move_ge_0_25_ratio_ce/predictions_test.csv
misclassified_exported=33
misclassified_output=experiment_runs/late_fusion_ablation_round/v1_drop_outer_move_ge_0_25_ratio_ce/misclassified_test.csv
saved_model=experiment_runs/late_fusion_ablation_round/v1_drop_outer_move_ge_0_25_ratio_ce/model.pth
