target_mean=13.6896 target_std=0.4823
epoch=1 train_loss=1.6869 train_reg_mae=0.8090 train_cls_acc=0.3333 eval_loss=1.6149 eval_reg_mae=0.7941 eval_cls_acc=0.4962
epoch=2 train_loss=1.6682 train_reg_mae=0.8119 train_cls_acc=0.4390 eval_loss=1.5961 eval_reg_mae=0.7929 eval_cls_acc=0.4684
epoch=3 train_loss=1.6493 train_reg_mae=0.8071 train_cls_acc=0.4294 eval_loss=1.5762 eval_reg_mae=0.7884 eval_cls_acc=0.4763
epoch=4 train_loss=1.6218 train_reg_mae=0.7992 train_cls_acc=0.4359 eval_loss=1.5561 eval_reg_mae=0.7838 eval_cls_acc=0.4684
epoch=5 train_loss=1.6013 train_reg_mae=0.7941 train_cls_acc=0.4363 eval_loss=1.5365 eval_reg_mae=0.7796 eval_cls_acc=0.4606
epoch=6 train_loss=1.5991 train_reg_mae=0.7977 train_cls_acc=0.4496 eval_loss=1.5165 eval_reg_mae=0.7749 eval_cls_acc=0.4606
epoch=7 train_loss=1.5681 train_reg_mae=0.7864 train_cls_acc=0.4373 eval_loss=1.4938 eval_reg_mae=0.7686 eval_cls_acc=0.4684
epoch=8 train_loss=1.5670 train_reg_mae=0.7877 train_cls_acc=0.4396 eval_loss=1.4660 eval_reg_mae=0.7591 eval_cls_acc=0.4763
epoch=9 train_loss=1.5293 train_reg_mae=0.7765 train_cls_acc=0.4469 eval_loss=1.4345 eval_reg_mae=0.7471 eval_cls_acc=0.4763
epoch=10 train_loss=1.4828 train_reg_mae=0.7557 train_cls_acc=0.4495 eval_loss=1.3959 eval_reg_mae=0.7320 eval_cls_acc=0.4763
epoch=11 train_loss=1.4504 train_reg_mae=0.7388 train_cls_acc=0.4407 eval_loss=1.3502 eval_reg_mae=0.7123 eval_cls_acc=0.4684
epoch=12 train_loss=1.3945 train_reg_mae=0.7182 train_cls_acc=0.4462 eval_loss=1.2967 eval_reg_mae=0.6906 eval_cls_acc=0.4763
epoch=13 train_loss=1.3590 train_reg_mae=0.7049 train_cls_acc=0.4425 eval_loss=1.2295 eval_reg_mae=0.6575 eval_cls_acc=0.4763
epoch=14 train_loss=1.2985 train_reg_mae=0.6726 train_cls_acc=0.4604 eval_loss=1.1640 eval_reg_mae=0.6225 eval_cls_acc=0.4763
epoch=15 train_loss=1.2263 train_reg_mae=0.6388 train_cls_acc=0.4668 eval_loss=1.0881 eval_reg_mae=0.5854 eval_cls_acc=0.4763
epoch=16 train_loss=1.1686 train_reg_mae=0.6072 train_cls_acc=0.4668 eval_loss=1.0243 eval_reg_mae=0.5474 eval_cls_acc=0.4763
epoch=17 train_loss=1.1038 train_reg_mae=0.5699 train_cls_acc=0.4666 eval_loss=0.9747 eval_reg_mae=0.5219 eval_cls_acc=0.4662
epoch=18 train_loss=1.0651 train_reg_mae=0.5517 train_cls_acc=0.4742 eval_loss=0.9455 eval_reg_mae=0.5063 eval_cls_acc=0.4662
epoch=19 train_loss=1.0146 train_reg_mae=0.5263 train_cls_acc=0.4909 eval_loss=0.9255 eval_reg_mae=0.4986 eval_cls_acc=0.4841
epoch=20 train_loss=1.0027 train_reg_mae=0.5363 train_cls_acc=0.5061 eval_loss=0.9009 eval_reg_mae=0.4905 eval_cls_acc=0.4997
epoch=21 train_loss=0.9491 train_reg_mae=0.5095 train_cls_acc=0.5424 eval_loss=0.8907 eval_reg_mae=0.4901 eval_cls_acc=0.5075
epoch=22 train_loss=0.9247 train_reg_mae=0.5075 train_cls_acc=0.5536 eval_loss=0.8656 eval_reg_mae=0.4808 eval_cls_acc=0.5075
epoch=23 train_loss=0.9184 train_reg_mae=0.5090 train_cls_acc=0.5469 eval_loss=0.8619 eval_reg_mae=0.4824 eval_cls_acc=0.5153
epoch=24 train_loss=0.8865 train_reg_mae=0.4949 train_cls_acc=0.5553 eval_loss=0.8372 eval_reg_mae=0.4733 eval_cls_acc=0.5075
epoch=25 train_loss=0.8558 train_reg_mae=0.4847 train_cls_acc=0.5702 eval_loss=0.8236 eval_reg_mae=0.4700 eval_cls_acc=0.5153
epoch=26 train_loss=0.8358 train_reg_mae=0.4805 train_cls_acc=0.6025 eval_loss=0.7947 eval_reg_mae=0.4585 eval_cls_acc=0.5566
epoch=27 train_loss=0.8087 train_reg_mae=0.4739 train_cls_acc=0.6104 eval_loss=0.8028 eval_reg_mae=0.4679 eval_cls_acc=0.5409
epoch=28 train_loss=0.7893 train_reg_mae=0.4600 train_cls_acc=0.5908 eval_loss=0.7721 eval_reg_mae=0.4513 eval_cls_acc=0.5587
epoch=29 train_loss=0.7898 train_reg_mae=0.4608 train_cls_acc=0.6013 eval_loss=0.7751 eval_reg_mae=0.4606 eval_cls_acc=0.5744
epoch=30 train_loss=0.7875 train_reg_mae=0.4675 train_cls_acc=0.5884 eval_loss=0.7489 eval_reg_mae=0.4472 eval_cls_acc=0.6156
epoch=31 train_loss=0.7711 train_reg_mae=0.4603 train_cls_acc=0.6303 eval_loss=0.7511 eval_reg_mae=0.4517 eval_cls_acc=0.6156
epoch=32 train_loss=0.7547 train_reg_mae=0.4535 train_cls_acc=0.6014 eval_loss=0.7445 eval_reg_mae=0.4504 eval_cls_acc=0.5922
epoch=33 train_loss=0.7374 train_reg_mae=0.4489 train_cls_acc=0.6362 eval_loss=0.7301 eval_reg_mae=0.4446 eval_cls_acc=0.6312
epoch=34 train_loss=0.7506 train_reg_mae=0.4628 train_cls_acc=0.6169 eval_loss=0.7411 eval_reg_mae=0.4529 eval_cls_acc=0.6391
epoch=35 train_loss=0.7238 train_reg_mae=0.4461 train_cls_acc=0.6459 eval_loss=0.7180 eval_reg_mae=0.4405 eval_cls_acc=0.6312
epoch=36 train_loss=0.7191 train_reg_mae=0.4422 train_cls_acc=0.6267 eval_loss=0.7336 eval_reg_mae=0.4514 eval_cls_acc=0.6000
epoch=37 train_loss=0.7074 train_reg_mae=0.4377 train_cls_acc=0.6478 eval_loss=0.7003 eval_reg_mae=0.4344 eval_cls_acc=0.6469
epoch=38 train_loss=0.7082 train_reg_mae=0.4350 train_cls_acc=0.6192 eval_loss=0.7285 eval_reg_mae=0.4510 eval_cls_acc=0.6078
epoch=39 train_loss=0.7068 train_reg_mae=0.4414 train_cls_acc=0.6387 eval_loss=0.6997 eval_reg_mae=0.4346 eval_cls_acc=0.6391
epoch=40 train_loss=0.6896 train_reg_mae=0.4325 train_cls_acc=0.6385 eval_loss=0.7020 eval_reg_mae=0.4389 eval_cls_acc=0.6391
epoch=41 train_loss=0.6769 train_reg_mae=0.4276 train_cls_acc=0.6309 eval_loss=0.6872 eval_reg_mae=0.4297 eval_cls_acc=0.6547
epoch=42 train_loss=0.6868 train_reg_mae=0.4354 train_cls_acc=0.6412 eval_loss=0.7002 eval_reg_mae=0.4372 eval_cls_acc=0.6334
epoch=43 train_loss=0.6835 train_reg_mae=0.4331 train_cls_acc=0.6496 eval_loss=0.6830 eval_reg_mae=0.4277 eval_cls_acc=0.6591
epoch=44 train_loss=0.6872 train_reg_mae=0.4368 train_cls_acc=0.6608 eval_loss=0.6936 eval_reg_mae=0.4355 eval_cls_acc=0.6491
epoch=45 train_loss=0.6823 train_reg_mae=0.4315 train_cls_acc=0.6279 eval_loss=0.6751 eval_reg_mae=0.4258 eval_cls_acc=0.6591
epoch=46 train_loss=0.6535 train_reg_mae=0.4176 train_cls_acc=0.6518 eval_loss=0.6942 eval_reg_mae=0.4367 eval_cls_acc=0.6491
epoch=47 train_loss=0.6538 train_reg_mae=0.4211 train_cls_acc=0.6611 eval_loss=0.6689 eval_reg_mae=0.4216 eval_cls_acc=0.6647
epoch=48 train_loss=0.6596 train_reg_mae=0.4230 train_cls_acc=0.6583 eval_loss=0.6773 eval_reg_mae=0.4271 eval_cls_acc=0.6491
epoch=49 train_loss=0.6458 train_reg_mae=0.4211 train_cls_acc=0.6541 eval_loss=0.6692 eval_reg_mae=0.4216 eval_cls_acc=0.6669
epoch=50 train_loss=0.6391 train_reg_mae=0.4159 train_cls_acc=0.6640 eval_loss=0.6746 eval_reg_mae=0.4246 eval_cls_acc=0.6691
epoch=51 train_loss=0.6445 train_reg_mae=0.4187 train_cls_acc=0.6791 eval_loss=0.6644 eval_reg_mae=0.4194 eval_cls_acc=0.6612
epoch=52 train_loss=0.6382 train_reg_mae=0.4133 train_cls_acc=0.6642 eval_loss=0.6718 eval_reg_mae=0.4239 eval_cls_acc=0.6512
epoch=53 train_loss=0.6375 train_reg_mae=0.4167 train_cls_acc=0.6668 eval_loss=0.6655 eval_reg_mae=0.4200 eval_cls_acc=0.6591
epoch=54 train_loss=0.6326 train_reg_mae=0.4118 train_cls_acc=0.6703 eval_loss=0.6738 eval_reg_mae=0.4250 eval_cls_acc=0.6512
epoch=55 train_loss=0.6370 train_reg_mae=0.4182 train_cls_acc=0.6805 eval_loss=0.6635 eval_reg_mae=0.4205 eval_cls_acc=0.6713
epoch=56 train_loss=0.6437 train_reg_mae=0.4148 train_cls_acc=0.6548 eval_loss=0.6729 eval_reg_mae=0.4251 eval_cls_acc=0.6434
epoch=57 train_loss=0.6269 train_reg_mae=0.4088 train_cls_acc=0.6829 eval_loss=0.6565 eval_reg_mae=0.4187 eval_cls_acc=0.6512
epoch=58 train_loss=0.6287 train_reg_mae=0.4165 train_cls_acc=0.6780 eval_loss=0.6758 eval_reg_mae=0.4256 eval_cls_acc=0.6356
epoch=59 train_loss=0.6164 train_reg_mae=0.4084 train_cls_acc=0.6944 eval_loss=0.6490 eval_reg_mae=0.4132 eval_cls_acc=0.6969
epoch=60 train_loss=0.6240 train_reg_mae=0.4085 train_cls_acc=0.6843 eval_loss=0.6747 eval_reg_mae=0.4244 eval_cls_acc=0.6356
epoch=61 train_loss=0.6177 train_reg_mae=0.4117 train_cls_acc=0.6859 eval_loss=0.6552 eval_reg_mae=0.4167 eval_cls_acc=0.6769
epoch=62 train_loss=0.6138 train_reg_mae=0.4021 train_cls_acc=0.6885 eval_loss=0.6652 eval_reg_mae=0.4212 eval_cls_acc=0.6512
epoch=63 train_loss=0.6114 train_reg_mae=0.4049 train_cls_acc=0.6905 eval_loss=0.6516 eval_reg_mae=0.4148 eval_cls_acc=0.6713
epoch=64 train_loss=0.6184 train_reg_mae=0.4093 train_cls_acc=0.6742 eval_loss=0.6701 eval_reg_mae=0.4228 eval_cls_acc=0.6178
epoch=65 train_loss=0.6139 train_reg_mae=0.4070 train_cls_acc=0.6656 eval_loss=0.6530 eval_reg_mae=0.4168 eval_cls_acc=0.6713
epoch=66 train_loss=0.6065 train_reg_mae=0.4025 train_cls_acc=0.6938 eval_loss=0.6699 eval_reg_mae=0.4222 eval_cls_acc=0.6178
epoch=67 train_loss=0.6172 train_reg_mae=0.4079 train_cls_acc=0.6883 eval_loss=0.6566 eval_reg_mae=0.4172 eval_cls_acc=0.6791
epoch=68 train_loss=0.6036 train_reg_mae=0.4037 train_cls_acc=0.6900 eval_loss=0.6650 eval_reg_mae=0.4204 eval_cls_acc=0.6434
epoch=69 train_loss=0.6047 train_reg_mae=0.3985 train_cls_acc=0.6987 eval_loss=0.6535 eval_reg_mae=0.4177 eval_cls_acc=0.6947
epoch=70 train_loss=0.6169 train_reg_mae=0.4070 train_cls_acc=0.6824 eval_loss=0.6775 eval_reg_mae=0.4266 eval_cls_acc=0.6356
epoch=71 train_loss=0.5895 train_reg_mae=0.3994 train_cls_acc=0.6990 eval_loss=0.6539 eval_reg_mae=0.4167 eval_cls_acc=0.6969
epoch=72 train_loss=0.5955 train_reg_mae=0.4011 train_cls_acc=0.7033 eval_loss=0.6545 eval_reg_mae=0.4155 eval_cls_acc=0.7047
epoch=73 train_loss=0.5968 train_reg_mae=0.4044 train_cls_acc=0.7060 eval_loss=0.6576 eval_reg_mae=0.4165 eval_cls_acc=0.6534
epoch=74 train_loss=0.5986 train_reg_mae=0.4006 train_cls_acc=0.7002 eval_loss=0.6539 eval_reg_mae=0.4172 eval_cls_acc=0.6869
epoch=75 train_loss=0.6053 train_reg_mae=0.4098 train_cls_acc=0.6880 eval_loss=0.6680 eval_reg_mae=0.4250 eval_cls_acc=0.6591
epoch=76 train_loss=0.5945 train_reg_mae=0.3982 train_cls_acc=0.6937 eval_loss=0.6484 eval_reg_mae=0.4165 eval_cls_acc=0.7147
epoch=77 train_loss=0.5926 train_reg_mae=0.4014 train_cls_acc=0.6966 eval_loss=0.6770 eval_reg_mae=0.4282 eval_cls_acc=0.6178
epoch=78 train_loss=0.5907 train_reg_mae=0.3983 train_cls_acc=0.7108 eval_loss=0.6454 eval_reg_mae=0.4131 eval_cls_acc=0.7069
epoch=79 train_loss=0.5916 train_reg_mae=0.3964 train_cls_acc=0.7001 eval_loss=0.6658 eval_reg_mae=0.4229 eval_cls_acc=0.7047
epoch=80 train_loss=0.5819 train_reg_mae=0.3969 train_cls_acc=0.7062 eval_loss=0.6479 eval_reg_mae=0.4157 eval_cls_acc=0.6991
epoch=81 train_loss=0.5744 train_reg_mae=0.3910 train_cls_acc=0.7258 eval_loss=0.6739 eval_reg_mae=0.4275 eval_cls_acc=0.6356
epoch=82 train_loss=0.5832 train_reg_mae=0.4015 train_cls_acc=0.6977 eval_loss=0.6504 eval_reg_mae=0.4150 eval_cls_acc=0.6991
epoch=83 train_loss=0.5850 train_reg_mae=0.3972 train_cls_acc=0.7145 eval_loss=0.6635 eval_reg_mae=0.4213 eval_cls_acc=0.6634
epoch=84 train_loss=0.5880 train_reg_mae=0.3999 train_cls_acc=0.6985 eval_loss=0.6513 eval_reg_mae=0.4141 eval_cls_acc=0.6991
epoch=85 train_loss=0.5760 train_reg_mae=0.3908 train_cls_acc=0.7144 eval_loss=0.6605 eval_reg_mae=0.4186 eval_cls_acc=0.7147
epoch=86 train_loss=0.5794 train_reg_mae=0.3941 train_cls_acc=0.6920 eval_loss=0.6499 eval_reg_mae=0.4168 eval_cls_acc=0.7069
epoch=87 train_loss=0.5821 train_reg_mae=0.3959 train_cls_acc=0.7192 eval_loss=0.6587 eval_reg_mae=0.4199 eval_cls_acc=0.6634
epoch=88 train_loss=0.5846 train_reg_mae=0.3931 train_cls_acc=0.7027 eval_loss=0.6491 eval_reg_mae=0.4151 eval_cls_acc=0.7247
epoch=89 train_loss=0.5692 train_reg_mae=0.3919 train_cls_acc=0.7161 eval_loss=0.6686 eval_reg_mae=0.4214 eval_cls_acc=0.6612
epoch=90 train_loss=0.5757 train_reg_mae=0.3894 train_cls_acc=0.6933 eval_loss=0.6537 eval_reg_mae=0.4151 eval_cls_acc=0.6891
epoch=91 train_loss=0.5744 train_reg_mae=0.3923 train_cls_acc=0.7139 eval_loss=0.6636 eval_reg_mae=0.4213 eval_cls_acc=0.7069
epoch=92 train_loss=0.5623 train_reg_mae=0.3837 train_cls_acc=0.7193 eval_loss=0.6595 eval_reg_mae=0.4190 eval_cls_acc=0.6812
epoch=93 train_loss=0.5672 train_reg_mae=0.3910 train_cls_acc=0.7199 eval_loss=0.6583 eval_reg_mae=0.4179 eval_cls_acc=0.6891
epoch=94 train_loss=0.5650 train_reg_mae=0.3911 train_cls_acc=0.7230 eval_loss=0.6682 eval_reg_mae=0.4234 eval_cls_acc=0.6812
epoch=95 train_loss=0.5528 train_reg_mae=0.3823 train_cls_acc=0.7242 eval_loss=0.6666 eval_reg_mae=0.4211 eval_cls_acc=0.6891
epoch=96 train_loss=0.5559 train_reg_mae=0.3813 train_cls_acc=0.7205 eval_loss=0.6620 eval_reg_mae=0.4186 eval_cls_acc=0.6791
epoch=97 train_loss=0.5684 train_reg_mae=0.3872 train_cls_acc=0.7058 eval_loss=0.6718 eval_reg_mae=0.4252 eval_cls_acc=0.6791
epoch=98 train_loss=0.5472 train_reg_mae=0.3856 train_cls_acc=0.7301 eval_loss=0.6540 eval_reg_mae=0.4175 eval_cls_acc=0.6969
epoch=99 train_loss=0.5405 train_reg_mae=0.3806 train_cls_acc=0.7224 eval_loss=0.6885 eval_reg_mae=0.4352 eval_cls_acc=0.6713
epoch=100 train_loss=0.5549 train_reg_mae=0.3853 train_cls_acc=0.7216 eval_loss=0.6490 eval_reg_mae=0.4164 eval_cls_acc=0.7212
test_reg_mae=0.1770
test_reg_rmse=0.2278
regression_bucket_confusion
confusion_matrix
tensor([[51,  5,  0,  0],
        [13, 27,  2,  0],
        [ 0,  9, 10,  0],
        [ 0,  0,  3,  2]])
per_class_recall
13: recall=0.9107 (51/56)
13+: recall=0.6429 (27/42)
14: recall=0.5263 (10/19)
14+: recall=0.4000 (2/5)
per_class_precision
13: precision=0.7969 (51/64)
13+: precision=0.6585 (27/41)
14: precision=0.6667 (10/15)
14+: precision=1.0000 (2/2)
classification_head_confusion
confusion_matrix
tensor([[53,  3,  0,  0],
        [16, 23,  3,  0],
        [ 1,  8,  9,  1],
        [ 0,  0,  3,  2]])
per_class_recall
13: recall=0.9464 (53/56)
13+: recall=0.5476 (23/42)
14: recall=0.4737 (9/19)
14+: recall=0.4000 (2/5)
per_class_precision
13: precision=0.7571 (53/70)
13+: precision=0.6765 (23/34)
14: precision=0.6000 (9/15)
14+: precision=0.6667 (2/3)
predictions_output=experiment_runs/target_design_v1/multitask/multitask_predictions_test.csv
saved_model=experiment_runs/target_design_v1/multitask/model.pth
