all total=1212 13=539 13+=386 14=209 14+=78
train total=969 13=427 13+=306 14=169 14+=67
eval total=121 13=56 13+=38 14=21 14+=6
test total=122 13=56 13+=42 14=19 14+=5
probe_preset v1
probe_features ['busy_density_mean', 'busy_density_p90', 'outer_move_ge_0_25_ratio', 'span_jump_p90', 'slide_conflict_when_busy_ratio']
loss_type ce
class_weight [0.5673301815986633, 0.7916666865348816, 1.4334319829940796, 3.6156716346740723]
epoch=1 train_loss=1.3963 train_acc=0.1840 eval_loss=1.3857 eval_acc=0.1025
epoch=2 train_loss=1.3772 train_acc=0.1533 eval_loss=1.3763 eval_acc=0.0947
epoch=3 train_loss=1.3592 train_acc=0.1640 eval_loss=1.3673 eval_acc=0.1572
epoch=4 train_loss=1.3468 train_acc=0.1781 eval_loss=1.3582 eval_acc=0.2041
epoch=5 train_loss=1.3398 train_acc=0.2134 eval_loss=1.3498 eval_acc=0.2575
epoch=6 train_loss=1.3218 train_acc=0.2324 eval_loss=1.3403 eval_acc=0.3122
epoch=7 train_loss=1.3172 train_acc=0.2657 eval_loss=1.3302 eval_acc=0.3000
epoch=8 train_loss=1.2962 train_acc=0.3215 eval_loss=1.3193 eval_acc=0.4103
epoch=9 train_loss=1.2862 train_acc=0.3436 eval_loss=1.3076 eval_acc=0.4728
epoch=10 train_loss=1.2691 train_acc=0.3963 eval_loss=1.2939 eval_acc=0.5062
epoch=11 train_loss=1.2555 train_acc=0.3917 eval_loss=1.2783 eval_acc=0.5041
epoch=12 train_loss=1.2420 train_acc=0.4491 eval_loss=1.2616 eval_acc=0.5141
epoch=13 train_loss=1.2080 train_acc=0.4618 eval_loss=1.2410 eval_acc=0.5241
epoch=14 train_loss=1.1897 train_acc=0.4816 eval_loss=1.2187 eval_acc=0.5241
epoch=15 train_loss=1.1661 train_acc=0.4987 eval_loss=1.1950 eval_acc=0.5419
epoch=16 train_loss=1.1497 train_acc=0.4925 eval_loss=1.1672 eval_acc=0.5597
epoch=17 train_loss=1.1340 train_acc=0.5234 eval_loss=1.1394 eval_acc=0.5675
epoch=18 train_loss=1.1105 train_acc=0.5266 eval_loss=1.1113 eval_acc=0.5675
epoch=19 train_loss=1.0734 train_acc=0.5350 eval_loss=1.0824 eval_acc=0.5731
epoch=20 train_loss=1.0458 train_acc=0.5630 eval_loss=1.0510 eval_acc=0.5909
epoch=21 train_loss=1.0090 train_acc=0.5595 eval_loss=1.0210 eval_acc=0.5753
epoch=22 train_loss=0.9955 train_acc=0.5642 eval_loss=0.9937 eval_acc=0.5909
epoch=23 train_loss=0.9635 train_acc=0.5758 eval_loss=0.9664 eval_acc=0.6066
epoch=24 train_loss=0.9573 train_acc=0.5642 eval_loss=0.9453 eval_acc=0.5987
epoch=25 train_loss=0.9127 train_acc=0.6079 eval_loss=0.9348 eval_acc=0.6044
epoch=26 train_loss=0.9105 train_acc=0.6038 eval_loss=0.9126 eval_acc=0.6044
epoch=27 train_loss=0.8888 train_acc=0.5985 eval_loss=0.8890 eval_acc=0.6378
epoch=28 train_loss=0.8739 train_acc=0.6083 eval_loss=0.8896 eval_acc=0.6244
epoch=29 train_loss=0.8676 train_acc=0.6218 eval_loss=0.8777 eval_acc=0.6322
epoch=30 train_loss=0.8311 train_acc=0.6104 eval_loss=0.8626 eval_acc=0.6378
epoch=31 train_loss=0.8363 train_acc=0.6199 eval_loss=0.8661 eval_acc=0.6222
epoch=32 train_loss=0.8286 train_acc=0.6110 eval_loss=0.8486 eval_acc=0.6578
epoch=33 train_loss=0.8454 train_acc=0.6194 eval_loss=0.8354 eval_acc=0.6578
epoch=34 train_loss=0.8101 train_acc=0.6255 eval_loss=0.8477 eval_acc=0.6300
epoch=35 train_loss=0.8260 train_acc=0.6256 eval_loss=0.8369 eval_acc=0.6478
epoch=36 train_loss=0.8119 train_acc=0.6412 eval_loss=0.8332 eval_acc=0.6556
epoch=37 train_loss=0.7820 train_acc=0.6327 eval_loss=0.8168 eval_acc=0.6578
epoch=38 train_loss=0.7936 train_acc=0.6499 eval_loss=0.8196 eval_acc=0.6556
epoch=39 train_loss=0.7962 train_acc=0.6459 eval_loss=0.8197 eval_acc=0.6300
epoch=40 train_loss=0.7910 train_acc=0.6399 eval_loss=0.8072 eval_acc=0.6400
epoch=41 train_loss=0.7706 train_acc=0.6596 eval_loss=0.8072 eval_acc=0.6634
epoch=42 train_loss=0.7761 train_acc=0.6446 eval_loss=0.7942 eval_acc=0.6756
epoch=43 train_loss=0.7604 train_acc=0.6494 eval_loss=0.7922 eval_acc=0.6656
epoch=44 train_loss=0.7563 train_acc=0.6654 eval_loss=0.7939 eval_acc=0.6656
epoch=45 train_loss=0.7631 train_acc=0.6634 eval_loss=0.7902 eval_acc=0.6734
epoch=46 train_loss=0.7545 train_acc=0.6516 eval_loss=0.7887 eval_acc=0.6656
epoch=47 train_loss=0.7404 train_acc=0.6806 eval_loss=0.7820 eval_acc=0.6734
epoch=48 train_loss=0.7808 train_acc=0.6335 eval_loss=0.7700 eval_acc=0.6634
epoch=49 train_loss=0.7519 train_acc=0.6509 eval_loss=0.7975 eval_acc=0.6891
epoch=50 train_loss=0.7271 train_acc=0.6546 eval_loss=0.7665 eval_acc=0.6991
epoch=51 train_loss=0.7363 train_acc=0.6652 eval_loss=0.7837 eval_acc=0.6656
epoch=52 train_loss=0.7430 train_acc=0.6582 eval_loss=0.7700 eval_acc=0.6812
epoch=53 train_loss=0.7310 train_acc=0.6574 eval_loss=0.7732 eval_acc=0.6834
epoch=54 train_loss=0.7299 train_acc=0.6696 eval_loss=0.7773 eval_acc=0.6791
epoch=55 train_loss=0.7273 train_acc=0.6661 eval_loss=0.7595 eval_acc=0.7069
epoch=56 train_loss=0.7273 train_acc=0.6535 eval_loss=0.7646 eval_acc=0.6891
epoch=57 train_loss=0.7163 train_acc=0.7071 eval_loss=0.7789 eval_acc=0.6791
epoch=58 train_loss=0.7352 train_acc=0.6644 eval_loss=0.7513 eval_acc=0.6991
epoch=59 train_loss=0.6991 train_acc=0.6683 eval_loss=0.7801 eval_acc=0.6734
epoch=60 train_loss=0.7023 train_acc=0.6777 eval_loss=0.7543 eval_acc=0.7225
epoch=61 train_loss=0.7167 train_acc=0.6500 eval_loss=0.7519 eval_acc=0.7047
epoch=62 train_loss=0.7108 train_acc=0.6888 eval_loss=0.7692 eval_acc=0.7047
epoch=63 train_loss=0.7108 train_acc=0.6698 eval_loss=0.7546 eval_acc=0.7047
epoch=64 train_loss=0.6980 train_acc=0.6980 eval_loss=0.7737 eval_acc=0.6713
epoch=65 train_loss=0.7038 train_acc=0.6658 eval_loss=0.7511 eval_acc=0.7147
epoch=66 train_loss=0.7138 train_acc=0.6622 eval_loss=0.7657 eval_acc=0.6969
epoch=67 train_loss=0.6951 train_acc=0.6900 eval_loss=0.7592 eval_acc=0.6869
epoch=68 train_loss=0.7021 train_acc=0.6799 eval_loss=0.7526 eval_acc=0.7025
epoch=69 train_loss=0.6823 train_acc=0.6874 eval_loss=0.7694 eval_acc=0.6734
epoch=70 train_loss=0.6949 train_acc=0.6727 eval_loss=0.7420 eval_acc=0.7225
epoch=71 train_loss=0.6844 train_acc=0.6663 eval_loss=0.7748 eval_acc=0.6734
epoch=72 train_loss=0.6959 train_acc=0.6787 eval_loss=0.7542 eval_acc=0.6947
epoch=73 train_loss=0.6748 train_acc=0.6907 eval_loss=0.7553 eval_acc=0.6969
epoch=74 train_loss=0.6793 train_acc=0.6827 eval_loss=0.7554 eval_acc=0.6869
epoch=75 train_loss=0.6715 train_acc=0.6914 eval_loss=0.7517 eval_acc=0.7025
epoch=76 train_loss=0.6887 train_acc=0.6763 eval_loss=0.7434 eval_acc=0.7225
epoch=77 train_loss=0.6741 train_acc=0.6910 eval_loss=0.7587 eval_acc=0.6791
epoch=78 train_loss=0.6706 train_acc=0.6731 eval_loss=0.7416 eval_acc=0.7225
epoch=79 train_loss=0.6641 train_acc=0.6966 eval_loss=0.7735 eval_acc=0.6912
epoch=80 train_loss=0.6722 train_acc=0.6914 eval_loss=0.7411 eval_acc=0.7047
epoch=81 train_loss=0.6694 train_acc=0.6829 eval_loss=0.7572 eval_acc=0.6891
epoch=82 train_loss=0.6619 train_acc=0.6878 eval_loss=0.7404 eval_acc=0.7069
epoch=83 train_loss=0.6565 train_acc=0.6803 eval_loss=0.7448 eval_acc=0.6969
epoch=84 train_loss=0.6682 train_acc=0.6969 eval_loss=0.7482 eval_acc=0.6969
epoch=85 train_loss=0.6633 train_acc=0.6873 eval_loss=0.7313 eval_acc=0.6969
epoch=86 train_loss=0.6573 train_acc=0.6965 eval_loss=0.7847 eval_acc=0.7225
epoch=87 train_loss=0.6715 train_acc=0.6819 eval_loss=0.7257 eval_acc=0.7247
epoch=88 train_loss=0.6591 train_acc=0.6825 eval_loss=0.8027 eval_acc=0.7069
epoch=89 train_loss=0.6550 train_acc=0.6913 eval_loss=0.7293 eval_acc=0.7247
epoch=90 train_loss=0.6572 train_acc=0.6646 eval_loss=0.7492 eval_acc=0.6969
epoch=91 train_loss=0.6594 train_acc=0.7151 eval_loss=0.7678 eval_acc=0.7069
epoch=92 train_loss=0.6388 train_acc=0.7106 eval_loss=0.7456 eval_acc=0.6991
epoch=93 train_loss=0.6468 train_acc=0.6866 eval_loss=0.7713 eval_acc=0.6991
epoch=94 train_loss=0.6459 train_acc=0.7112 eval_loss=0.7723 eval_acc=0.6991
epoch=95 train_loss=0.6156 train_acc=0.7021 eval_loss=0.7507 eval_acc=0.6891
epoch=96 train_loss=0.6497 train_acc=0.6759 eval_loss=0.7533 eval_acc=0.6891
epoch=97 train_loss=0.6370 train_acc=0.7066 eval_loss=0.7540 eval_acc=0.6912
epoch=98 train_loss=0.6349 train_acc=0.7145 eval_loss=0.7667 eval_acc=0.6991
epoch=99 train_loss=0.6310 train_acc=0.6987 eval_loss=0.7565 eval_acc=0.6891
epoch=100 train_loss=0.6352 train_acc=0.6929 eval_loss=0.7383 eval_acc=0.6991
test_loss=0.6993 test_acc=0.7278
confusion_matrix
tensor([[51,  4,  1,  0],
        [12, 21,  9,  0],
        [ 0,  1, 14,  4],
        [ 0,  0,  2,  3]])
per_class_recall
13: recall=0.9107 (51/56)
13+: recall=0.5000 (21/42)
14: recall=0.7368 (14/19)
14+: recall=0.6000 (3/5)
per_class_precision
13: precision=0.8095 (51/63)
13+: precision=0.8077 (21/26)
14: precision=0.5385 (14/26)
14+: precision=0.4286 (3/7)
predictions_exported=122
predictions_output=experiment_runs/late_fusion_ablation_round/v1_drop_busy_outer_move_p90_ce/predictions_test.csv
misclassified_exported=33
misclassified_output=experiment_runs/late_fusion_ablation_round/v1_drop_busy_outer_move_p90_ce/misclassified_test.csv
saved_model=experiment_runs/late_fusion_ablation_round/v1_drop_busy_outer_move_p90_ce/model.pth
