all total=1212 13=539 13+=386 14=209 14+=78
train total=969 13=427 13+=306 14=169 14+=67
eval total=121 13=56 13+=38 14=21 14+=6
test total=122 13=56 13+=42 14=19 14+=5
probe_preset hybrid_v2_small
probe_features ['busy_density_mean', 'busy_density_p90', 'outer_move_ge_0_25_ratio', 'span_jump_p90', 'slide_conflict_when_busy_ratio', 'rhythm_switch_ratio', 'low_density_rhythm_switch_ratio', 'slide_density_p90', 'slide_outer_move_p90', 'slide_span_p90']
loss_type focal
focal_gamma 2.0
class_weight [0.5673301815986633, 0.7916666865348816, 1.4334319829940796, 3.6156716346740723]
epoch=1 train_loss=0.8294 train_acc=0.2270 eval_loss=0.7490 eval_acc=0.1850
epoch=2 train_loss=0.8132 train_acc=0.1744 eval_loss=0.7385 eval_acc=0.1459
epoch=3 train_loss=0.7920 train_acc=0.1492 eval_loss=0.7285 eval_acc=0.1481
epoch=4 train_loss=0.7762 train_acc=0.1471 eval_loss=0.7160 eval_acc=0.1616
epoch=5 train_loss=0.7547 train_acc=0.1700 eval_loss=0.7023 eval_acc=0.1437
epoch=6 train_loss=0.7522 train_acc=0.1809 eval_loss=0.6885 eval_acc=0.1537
epoch=7 train_loss=0.7172 train_acc=0.2016 eval_loss=0.6730 eval_acc=0.1616
epoch=8 train_loss=0.7097 train_acc=0.2285 eval_loss=0.6566 eval_acc=0.1850
epoch=9 train_loss=0.6846 train_acc=0.2565 eval_loss=0.6390 eval_acc=0.2284
epoch=10 train_loss=0.6710 train_acc=0.2799 eval_loss=0.6215 eval_acc=0.3109
epoch=11 train_loss=0.6386 train_acc=0.3091 eval_loss=0.6023 eval_acc=0.3991
epoch=12 train_loss=0.6200 train_acc=0.3485 eval_loss=0.5812 eval_acc=0.4403
epoch=13 train_loss=0.6067 train_acc=0.3981 eval_loss=0.5599 eval_acc=0.4894
epoch=14 train_loss=0.5966 train_acc=0.3919 eval_loss=0.5422 eval_acc=0.4337
epoch=15 train_loss=0.5630 train_acc=0.4123 eval_loss=0.5252 eval_acc=0.4906
epoch=16 train_loss=0.5608 train_acc=0.4466 eval_loss=0.5090 eval_acc=0.5084
epoch=17 train_loss=0.5517 train_acc=0.4591 eval_loss=0.4927 eval_acc=0.4850
epoch=18 train_loss=0.5169 train_acc=0.4757 eval_loss=0.4760 eval_acc=0.5241
epoch=19 train_loss=0.5015 train_acc=0.4932 eval_loss=0.4603 eval_acc=0.5262
epoch=20 train_loss=0.4977 train_acc=0.5037 eval_loss=0.4455 eval_acc=0.5441
epoch=21 train_loss=0.4896 train_acc=0.4596 eval_loss=0.4354 eval_acc=0.5319
epoch=22 train_loss=0.4642 train_acc=0.5273 eval_loss=0.4280 eval_acc=0.5575
epoch=23 train_loss=0.4513 train_acc=0.5714 eval_loss=0.4147 eval_acc=0.5731
epoch=24 train_loss=0.4543 train_acc=0.5306 eval_loss=0.4047 eval_acc=0.5419
epoch=25 train_loss=0.4362 train_acc=0.5272 eval_loss=0.4045 eval_acc=0.5909
epoch=26 train_loss=0.4104 train_acc=0.5418 eval_loss=0.3935 eval_acc=0.5675
epoch=27 train_loss=0.4284 train_acc=0.5342 eval_loss=0.3877 eval_acc=0.5875
epoch=28 train_loss=0.4098 train_acc=0.5266 eval_loss=0.3889 eval_acc=0.6009
epoch=29 train_loss=0.3956 train_acc=0.5896 eval_loss=0.3834 eval_acc=0.6088
epoch=30 train_loss=0.3941 train_acc=0.5606 eval_loss=0.3701 eval_acc=0.5953
epoch=31 train_loss=0.4064 train_acc=0.5479 eval_loss=0.3721 eval_acc=0.6187
epoch=32 train_loss=0.4022 train_acc=0.5680 eval_loss=0.3725 eval_acc=0.6287
epoch=33 train_loss=0.3888 train_acc=0.5677 eval_loss=0.3621 eval_acc=0.6444
epoch=34 train_loss=0.3896 train_acc=0.5654 eval_loss=0.3624 eval_acc=0.6187
epoch=35 train_loss=0.3777 train_acc=0.5816 eval_loss=0.3544 eval_acc=0.6209
epoch=36 train_loss=0.3919 train_acc=0.5757 eval_loss=0.3545 eval_acc=0.6500
epoch=37 train_loss=0.3696 train_acc=0.5674 eval_loss=0.3492 eval_acc=0.6422
epoch=38 train_loss=0.3713 train_acc=0.5746 eval_loss=0.3446 eval_acc=0.6366
epoch=39 train_loss=0.3540 train_acc=0.5804 eval_loss=0.3472 eval_acc=0.6287
epoch=40 train_loss=0.3633 train_acc=0.5818 eval_loss=0.3388 eval_acc=0.6366
epoch=41 train_loss=0.3580 train_acc=0.5767 eval_loss=0.3344 eval_acc=0.6366
epoch=42 train_loss=0.3505 train_acc=0.6049 eval_loss=0.3461 eval_acc=0.6700
epoch=43 train_loss=0.3405 train_acc=0.6098 eval_loss=0.3250 eval_acc=0.6366
epoch=44 train_loss=0.3531 train_acc=0.5931 eval_loss=0.3282 eval_acc=0.6622
epoch=45 train_loss=0.3488 train_acc=0.6303 eval_loss=0.3312 eval_acc=0.6700
epoch=46 train_loss=0.3437 train_acc=0.5783 eval_loss=0.3171 eval_acc=0.6366
epoch=47 train_loss=0.3436 train_acc=0.5816 eval_loss=0.3326 eval_acc=0.6700
epoch=48 train_loss=0.3414 train_acc=0.6086 eval_loss=0.3225 eval_acc=0.6622
epoch=49 train_loss=0.3282 train_acc=0.5928 eval_loss=0.3174 eval_acc=0.6522
epoch=50 train_loss=0.3332 train_acc=0.6034 eval_loss=0.3212 eval_acc=0.6600
epoch=51 train_loss=0.3150 train_acc=0.6017 eval_loss=0.3180 eval_acc=0.6700
epoch=52 train_loss=0.3156 train_acc=0.5977 eval_loss=0.3184 eval_acc=0.6678
epoch=53 train_loss=0.3131 train_acc=0.6090 eval_loss=0.3233 eval_acc=0.6856
epoch=54 train_loss=0.3103 train_acc=0.6286 eval_loss=0.3169 eval_acc=0.6700
epoch=55 train_loss=0.3147 train_acc=0.5837 eval_loss=0.3108 eval_acc=0.6600
epoch=56 train_loss=0.3216 train_acc=0.5946 eval_loss=0.3172 eval_acc=0.6934
epoch=57 train_loss=0.3048 train_acc=0.6262 eval_loss=0.3215 eval_acc=0.6934
epoch=58 train_loss=0.2980 train_acc=0.6139 eval_loss=0.3165 eval_acc=0.6487
epoch=59 train_loss=0.3070 train_acc=0.5899 eval_loss=0.3086 eval_acc=0.6700
epoch=60 train_loss=0.2917 train_acc=0.6103 eval_loss=0.3203 eval_acc=0.7169
epoch=61 train_loss=0.2871 train_acc=0.6385 eval_loss=0.3049 eval_acc=0.6778
epoch=62 train_loss=0.2992 train_acc=0.6044 eval_loss=0.3066 eval_acc=0.6934
epoch=63 train_loss=0.2912 train_acc=0.6347 eval_loss=0.3088 eval_acc=0.6756
epoch=64 train_loss=0.2852 train_acc=0.6212 eval_loss=0.3062 eval_acc=0.6756
epoch=65 train_loss=0.2750 train_acc=0.6367 eval_loss=0.3057 eval_acc=0.7013
epoch=66 train_loss=0.2881 train_acc=0.6040 eval_loss=0.3026 eval_acc=0.6700
epoch=67 train_loss=0.2878 train_acc=0.6188 eval_loss=0.3060 eval_acc=0.6834
epoch=68 train_loss=0.2874 train_acc=0.6093 eval_loss=0.3103 eval_acc=0.7091
epoch=69 train_loss=0.2686 train_acc=0.6492 eval_loss=0.2981 eval_acc=0.7069
epoch=70 train_loss=0.2766 train_acc=0.6146 eval_loss=0.3011 eval_acc=0.6544
epoch=71 train_loss=0.2878 train_acc=0.6166 eval_loss=0.3015 eval_acc=0.6678
epoch=72 train_loss=0.2673 train_acc=0.6226 eval_loss=0.3081 eval_acc=0.6912
epoch=73 train_loss=0.2817 train_acc=0.6415 eval_loss=0.3160 eval_acc=0.6991
epoch=74 train_loss=0.2765 train_acc=0.6174 eval_loss=0.3068 eval_acc=0.6622
epoch=75 train_loss=0.2779 train_acc=0.6191 eval_loss=0.2956 eval_acc=0.6600
epoch=76 train_loss=0.2727 train_acc=0.6269 eval_loss=0.3200 eval_acc=0.7169
epoch=77 train_loss=0.2639 train_acc=0.6545 eval_loss=0.3163 eval_acc=0.6756
epoch=78 train_loss=0.2588 train_acc=0.6476 eval_loss=0.3042 eval_acc=0.6522
epoch=79 train_loss=0.2622 train_acc=0.6098 eval_loss=0.3120 eval_acc=0.6756
epoch=80 train_loss=0.2549 train_acc=0.6350 eval_loss=0.3076 eval_acc=0.6991
epoch=81 train_loss=0.2606 train_acc=0.6317 eval_loss=0.2960 eval_acc=0.6991
epoch=82 train_loss=0.2564 train_acc=0.6458 eval_loss=0.3175 eval_acc=0.7069
epoch=83 train_loss=0.2531 train_acc=0.6528 eval_loss=0.3081 eval_acc=0.6678
epoch=84 train_loss=0.2549 train_acc=0.6436 eval_loss=0.2990 eval_acc=0.6522
epoch=85 train_loss=0.2478 train_acc=0.6266 eval_loss=0.2931 eval_acc=0.6522
epoch=86 train_loss=0.2472 train_acc=0.6582 eval_loss=0.3321 eval_acc=0.7225
epoch=87 train_loss=0.2563 train_acc=0.6282 eval_loss=0.2906 eval_acc=0.6622
epoch=88 train_loss=0.2340 train_acc=0.6485 eval_loss=0.3318 eval_acc=0.6991
epoch=89 train_loss=0.2598 train_acc=0.6590 eval_loss=0.2919 eval_acc=0.6678
epoch=90 train_loss=0.2376 train_acc=0.6367 eval_loss=0.3174 eval_acc=0.6834
epoch=91 train_loss=0.2423 train_acc=0.6628 eval_loss=0.3032 eval_acc=0.6756
epoch=92 train_loss=0.2323 train_acc=0.6312 eval_loss=0.3114 eval_acc=0.7069
epoch=93 train_loss=0.2396 train_acc=0.6419 eval_loss=0.3121 eval_acc=0.6756
epoch=94 train_loss=0.2424 train_acc=0.6429 eval_loss=0.3091 eval_acc=0.6756
epoch=95 train_loss=0.2452 train_acc=0.6424 eval_loss=0.3074 eval_acc=0.7169
epoch=96 train_loss=0.2373 train_acc=0.6773 eval_loss=0.3272 eval_acc=0.6734
epoch=97 train_loss=0.2454 train_acc=0.6115 eval_loss=0.3042 eval_acc=0.6522
epoch=98 train_loss=0.2294 train_acc=0.6422 eval_loss=0.3243 eval_acc=0.7091
epoch=99 train_loss=0.2304 train_acc=0.6650 eval_loss=0.2937 eval_acc=0.6912
epoch=100 train_loss=0.2387 train_acc=0.6528 eval_loss=0.3314 eval_acc=0.7069
test_loss=0.2772 test_acc=0.6989
confusion_matrix
tensor([[48,  6,  2,  0],
        [10, 20, 12,  0],
        [ 0,  1, 14,  4],
        [ 0,  0,  1,  4]])
per_class_recall
13: recall=0.8571 (48/56)
13+: recall=0.4762 (20/42)
14: recall=0.7368 (14/19)
14+: recall=0.8000 (4/5)
per_class_precision
13: precision=0.8276 (48/58)
13+: precision=0.7407 (20/27)
14: precision=0.4828 (14/29)
14+: precision=0.5000 (4/8)
predictions_exported=122
predictions_output=experiment_runs/late_fusion_technical_small_round/hybrid_v2_small_focal/predictions_test.csv
misclassified_exported=36
misclassified_output=experiment_runs/late_fusion_technical_small_round/hybrid_v2_small_focal/misclassified_test.csv
saved_model=experiment_runs/late_fusion_technical_small_round/hybrid_v2_small_focal/model.pth
