target_mean=13.6896 target_std=0.4823
epoch=1 train_loss=1.0059 train_mae=0.8112 eval_loss=0.9371 eval_mae=0.7938
epoch=2 train_loss=0.9980 train_mae=0.8106 eval_loss=0.9333 eval_mae=0.7946
epoch=3 train_loss=1.0006 train_mae=0.8133 eval_loss=0.9230 eval_mae=0.7883
epoch=4 train_loss=0.9801 train_mae=0.8002 eval_loss=0.9132 eval_mae=0.7833
epoch=5 train_loss=0.9757 train_mae=0.7998 eval_loss=0.9033 eval_mae=0.7795
epoch=6 train_loss=0.9658 train_mae=0.7952 eval_loss=0.8923 eval_mae=0.7751
epoch=7 train_loss=0.9465 train_mae=0.7861 eval_loss=0.8778 eval_mae=0.7691
epoch=8 train_loss=0.9475 train_mae=0.7878 eval_loss=0.8585 eval_mae=0.7606
epoch=9 train_loss=0.9109 train_mae=0.7728 eval_loss=0.8338 eval_mae=0.7494
epoch=10 train_loss=0.8770 train_mae=0.7604 eval_loss=0.7999 eval_mae=0.7336
epoch=11 train_loss=0.8445 train_mae=0.7426 eval_loss=0.7574 eval_mae=0.7132
epoch=12 train_loss=0.8003 train_mae=0.7255 eval_loss=0.7024 eval_mae=0.6866
epoch=13 train_loss=0.7389 train_mae=0.6988 eval_loss=0.6351 eval_mae=0.6526
epoch=14 train_loss=0.6697 train_mae=0.6623 eval_loss=0.5626 eval_mae=0.6119
epoch=15 train_loss=0.6102 train_mae=0.6237 eval_loss=0.4872 eval_mae=0.5692
epoch=16 train_loss=0.5647 train_mae=0.5937 eval_loss=0.4444 eval_mae=0.5335
epoch=17 train_loss=0.4995 train_mae=0.5516 eval_loss=0.3986 eval_mae=0.5059
epoch=18 train_loss=0.4696 train_mae=0.5400 eval_loss=0.3929 eval_mae=0.4975
epoch=19 train_loss=0.4560 train_mae=0.5229 eval_loss=0.3710 eval_mae=0.4841
epoch=20 train_loss=0.4516 train_mae=0.5287 eval_loss=0.3794 eval_mae=0.4898
epoch=21 train_loss=0.4318 train_mae=0.5140 eval_loss=0.3861 eval_mae=0.4926
epoch=22 train_loss=0.4008 train_mae=0.5029 eval_loss=0.3630 eval_mae=0.4784
epoch=23 train_loss=0.3943 train_mae=0.5034 eval_loss=0.3825 eval_mae=0.4878
epoch=24 train_loss=0.3814 train_mae=0.4922 eval_loss=0.3564 eval_mae=0.4727
epoch=25 train_loss=0.3894 train_mae=0.4945 eval_loss=0.3540 eval_mae=0.4696
epoch=26 train_loss=0.3621 train_mae=0.4787 eval_loss=0.3519 eval_mae=0.4686
epoch=27 train_loss=0.3650 train_mae=0.4791 eval_loss=0.3356 eval_mae=0.4581
epoch=28 train_loss=0.3551 train_mae=0.4730 eval_loss=0.3323 eval_mae=0.4574
epoch=29 train_loss=0.3486 train_mae=0.4716 eval_loss=0.3248 eval_mae=0.4530
epoch=30 train_loss=0.3487 train_mae=0.4716 eval_loss=0.3349 eval_mae=0.4615
epoch=31 train_loss=0.3259 train_mae=0.4522 eval_loss=0.3153 eval_mae=0.4486
epoch=32 train_loss=0.3274 train_mae=0.4557 eval_loss=0.3369 eval_mae=0.4632
epoch=33 train_loss=0.3280 train_mae=0.4565 eval_loss=0.3122 eval_mae=0.4465
epoch=34 train_loss=0.3220 train_mae=0.4517 eval_loss=0.3158 eval_mae=0.4481
epoch=35 train_loss=0.3184 train_mae=0.4509 eval_loss=0.3277 eval_mae=0.4567
epoch=36 train_loss=0.3118 train_mae=0.4484 eval_loss=0.2998 eval_mae=0.4332
epoch=37 train_loss=0.3227 train_mae=0.4514 eval_loss=0.3252 eval_mae=0.4544
epoch=38 train_loss=0.3094 train_mae=0.4443 eval_loss=0.2992 eval_mae=0.4346
epoch=39 train_loss=0.3110 train_mae=0.4461 eval_loss=0.3133 eval_mae=0.4455
epoch=40 train_loss=0.3048 train_mae=0.4436 eval_loss=0.3040 eval_mae=0.4381
epoch=41 train_loss=0.2967 train_mae=0.4327 eval_loss=0.3056 eval_mae=0.4387
epoch=42 train_loss=0.3043 train_mae=0.4391 eval_loss=0.3046 eval_mae=0.4376
epoch=43 train_loss=0.2995 train_mae=0.4376 eval_loss=0.2953 eval_mae=0.4304
epoch=44 train_loss=0.2860 train_mae=0.4227 eval_loss=0.3077 eval_mae=0.4394
epoch=45 train_loss=0.2814 train_mae=0.4226 eval_loss=0.2934 eval_mae=0.4282
epoch=46 train_loss=0.2928 train_mae=0.4269 eval_loss=0.2954 eval_mae=0.4299
epoch=47 train_loss=0.2876 train_mae=0.4268 eval_loss=0.3040 eval_mae=0.4357
epoch=48 train_loss=0.2775 train_mae=0.4246 eval_loss=0.2892 eval_mae=0.4245
epoch=49 train_loss=0.2840 train_mae=0.4254 eval_loss=0.3056 eval_mae=0.4356
epoch=50 train_loss=0.2841 train_mae=0.4242 eval_loss=0.2906 eval_mae=0.4246
epoch=51 train_loss=0.2862 train_mae=0.4247 eval_loss=0.2955 eval_mae=0.4271
epoch=52 train_loss=0.2810 train_mae=0.4240 eval_loss=0.2961 eval_mae=0.4274
epoch=53 train_loss=0.2978 train_mae=0.4387 eval_loss=0.2869 eval_mae=0.4212
epoch=54 train_loss=0.2773 train_mae=0.4174 eval_loss=0.3057 eval_mae=0.4340
epoch=55 train_loss=0.2844 train_mae=0.4261 eval_loss=0.2876 eval_mae=0.4231
epoch=56 train_loss=0.2648 train_mae=0.4105 eval_loss=0.3079 eval_mae=0.4349
epoch=57 train_loss=0.2779 train_mae=0.4222 eval_loss=0.2861 eval_mae=0.4208
epoch=58 train_loss=0.2711 train_mae=0.4177 eval_loss=0.2937 eval_mae=0.4248
epoch=59 train_loss=0.2691 train_mae=0.4135 eval_loss=0.2856 eval_mae=0.4189
epoch=60 train_loss=0.2693 train_mae=0.4173 eval_loss=0.2945 eval_mae=0.4250
epoch=61 train_loss=0.2721 train_mae=0.4181 eval_loss=0.2928 eval_mae=0.4239
epoch=62 train_loss=0.2737 train_mae=0.4168 eval_loss=0.2908 eval_mae=0.4231
epoch=63 train_loss=0.2645 train_mae=0.4088 eval_loss=0.2951 eval_mae=0.4255
epoch=64 train_loss=0.2658 train_mae=0.4105 eval_loss=0.2938 eval_mae=0.4249
epoch=65 train_loss=0.2634 train_mae=0.4098 eval_loss=0.2913 eval_mae=0.4230
epoch=66 train_loss=0.2640 train_mae=0.4087 eval_loss=0.2871 eval_mae=0.4199
epoch=67 train_loss=0.2616 train_mae=0.4107 eval_loss=0.2979 eval_mae=0.4268
epoch=68 train_loss=0.2679 train_mae=0.4141 eval_loss=0.2947 eval_mae=0.4252
epoch=69 train_loss=0.2596 train_mae=0.4070 eval_loss=0.2899 eval_mae=0.4221
epoch=70 train_loss=0.2663 train_mae=0.4083 eval_loss=0.2945 eval_mae=0.4247
epoch=71 train_loss=0.2511 train_mae=0.3975 eval_loss=0.2924 eval_mae=0.4231
epoch=72 train_loss=0.2570 train_mae=0.4032 eval_loss=0.2942 eval_mae=0.4239
epoch=73 train_loss=0.2624 train_mae=0.4091 eval_loss=0.2893 eval_mae=0.4204
epoch=74 train_loss=0.2570 train_mae=0.4058 eval_loss=0.2854 eval_mae=0.4169
epoch=75 train_loss=0.2637 train_mae=0.4111 eval_loss=0.2867 eval_mae=0.4184
epoch=76 train_loss=0.2610 train_mae=0.4074 eval_loss=0.2925 eval_mae=0.4232
epoch=77 train_loss=0.2525 train_mae=0.4014 eval_loss=0.2930 eval_mae=0.4240
epoch=78 train_loss=0.2550 train_mae=0.4065 eval_loss=0.2843 eval_mae=0.4189
epoch=79 train_loss=0.2502 train_mae=0.3989 eval_loss=0.2890 eval_mae=0.4212
epoch=80 train_loss=0.2507 train_mae=0.4006 eval_loss=0.2839 eval_mae=0.4177
epoch=81 train_loss=0.2467 train_mae=0.3957 eval_loss=0.2912 eval_mae=0.4220
epoch=82 train_loss=0.2474 train_mae=0.3959 eval_loss=0.2827 eval_mae=0.4157
epoch=83 train_loss=0.2532 train_mae=0.4009 eval_loss=0.2915 eval_mae=0.4211
epoch=84 train_loss=0.2614 train_mae=0.4095 eval_loss=0.2917 eval_mae=0.4221
epoch=85 train_loss=0.2614 train_mae=0.4090 eval_loss=0.2870 eval_mae=0.4206
epoch=86 train_loss=0.2634 train_mae=0.4081 eval_loss=0.3030 eval_mae=0.4305
epoch=87 train_loss=0.2473 train_mae=0.3965 eval_loss=0.2840 eval_mae=0.4200
epoch=88 train_loss=0.2583 train_mae=0.4057 eval_loss=0.3060 eval_mae=0.4328
epoch=89 train_loss=0.2561 train_mae=0.4026 eval_loss=0.2838 eval_mae=0.4177
epoch=90 train_loss=0.2414 train_mae=0.3930 eval_loss=0.2988 eval_mae=0.4268
epoch=91 train_loss=0.2493 train_mae=0.3984 eval_loss=0.2831 eval_mae=0.4154
epoch=92 train_loss=0.2439 train_mae=0.3963 eval_loss=0.2931 eval_mae=0.4214
epoch=93 train_loss=0.2468 train_mae=0.3990 eval_loss=0.2869 eval_mae=0.4166
epoch=94 train_loss=0.2509 train_mae=0.3986 eval_loss=0.2900 eval_mae=0.4182
epoch=95 train_loss=0.2519 train_mae=0.4014 eval_loss=0.2925 eval_mae=0.4211
epoch=96 train_loss=0.2415 train_mae=0.3929 eval_loss=0.2884 eval_mae=0.4195
epoch=97 train_loss=0.2426 train_mae=0.3916 eval_loss=0.2943 eval_mae=0.4221
epoch=98 train_loss=0.2405 train_mae=0.3921 eval_loss=0.2825 eval_mae=0.4142
epoch=99 train_loss=0.2448 train_mae=0.3956 eval_loss=0.2959 eval_mae=0.4219
epoch=100 train_loss=0.2448 train_mae=0.3957 eval_loss=0.2866 eval_mae=0.4164
test_mae=0.1740
test_rmse=0.2254
confusion_matrix
tensor([[50,  6,  0,  0],
        [12, 28,  2,  0],
        [ 0,  8, 11,  0],
        [ 0,  0,  3,  2]])
per_class_recall
13: recall=0.8929 (50/56)
13+: recall=0.6667 (28/42)
14: recall=0.5789 (11/19)
14+: recall=0.4000 (2/5)
per_class_precision
13: precision=0.8065 (50/62)
13+: precision=0.6667 (28/42)
14: precision=0.6875 (11/16)
14+: precision=1.0000 (2/2)
predictions_output=experiment_runs/target_design_v1/regression/regression_predictions_test.csv
saved_model=experiment_runs/target_design_v1/regression/model.pth
