all total=1212 13=539 13+=386 14=209 14+=78
train total=969 13=427 13+=306 14=169 14+=67
eval total=121 13=56 13+=38 14=21 14+=6
test total=122 13=56 13+=42 14=19 14+=5
class_weight [0.5673301815986633, 0.7916666865348816, 1.4334319829940796, 3.6156716346740723]
epoch=1 train_loss=1.3897 train_acc=0.0902 eval_loss=1.3909 eval_acc=0.0512
epoch=2 train_loss=1.3847 train_acc=0.1245 eval_loss=1.3854 eval_acc=0.1494
epoch=3 train_loss=1.3837 train_acc=0.1405 eval_loss=1.3824 eval_acc=0.1316
epoch=4 train_loss=1.3779 train_acc=0.1870 eval_loss=1.3789 eval_acc=0.1572
epoch=5 train_loss=1.3794 train_acc=0.1715 eval_loss=1.3764 eval_acc=0.1706
epoch=6 train_loss=1.3659 train_acc=0.1720 eval_loss=1.3740 eval_acc=0.1259
epoch=7 train_loss=1.3683 train_acc=0.1565 eval_loss=1.3706 eval_acc=0.1003
epoch=8 train_loss=1.3602 train_acc=0.1429 eval_loss=1.3669 eval_acc=0.0947
epoch=9 train_loss=1.3525 train_acc=0.1613 eval_loss=1.3603 eval_acc=0.1572
epoch=10 train_loss=1.3378 train_acc=0.2041 eval_loss=1.3509 eval_acc=0.3712
epoch=11 train_loss=1.3334 train_acc=0.2655 eval_loss=1.3380 eval_acc=0.4481
epoch=12 train_loss=1.3230 train_acc=0.3499 eval_loss=1.3209 eval_acc=0.4794
epoch=13 train_loss=1.3069 train_acc=0.3698 eval_loss=1.3023 eval_acc=0.4872
epoch=14 train_loss=1.2927 train_acc=0.4213 eval_loss=1.2800 eval_acc=0.4984
epoch=15 train_loss=1.2545 train_acc=0.4459 eval_loss=1.2536 eval_acc=0.5084
epoch=16 train_loss=1.2396 train_acc=0.4550 eval_loss=1.2240 eval_acc=0.5219
epoch=17 train_loss=1.1990 train_acc=0.4698 eval_loss=1.1903 eval_acc=0.5219
epoch=18 train_loss=1.1747 train_acc=0.4901 eval_loss=1.1491 eval_acc=0.4984
epoch=19 train_loss=1.1408 train_acc=0.5191 eval_loss=1.1091 eval_acc=0.5241
epoch=20 train_loss=1.0870 train_acc=0.5301 eval_loss=1.0653 eval_acc=0.5397
epoch=21 train_loss=1.0467 train_acc=0.5615 eval_loss=1.0218 eval_acc=0.5909
epoch=22 train_loss=1.0157 train_acc=0.5654 eval_loss=0.9818 eval_acc=0.5931
epoch=23 train_loss=0.9745 train_acc=0.5687 eval_loss=0.9513 eval_acc=0.6187
epoch=24 train_loss=0.9529 train_acc=0.5684 eval_loss=0.9225 eval_acc=0.6187
epoch=25 train_loss=0.9437 train_acc=0.5945 eval_loss=0.9034 eval_acc=0.6109
epoch=26 train_loss=0.9299 train_acc=0.5970 eval_loss=0.8830 eval_acc=0.6600
epoch=27 train_loss=0.8770 train_acc=0.6139 eval_loss=0.8850 eval_acc=0.6031
epoch=28 train_loss=0.8722 train_acc=0.6347 eval_loss=0.8650 eval_acc=0.6678
epoch=29 train_loss=0.8779 train_acc=0.6174 eval_loss=0.8664 eval_acc=0.6622
epoch=30 train_loss=0.8660 train_acc=0.6240 eval_loss=0.8423 eval_acc=0.6856
epoch=31 train_loss=0.8580 train_acc=0.6136 eval_loss=0.8337 eval_acc=0.6722
epoch=32 train_loss=0.8444 train_acc=0.6233 eval_loss=0.8314 eval_acc=0.6522
epoch=33 train_loss=0.8393 train_acc=0.6474 eval_loss=0.8221 eval_acc=0.6700
epoch=34 train_loss=0.8334 train_acc=0.6411 eval_loss=0.8179 eval_acc=0.6800
epoch=35 train_loss=0.8300 train_acc=0.6531 eval_loss=0.8123 eval_acc=0.6700
epoch=36 train_loss=0.8166 train_acc=0.6448 eval_loss=0.8079 eval_acc=0.6622
epoch=37 train_loss=0.8030 train_acc=0.6322 eval_loss=0.8006 eval_acc=0.6622
epoch=38 train_loss=0.8084 train_acc=0.6407 eval_loss=0.8047 eval_acc=0.6600
epoch=39 train_loss=0.7745 train_acc=0.6720 eval_loss=0.7906 eval_acc=0.6878
epoch=40 train_loss=0.7844 train_acc=0.6435 eval_loss=0.7982 eval_acc=0.6834
epoch=41 train_loss=0.7788 train_acc=0.6571 eval_loss=0.7979 eval_acc=0.6912
epoch=42 train_loss=0.7661 train_acc=0.6624 eval_loss=0.7778 eval_acc=0.7091
epoch=43 train_loss=0.7822 train_acc=0.6376 eval_loss=0.7752 eval_acc=0.7191
epoch=44 train_loss=0.7789 train_acc=0.6398 eval_loss=0.7828 eval_acc=0.6991
epoch=45 train_loss=0.7791 train_acc=0.6495 eval_loss=0.7714 eval_acc=0.7191
epoch=46 train_loss=0.7554 train_acc=0.6405 eval_loss=0.7811 eval_acc=0.7169
epoch=47 train_loss=0.7551 train_acc=0.6600 eval_loss=0.7699 eval_acc=0.7425
epoch=48 train_loss=0.7489 train_acc=0.6442 eval_loss=0.7760 eval_acc=0.7169
epoch=49 train_loss=0.7675 train_acc=0.6682 eval_loss=0.7711 eval_acc=0.7169
epoch=50 train_loss=0.7409 train_acc=0.6465 eval_loss=0.7602 eval_acc=0.7191
epoch=51 train_loss=0.7605 train_acc=0.6395 eval_loss=0.7962 eval_acc=0.6912
epoch=52 train_loss=0.7448 train_acc=0.6782 eval_loss=0.7592 eval_acc=0.7447
epoch=53 train_loss=0.7457 train_acc=0.6337 eval_loss=0.7663 eval_acc=0.7425
epoch=54 train_loss=0.7289 train_acc=0.6754 eval_loss=0.7804 eval_acc=0.7169
epoch=55 train_loss=0.7345 train_acc=0.6549 eval_loss=0.7576 eval_acc=0.7347
epoch=56 train_loss=0.7272 train_acc=0.6515 eval_loss=0.7652 eval_acc=0.7503
epoch=57 train_loss=0.7196 train_acc=0.6658 eval_loss=0.7677 eval_acc=0.7503
epoch=58 train_loss=0.7319 train_acc=0.6646 eval_loss=0.7566 eval_acc=0.7425
epoch=59 train_loss=0.6924 train_acc=0.6977 eval_loss=0.7728 eval_acc=0.7169
epoch=60 train_loss=0.7207 train_acc=0.6780 eval_loss=0.7493 eval_acc=0.7347
epoch=61 train_loss=0.7008 train_acc=0.6716 eval_loss=0.7599 eval_acc=0.7347
epoch=62 train_loss=0.7207 train_acc=0.6794 eval_loss=0.7549 eval_acc=0.7347
epoch=63 train_loss=0.7071 train_acc=0.6642 eval_loss=0.7506 eval_acc=0.7269
epoch=64 train_loss=0.7176 train_acc=0.6751 eval_loss=0.7580 eval_acc=0.7269
epoch=65 train_loss=0.7133 train_acc=0.6796 eval_loss=0.7430 eval_acc=0.7369
epoch=66 train_loss=0.7002 train_acc=0.6522 eval_loss=0.7600 eval_acc=0.7191
epoch=67 train_loss=0.6966 train_acc=0.6838 eval_loss=0.7579 eval_acc=0.7191
epoch=68 train_loss=0.6974 train_acc=0.6855 eval_loss=0.7469 eval_acc=0.7191
epoch=69 train_loss=0.7000 train_acc=0.6566 eval_loss=0.7663 eval_acc=0.7191
epoch=70 train_loss=0.6792 train_acc=0.6938 eval_loss=0.7575 eval_acc=0.7191
epoch=71 train_loss=0.7005 train_acc=0.6673 eval_loss=0.7528 eval_acc=0.7269
epoch=72 train_loss=0.6697 train_acc=0.6818 eval_loss=0.7771 eval_acc=0.7013
epoch=73 train_loss=0.6839 train_acc=0.6916 eval_loss=0.7505 eval_acc=0.7269
epoch=74 train_loss=0.6741 train_acc=0.6815 eval_loss=0.7557 eval_acc=0.7269
epoch=75 train_loss=0.6851 train_acc=0.6900 eval_loss=0.7629 eval_acc=0.7191
epoch=76 train_loss=0.6829 train_acc=0.6773 eval_loss=0.7527 eval_acc=0.7269
epoch=77 train_loss=0.6807 train_acc=0.6900 eval_loss=0.7631 eval_acc=0.7347
epoch=78 train_loss=0.6913 train_acc=0.6839 eval_loss=0.7565 eval_acc=0.7269
epoch=79 train_loss=0.6786 train_acc=0.6611 eval_loss=0.7582 eval_acc=0.7191
epoch=80 train_loss=0.6695 train_acc=0.6833 eval_loss=0.7590 eval_acc=0.7191
epoch=81 train_loss=0.6726 train_acc=0.6936 eval_loss=0.7571 eval_acc=0.7112
epoch=82 train_loss=0.6758 train_acc=0.6700 eval_loss=0.7591 eval_acc=0.7191
epoch=83 train_loss=0.6746 train_acc=0.6849 eval_loss=0.7656 eval_acc=0.7269
epoch=84 train_loss=0.6660 train_acc=0.6870 eval_loss=0.7554 eval_acc=0.7112
epoch=85 train_loss=0.6669 train_acc=0.6891 eval_loss=0.7746 eval_acc=0.7269
epoch=86 train_loss=0.6595 train_acc=0.6945 eval_loss=0.7604 eval_acc=0.7191
epoch=87 train_loss=0.6628 train_acc=0.6754 eval_loss=0.7658 eval_acc=0.7191
epoch=88 train_loss=0.6565 train_acc=0.6992 eval_loss=0.7768 eval_acc=0.7112
epoch=89 train_loss=0.6541 train_acc=0.6779 eval_loss=0.7568 eval_acc=0.7212
epoch=90 train_loss=0.6497 train_acc=0.6943 eval_loss=0.7884 eval_acc=0.7034
epoch=91 train_loss=0.6506 train_acc=0.6841 eval_loss=0.7444 eval_acc=0.7212
epoch=92 train_loss=0.6500 train_acc=0.6949 eval_loss=0.7912 eval_acc=0.7112
epoch=93 train_loss=0.6685 train_acc=0.6974 eval_loss=0.7534 eval_acc=0.7212
epoch=94 train_loss=0.6486 train_acc=0.7046 eval_loss=0.7702 eval_acc=0.7191
epoch=95 train_loss=0.6336 train_acc=0.6986 eval_loss=0.7572 eval_acc=0.7112
epoch=96 train_loss=0.6476 train_acc=0.6979 eval_loss=0.7636 eval_acc=0.7112
epoch=97 train_loss=0.6438 train_acc=0.7071 eval_loss=0.7619 eval_acc=0.7191
epoch=98 train_loss=0.6437 train_acc=0.6938 eval_loss=0.7696 eval_acc=0.7291
epoch=99 train_loss=0.6497 train_acc=0.6826 eval_loss=0.7559 eval_acc=0.6956
epoch=100 train_loss=0.6270 train_acc=0.7036 eval_loss=0.7786 eval_acc=0.7191
test_loss=0.7160 test_acc=0.7085
confusion_matrix
tensor([[50,  5,  1,  0],
        [12, 19, 11,  0],
        [ 0,  1, 14,  4],
        [ 0,  0,  1,  4]])
per_class_recall
13: recall=0.8929 (50/56)
13+: recall=0.4524 (19/42)
14: recall=0.7368 (14/19)
14+: recall=0.8000 (4/5)
per_class_precision
13: precision=0.8065 (50/62)
13+: precision=0.7600 (19/25)
14: precision=0.5185 (14/27)
14+: precision=0.5000 (4/8)
misclassified_exported=35
misclassified_output=experiment_runs/target_design_v1/baseline_ce/misclassified_test.csv
saved_model=experiment_runs/target_design_v1/baseline_ce/model.pth
