all total=1212 13=539 13+=386 14=209 14+=78
train total=969 13=427 13+=306 14=169 14+=67
eval total=121 13=56 13+=38 14=21 14+=6
test total=122 13=56 13+=42 14=19 14+=5
probe_preset v2
probe_features ['busy_density_mean', 'busy_density_p90', 'outer_move_ge_0_25_ratio', 'outer_move_ge_0_375_ratio', 'outer_move_p90', 'span_jump_p90', 'span_jump_ge_0_5_ratio', 'slide_conflict_when_busy_ratio', 'busy_outer_move_mean', 'busy_outer_move_p90']
loss_type focal
focal_gamma 2.0
class_weight [0.5673301815986633, 0.7916666865348816, 1.4334319829940796, 3.6156716346740723]
epoch=1 train_loss=0.8331 train_acc=0.2078 eval_loss=0.7474 eval_acc=0.1928
epoch=2 train_loss=0.8189 train_acc=0.1823 eval_loss=0.7410 eval_acc=0.1616
epoch=3 train_loss=0.8018 train_acc=0.1573 eval_loss=0.7352 eval_acc=0.1181
epoch=4 train_loss=0.7932 train_acc=0.1497 eval_loss=0.7266 eval_acc=0.1203
epoch=5 train_loss=0.7738 train_acc=0.1525 eval_loss=0.7172 eval_acc=0.1381
epoch=6 train_loss=0.7663 train_acc=0.1673 eval_loss=0.7076 eval_acc=0.1581
epoch=7 train_loss=0.7374 train_acc=0.1724 eval_loss=0.6964 eval_acc=0.1481
epoch=8 train_loss=0.7337 train_acc=0.1851 eval_loss=0.6840 eval_acc=0.1737
epoch=9 train_loss=0.7076 train_acc=0.2069 eval_loss=0.6700 eval_acc=0.1994
epoch=10 train_loss=0.6999 train_acc=0.2363 eval_loss=0.6557 eval_acc=0.2150
epoch=11 train_loss=0.6698 train_acc=0.2612 eval_loss=0.6393 eval_acc=0.2306
epoch=12 train_loss=0.6497 train_acc=0.3088 eval_loss=0.6207 eval_acc=0.3031
epoch=13 train_loss=0.6380 train_acc=0.3633 eval_loss=0.6005 eval_acc=0.3544
epoch=14 train_loss=0.6254 train_acc=0.3534 eval_loss=0.5831 eval_acc=0.3912
epoch=15 train_loss=0.5963 train_acc=0.3783 eval_loss=0.5646 eval_acc=0.4816
epoch=16 train_loss=0.5861 train_acc=0.4384 eval_loss=0.5467 eval_acc=0.5306
epoch=17 train_loss=0.5742 train_acc=0.4443 eval_loss=0.5284 eval_acc=0.5050
epoch=18 train_loss=0.5421 train_acc=0.4374 eval_loss=0.5089 eval_acc=0.5228
epoch=19 train_loss=0.5150 train_acc=0.4665 eval_loss=0.4904 eval_acc=0.5662
epoch=20 train_loss=0.5113 train_acc=0.4918 eval_loss=0.4731 eval_acc=0.5562
epoch=21 train_loss=0.5005 train_acc=0.4344 eval_loss=0.4600 eval_acc=0.5797
epoch=22 train_loss=0.4699 train_acc=0.5096 eval_loss=0.4527 eval_acc=0.6287
epoch=23 train_loss=0.4581 train_acc=0.5565 eval_loss=0.4342 eval_acc=0.5931
epoch=24 train_loss=0.4678 train_acc=0.5085 eval_loss=0.4230 eval_acc=0.5697
epoch=25 train_loss=0.4457 train_acc=0.5396 eval_loss=0.4277 eval_acc=0.6209
epoch=26 train_loss=0.4141 train_acc=0.5270 eval_loss=0.4112 eval_acc=0.5897
epoch=27 train_loss=0.4290 train_acc=0.5336 eval_loss=0.4064 eval_acc=0.6031
epoch=28 train_loss=0.4116 train_acc=0.5325 eval_loss=0.4108 eval_acc=0.6053
epoch=29 train_loss=0.4021 train_acc=0.5731 eval_loss=0.4000 eval_acc=0.6053
epoch=30 train_loss=0.3948 train_acc=0.5463 eval_loss=0.3842 eval_acc=0.5997
epoch=31 train_loss=0.4042 train_acc=0.5362 eval_loss=0.3883 eval_acc=0.6309
epoch=32 train_loss=0.3983 train_acc=0.5720 eval_loss=0.3866 eval_acc=0.6466
epoch=33 train_loss=0.3929 train_acc=0.5716 eval_loss=0.3735 eval_acc=0.6075
epoch=34 train_loss=0.3858 train_acc=0.5756 eval_loss=0.3758 eval_acc=0.6231
epoch=35 train_loss=0.3774 train_acc=0.5760 eval_loss=0.3663 eval_acc=0.6309
epoch=36 train_loss=0.3914 train_acc=0.5720 eval_loss=0.3663 eval_acc=0.6388
epoch=37 train_loss=0.3724 train_acc=0.5692 eval_loss=0.3601 eval_acc=0.6388
epoch=38 train_loss=0.3735 train_acc=0.5647 eval_loss=0.3542 eval_acc=0.6388
epoch=39 train_loss=0.3539 train_acc=0.5657 eval_loss=0.3586 eval_acc=0.6544
epoch=40 train_loss=0.3644 train_acc=0.5929 eval_loss=0.3503 eval_acc=0.6388
epoch=41 train_loss=0.3623 train_acc=0.5585 eval_loss=0.3456 eval_acc=0.6231
epoch=42 train_loss=0.3537 train_acc=0.6016 eval_loss=0.3607 eval_acc=0.6778
epoch=43 train_loss=0.3416 train_acc=0.6007 eval_loss=0.3330 eval_acc=0.6053
epoch=44 train_loss=0.3558 train_acc=0.5766 eval_loss=0.3413 eval_acc=0.6466
epoch=45 train_loss=0.3522 train_acc=0.6136 eval_loss=0.3454 eval_acc=0.6544
epoch=46 train_loss=0.3402 train_acc=0.5788 eval_loss=0.3257 eval_acc=0.6053
epoch=47 train_loss=0.3449 train_acc=0.5758 eval_loss=0.3463 eval_acc=0.6700
epoch=48 train_loss=0.3474 train_acc=0.6121 eval_loss=0.3338 eval_acc=0.6622
epoch=49 train_loss=0.3335 train_acc=0.6031 eval_loss=0.3270 eval_acc=0.6466
epoch=50 train_loss=0.3389 train_acc=0.5963 eval_loss=0.3346 eval_acc=0.6622
epoch=51 train_loss=0.3211 train_acc=0.5950 eval_loss=0.3288 eval_acc=0.6466
epoch=52 train_loss=0.3227 train_acc=0.5858 eval_loss=0.3292 eval_acc=0.6544
epoch=53 train_loss=0.3233 train_acc=0.6030 eval_loss=0.3374 eval_acc=0.6700
epoch=54 train_loss=0.3199 train_acc=0.6037 eval_loss=0.3263 eval_acc=0.6544
epoch=55 train_loss=0.3192 train_acc=0.5803 eval_loss=0.3221 eval_acc=0.6544
epoch=56 train_loss=0.3258 train_acc=0.5983 eval_loss=0.3272 eval_acc=0.6778
epoch=57 train_loss=0.3085 train_acc=0.6082 eval_loss=0.3307 eval_acc=0.6700
epoch=58 train_loss=0.3026 train_acc=0.6132 eval_loss=0.3299 eval_acc=0.6466
epoch=59 train_loss=0.3139 train_acc=0.5765 eval_loss=0.3179 eval_acc=0.6388
epoch=60 train_loss=0.2996 train_acc=0.6051 eval_loss=0.3319 eval_acc=0.7247
epoch=61 train_loss=0.2937 train_acc=0.6270 eval_loss=0.3181 eval_acc=0.6622
epoch=62 train_loss=0.3082 train_acc=0.5831 eval_loss=0.3175 eval_acc=0.6700
epoch=63 train_loss=0.2986 train_acc=0.6273 eval_loss=0.3255 eval_acc=0.6544
epoch=64 train_loss=0.2907 train_acc=0.6132 eval_loss=0.3143 eval_acc=0.6466
epoch=65 train_loss=0.2781 train_acc=0.6218 eval_loss=0.3198 eval_acc=0.6778
epoch=66 train_loss=0.2992 train_acc=0.5813 eval_loss=0.3133 eval_acc=0.6622
epoch=67 train_loss=0.2989 train_acc=0.6232 eval_loss=0.3197 eval_acc=0.6778
epoch=68 train_loss=0.2956 train_acc=0.6054 eval_loss=0.3235 eval_acc=0.7169
epoch=69 train_loss=0.2780 train_acc=0.6217 eval_loss=0.3099 eval_acc=0.6934
epoch=70 train_loss=0.2817 train_acc=0.6016 eval_loss=0.3163 eval_acc=0.6622
epoch=71 train_loss=0.2967 train_acc=0.6075 eval_loss=0.3195 eval_acc=0.6856
epoch=72 train_loss=0.2753 train_acc=0.6371 eval_loss=0.3247 eval_acc=0.7325
epoch=73 train_loss=0.2851 train_acc=0.6214 eval_loss=0.3344 eval_acc=0.7225
epoch=74 train_loss=0.2915 train_acc=0.6199 eval_loss=0.3289 eval_acc=0.6700
epoch=75 train_loss=0.2797 train_acc=0.6068 eval_loss=0.3141 eval_acc=0.6622
epoch=76 train_loss=0.2790 train_acc=0.6225 eval_loss=0.3402 eval_acc=0.7147
epoch=77 train_loss=0.2729 train_acc=0.6455 eval_loss=0.3358 eval_acc=0.7091
epoch=78 train_loss=0.2742 train_acc=0.6460 eval_loss=0.3204 eval_acc=0.6700
epoch=79 train_loss=0.2749 train_acc=0.5950 eval_loss=0.3308 eval_acc=0.7091
epoch=80 train_loss=0.2694 train_acc=0.6209 eval_loss=0.3283 eval_acc=0.7247
epoch=81 train_loss=0.2693 train_acc=0.6198 eval_loss=0.3081 eval_acc=0.7091
epoch=82 train_loss=0.2683 train_acc=0.6312 eval_loss=0.3333 eval_acc=0.7247
epoch=83 train_loss=0.2654 train_acc=0.6496 eval_loss=0.3223 eval_acc=0.7091
epoch=84 train_loss=0.2633 train_acc=0.6223 eval_loss=0.3096 eval_acc=0.6366
epoch=85 train_loss=0.2532 train_acc=0.6002 eval_loss=0.3108 eval_acc=0.7013
epoch=86 train_loss=0.2543 train_acc=0.6645 eval_loss=0.3398 eval_acc=0.7169
epoch=87 train_loss=0.2646 train_acc=0.6251 eval_loss=0.3039 eval_acc=0.6856
epoch=88 train_loss=0.2464 train_acc=0.6248 eval_loss=0.3412 eval_acc=0.7169
epoch=89 train_loss=0.2659 train_acc=0.6409 eval_loss=0.3045 eval_acc=0.7013
epoch=90 train_loss=0.2519 train_acc=0.6421 eval_loss=0.3361 eval_acc=0.7091
epoch=91 train_loss=0.2485 train_acc=0.6507 eval_loss=0.3168 eval_acc=0.6934
epoch=92 train_loss=0.2485 train_acc=0.6119 eval_loss=0.3242 eval_acc=0.7247
epoch=93 train_loss=0.2466 train_acc=0.6533 eval_loss=0.3332 eval_acc=0.7091
epoch=94 train_loss=0.2581 train_acc=0.6315 eval_loss=0.3198 eval_acc=0.6934
epoch=95 train_loss=0.2525 train_acc=0.6168 eval_loss=0.3210 eval_acc=0.7247
epoch=96 train_loss=0.2445 train_acc=0.6638 eval_loss=0.3500 eval_acc=0.7169
epoch=97 train_loss=0.2497 train_acc=0.6121 eval_loss=0.3120 eval_acc=0.6622
epoch=98 train_loss=0.2382 train_acc=0.6307 eval_loss=0.3480 eval_acc=0.7169
epoch=99 train_loss=0.2404 train_acc=0.6714 eval_loss=0.3036 eval_acc=0.7091
epoch=100 train_loss=0.2494 train_acc=0.6340 eval_loss=0.3595 eval_acc=0.7247
test_loss=0.2686 test_acc=0.7530
confusion_matrix
tensor([[50,  4,  2,  0],
        [10, 25,  7,  0],
        [ 0,  2, 12,  5],
        [ 0,  0,  0,  5]])
per_class_recall
13: recall=0.8929 (50/56)
13+: recall=0.5952 (25/42)
14: recall=0.6316 (12/19)
14+: recall=1.0000 (5/5)
per_class_precision
13: precision=0.8333 (50/60)
13+: precision=0.8065 (25/31)
14: precision=0.5714 (12/21)
14+: precision=0.5000 (5/10)
predictions_exported=122
predictions_output=experiment_runs/late_fusion_round2/late_fusion_v2_focal/predictions_test.csv
misclassified_exported=30
misclassified_output=experiment_runs/late_fusion_round2/late_fusion_v2_focal/misclassified_test.csv
saved_model=experiment_runs/late_fusion_round2/late_fusion_v2_focal/model.pth
