all total=1212 13=539 13+=386 14=209 14+=78
train total=969 13=427 13+=306 14=169 14+=67
eval total=121 13=56 13+=38 14=21 14+=6
test total=122 13=56 13+=42 14=19 14+=5
probe_preset v1
probe_features ['busy_density_mean', 'busy_density_p90', 'outer_move_ge_0_25_ratio', 'slide_conflict_when_busy_ratio', 'busy_outer_move_p90']
loss_type ce
class_weight [0.5673301815986633, 0.7916666865348816, 1.4334319829940796, 3.6156716346740723]
epoch=1 train_loss=1.4012 train_acc=0.1909 eval_loss=1.3870 eval_acc=0.1203
epoch=2 train_loss=1.3815 train_acc=0.1507 eval_loss=1.3775 eval_acc=0.1125
epoch=3 train_loss=1.3643 train_acc=0.1621 eval_loss=1.3684 eval_acc=0.1203
epoch=4 train_loss=1.3514 train_acc=0.1664 eval_loss=1.3593 eval_acc=0.1906
epoch=5 train_loss=1.3431 train_acc=0.1939 eval_loss=1.3508 eval_acc=0.2631
epoch=6 train_loss=1.3263 train_acc=0.2259 eval_loss=1.3414 eval_acc=0.3066
epoch=7 train_loss=1.3210 train_acc=0.2532 eval_loss=1.3314 eval_acc=0.3456
epoch=8 train_loss=1.3010 train_acc=0.3143 eval_loss=1.3208 eval_acc=0.4337
epoch=9 train_loss=1.2901 train_acc=0.3396 eval_loss=1.3092 eval_acc=0.4650
epoch=10 train_loss=1.2722 train_acc=0.3871 eval_loss=1.2957 eval_acc=0.4962
epoch=11 train_loss=1.2624 train_acc=0.4021 eval_loss=1.2804 eval_acc=0.5297
epoch=12 train_loss=1.2482 train_acc=0.4481 eval_loss=1.2641 eval_acc=0.5041
epoch=13 train_loss=1.2151 train_acc=0.4679 eval_loss=1.2436 eval_acc=0.5141
epoch=14 train_loss=1.1940 train_acc=0.4961 eval_loss=1.2210 eval_acc=0.5141
epoch=15 train_loss=1.1712 train_acc=0.5036 eval_loss=1.1969 eval_acc=0.5062
epoch=16 train_loss=1.1536 train_acc=0.4995 eval_loss=1.1685 eval_acc=0.5475
epoch=17 train_loss=1.1372 train_acc=0.5296 eval_loss=1.1401 eval_acc=0.5531
epoch=18 train_loss=1.1071 train_acc=0.5325 eval_loss=1.1110 eval_acc=0.5609
epoch=19 train_loss=1.0758 train_acc=0.5392 eval_loss=1.0811 eval_acc=0.5631
epoch=20 train_loss=1.0505 train_acc=0.5567 eval_loss=1.0498 eval_acc=0.5809
epoch=21 train_loss=1.0054 train_acc=0.5699 eval_loss=1.0198 eval_acc=0.5831
epoch=22 train_loss=0.9971 train_acc=0.5763 eval_loss=0.9924 eval_acc=0.5909
epoch=23 train_loss=0.9653 train_acc=0.5797 eval_loss=0.9662 eval_acc=0.5987
epoch=24 train_loss=0.9611 train_acc=0.5480 eval_loss=0.9462 eval_acc=0.6144
epoch=25 train_loss=0.9168 train_acc=0.5902 eval_loss=0.9361 eval_acc=0.6066
epoch=26 train_loss=0.9173 train_acc=0.6049 eval_loss=0.9167 eval_acc=0.6222
epoch=27 train_loss=0.8948 train_acc=0.5995 eval_loss=0.8919 eval_acc=0.6322
epoch=28 train_loss=0.8828 train_acc=0.6127 eval_loss=0.8915 eval_acc=0.6322
epoch=29 train_loss=0.8740 train_acc=0.6212 eval_loss=0.8844 eval_acc=0.6322
epoch=30 train_loss=0.8392 train_acc=0.6094 eval_loss=0.8672 eval_acc=0.6556
epoch=31 train_loss=0.8464 train_acc=0.6157 eval_loss=0.8707 eval_acc=0.6322
epoch=32 train_loss=0.8286 train_acc=0.6206 eval_loss=0.8561 eval_acc=0.6634
epoch=33 train_loss=0.8500 train_acc=0.6179 eval_loss=0.8390 eval_acc=0.6578
epoch=34 train_loss=0.8133 train_acc=0.6263 eval_loss=0.8541 eval_acc=0.6400
epoch=35 train_loss=0.8341 train_acc=0.6278 eval_loss=0.8402 eval_acc=0.6478
epoch=36 train_loss=0.8212 train_acc=0.6351 eval_loss=0.8365 eval_acc=0.6634
epoch=37 train_loss=0.7869 train_acc=0.6446 eval_loss=0.8213 eval_acc=0.6578
epoch=38 train_loss=0.7950 train_acc=0.6413 eval_loss=0.8204 eval_acc=0.6556
epoch=39 train_loss=0.8049 train_acc=0.6368 eval_loss=0.8249 eval_acc=0.6400
epoch=40 train_loss=0.7997 train_acc=0.6404 eval_loss=0.8157 eval_acc=0.6478
epoch=41 train_loss=0.7736 train_acc=0.6559 eval_loss=0.8118 eval_acc=0.6634
epoch=42 train_loss=0.7791 train_acc=0.6361 eval_loss=0.7990 eval_acc=0.6556
epoch=43 train_loss=0.7645 train_acc=0.6524 eval_loss=0.7986 eval_acc=0.6556
epoch=44 train_loss=0.7613 train_acc=0.6654 eval_loss=0.7989 eval_acc=0.6556
epoch=45 train_loss=0.7747 train_acc=0.6666 eval_loss=0.7958 eval_acc=0.6400
epoch=46 train_loss=0.7557 train_acc=0.6570 eval_loss=0.7968 eval_acc=0.6556
epoch=47 train_loss=0.7494 train_acc=0.6826 eval_loss=0.7861 eval_acc=0.6734
epoch=48 train_loss=0.7823 train_acc=0.6375 eval_loss=0.7745 eval_acc=0.6656
epoch=49 train_loss=0.7556 train_acc=0.6576 eval_loss=0.8024 eval_acc=0.6734
epoch=50 train_loss=0.7375 train_acc=0.6495 eval_loss=0.7709 eval_acc=0.6912
epoch=51 train_loss=0.7366 train_acc=0.6542 eval_loss=0.7887 eval_acc=0.6734
epoch=52 train_loss=0.7466 train_acc=0.6716 eval_loss=0.7757 eval_acc=0.6600
epoch=53 train_loss=0.7402 train_acc=0.6581 eval_loss=0.7775 eval_acc=0.6678
epoch=54 train_loss=0.7327 train_acc=0.6764 eval_loss=0.7854 eval_acc=0.6891
epoch=55 train_loss=0.7341 train_acc=0.6675 eval_loss=0.7651 eval_acc=0.6812
epoch=56 train_loss=0.7343 train_acc=0.6570 eval_loss=0.7711 eval_acc=0.6969
epoch=57 train_loss=0.7204 train_acc=0.7057 eval_loss=0.7885 eval_acc=0.6969
epoch=58 train_loss=0.7360 train_acc=0.6636 eval_loss=0.7610 eval_acc=0.6812
epoch=59 train_loss=0.7097 train_acc=0.6575 eval_loss=0.7827 eval_acc=0.6734
epoch=60 train_loss=0.7102 train_acc=0.6718 eval_loss=0.7647 eval_acc=0.7069
epoch=61 train_loss=0.7254 train_acc=0.6502 eval_loss=0.7594 eval_acc=0.7047
epoch=62 train_loss=0.7211 train_acc=0.6827 eval_loss=0.7801 eval_acc=0.7069
epoch=63 train_loss=0.7138 train_acc=0.6766 eval_loss=0.7638 eval_acc=0.7047
epoch=64 train_loss=0.7080 train_acc=0.6808 eval_loss=0.7777 eval_acc=0.6812
epoch=65 train_loss=0.7100 train_acc=0.6676 eval_loss=0.7612 eval_acc=0.7069
epoch=66 train_loss=0.7225 train_acc=0.6561 eval_loss=0.7683 eval_acc=0.6912
epoch=67 train_loss=0.7011 train_acc=0.7042 eval_loss=0.7657 eval_acc=0.6991
epoch=68 train_loss=0.7123 train_acc=0.6752 eval_loss=0.7593 eval_acc=0.7047
epoch=69 train_loss=0.6965 train_acc=0.6908 eval_loss=0.7745 eval_acc=0.6834
epoch=70 train_loss=0.7022 train_acc=0.6630 eval_loss=0.7500 eval_acc=0.7069
epoch=71 train_loss=0.6863 train_acc=0.6647 eval_loss=0.7778 eval_acc=0.6834
epoch=72 train_loss=0.7008 train_acc=0.6771 eval_loss=0.7655 eval_acc=0.7069
epoch=73 train_loss=0.6815 train_acc=0.6930 eval_loss=0.7597 eval_acc=0.7069
epoch=74 train_loss=0.6824 train_acc=0.6668 eval_loss=0.7649 eval_acc=0.6912
epoch=75 train_loss=0.6790 train_acc=0.6967 eval_loss=0.7599 eval_acc=0.6969
epoch=76 train_loss=0.6939 train_acc=0.6698 eval_loss=0.7515 eval_acc=0.7147
epoch=77 train_loss=0.6821 train_acc=0.6900 eval_loss=0.7664 eval_acc=0.6991
epoch=78 train_loss=0.6885 train_acc=0.6716 eval_loss=0.7499 eval_acc=0.7147
epoch=79 train_loss=0.6721 train_acc=0.6889 eval_loss=0.7838 eval_acc=0.6934
epoch=80 train_loss=0.6758 train_acc=0.7029 eval_loss=0.7520 eval_acc=0.7147
epoch=81 train_loss=0.6749 train_acc=0.6810 eval_loss=0.7639 eval_acc=0.6912
epoch=82 train_loss=0.6750 train_acc=0.6856 eval_loss=0.7526 eval_acc=0.6991
epoch=83 train_loss=0.6565 train_acc=0.6824 eval_loss=0.7572 eval_acc=0.6912
epoch=84 train_loss=0.6715 train_acc=0.6949 eval_loss=0.7592 eval_acc=0.6912
epoch=85 train_loss=0.6697 train_acc=0.6812 eval_loss=0.7452 eval_acc=0.7069
epoch=86 train_loss=0.6640 train_acc=0.6990 eval_loss=0.7918 eval_acc=0.7013
epoch=87 train_loss=0.6792 train_acc=0.6746 eval_loss=0.7428 eval_acc=0.7269
epoch=88 train_loss=0.6661 train_acc=0.6758 eval_loss=0.8110 eval_acc=0.6991
epoch=89 train_loss=0.6656 train_acc=0.6947 eval_loss=0.7448 eval_acc=0.7169
epoch=90 train_loss=0.6703 train_acc=0.6553 eval_loss=0.7543 eval_acc=0.6991
epoch=91 train_loss=0.6707 train_acc=0.7006 eval_loss=0.7816 eval_acc=0.7013
epoch=92 train_loss=0.6449 train_acc=0.6988 eval_loss=0.7547 eval_acc=0.6912
epoch=93 train_loss=0.6573 train_acc=0.6872 eval_loss=0.7797 eval_acc=0.7013
epoch=94 train_loss=0.6532 train_acc=0.7080 eval_loss=0.7777 eval_acc=0.7013
epoch=95 train_loss=0.6186 train_acc=0.7008 eval_loss=0.7578 eval_acc=0.6912
epoch=96 train_loss=0.6590 train_acc=0.6785 eval_loss=0.7574 eval_acc=0.7013
epoch=97 train_loss=0.6394 train_acc=0.6983 eval_loss=0.7591 eval_acc=0.7013
epoch=98 train_loss=0.6470 train_acc=0.7049 eval_loss=0.7703 eval_acc=0.6934
epoch=99 train_loss=0.6376 train_acc=0.6937 eval_loss=0.7657 eval_acc=0.7013
epoch=100 train_loss=0.6339 train_acc=0.6990 eval_loss=0.7484 eval_acc=0.7112
test_loss=0.7024 test_acc=0.7260
confusion_matrix
tensor([[50,  4,  2,  0],
        [11, 22,  9,  0],
        [ 0,  1, 14,  4],
        [ 0,  0,  2,  3]])
per_class_recall
13: recall=0.8929 (50/56)
13+: recall=0.5238 (22/42)
14: recall=0.7368 (14/19)
14+: recall=0.6000 (3/5)
per_class_precision
13: precision=0.8197 (50/61)
13+: precision=0.8148 (22/27)
14: precision=0.5185 (14/27)
14+: precision=0.4286 (3/7)
predictions_exported=122
predictions_output=experiment_runs/late_fusion_ablation_round/v1_drop_span_jump_p90_ce/predictions_test.csv
misclassified_exported=33
misclassified_output=experiment_runs/late_fusion_ablation_round/v1_drop_span_jump_p90_ce/misclassified_test.csv
saved_model=experiment_runs/late_fusion_ablation_round/v1_drop_span_jump_p90_ce/model.pth
