all total=1212 13=539 13+=386 14=209 14+=78
train total=969 13=427 13+=306 14=169 14+=67
eval total=121 13=56 13+=38 14=21 14+=6
test total=122 13=56 13+=42 14=19 14+=5
probe_preset v2
probe_features ['busy_density_mean', 'busy_density_p90', 'outer_move_ge_0_25_ratio', 'outer_move_ge_0_375_ratio', 'outer_move_p90', 'span_jump_p90', 'span_jump_ge_0_5_ratio', 'slide_conflict_when_busy_ratio', 'busy_outer_move_mean', 'busy_outer_move_p90']
loss_type ce
class_weight [0.5673301815986633, 0.7916666865348816, 1.4334319829940796, 3.6156716346740723]
epoch=1 train_loss=1.3767 train_acc=0.2317 eval_loss=1.3679 eval_acc=0.2775
epoch=2 train_loss=1.3661 train_acc=0.2434 eval_loss=1.3605 eval_acc=0.2150
epoch=3 train_loss=1.3461 train_acc=0.2259 eval_loss=1.3533 eval_acc=0.2150
epoch=4 train_loss=1.3305 train_acc=0.2574 eval_loss=1.3434 eval_acc=0.2697
epoch=5 train_loss=1.3119 train_acc=0.3149 eval_loss=1.3321 eval_acc=0.3478
epoch=6 train_loss=1.3020 train_acc=0.3419 eval_loss=1.3201 eval_acc=0.3969
epoch=7 train_loss=1.2778 train_acc=0.3863 eval_loss=1.3066 eval_acc=0.4237
epoch=8 train_loss=1.2654 train_acc=0.3903 eval_loss=1.2915 eval_acc=0.4316
epoch=9 train_loss=1.2441 train_acc=0.4357 eval_loss=1.2732 eval_acc=0.4850
epoch=10 train_loss=1.2291 train_acc=0.4563 eval_loss=1.2533 eval_acc=0.4928
epoch=11 train_loss=1.1957 train_acc=0.4874 eval_loss=1.2301 eval_acc=0.5219
epoch=12 train_loss=1.1685 train_acc=0.5086 eval_loss=1.2030 eval_acc=0.5162
epoch=13 train_loss=1.1472 train_acc=0.4864 eval_loss=1.1728 eval_acc=0.5241
epoch=14 train_loss=1.1357 train_acc=0.5163 eval_loss=1.1486 eval_acc=0.4962
epoch=15 train_loss=1.1007 train_acc=0.5123 eval_loss=1.1189 eval_acc=0.5619
epoch=16 train_loss=1.0927 train_acc=0.5396 eval_loss=1.0902 eval_acc=0.5497
epoch=17 train_loss=1.0657 train_acc=0.5211 eval_loss=1.0634 eval_acc=0.5575
epoch=18 train_loss=1.0282 train_acc=0.5602 eval_loss=1.0336 eval_acc=0.5853
epoch=19 train_loss=0.9928 train_acc=0.5815 eval_loss=1.0069 eval_acc=0.6031
epoch=20 train_loss=0.9789 train_acc=0.5753 eval_loss=0.9834 eval_acc=0.6031
epoch=21 train_loss=0.9683 train_acc=0.5518 eval_loss=0.9654 eval_acc=0.6187
epoch=22 train_loss=0.9314 train_acc=0.5891 eval_loss=0.9514 eval_acc=0.6344
epoch=23 train_loss=0.9066 train_acc=0.6232 eval_loss=0.9261 eval_acc=0.6544
epoch=24 train_loss=0.9114 train_acc=0.5941 eval_loss=0.9119 eval_acc=0.6444
epoch=25 train_loss=0.8886 train_acc=0.6347 eval_loss=0.9146 eval_acc=0.6322
epoch=26 train_loss=0.8587 train_acc=0.5917 eval_loss=0.8908 eval_acc=0.6722
epoch=27 train_loss=0.8661 train_acc=0.5996 eval_loss=0.8873 eval_acc=0.6544
epoch=28 train_loss=0.8466 train_acc=0.6220 eval_loss=0.8928 eval_acc=0.6422
epoch=29 train_loss=0.8335 train_acc=0.6313 eval_loss=0.8732 eval_acc=0.6622
epoch=30 train_loss=0.8231 train_acc=0.6072 eval_loss=0.8600 eval_acc=0.6800
epoch=31 train_loss=0.8341 train_acc=0.6088 eval_loss=0.8713 eval_acc=0.6678
epoch=32 train_loss=0.8240 train_acc=0.6405 eval_loss=0.8581 eval_acc=0.6678
epoch=33 train_loss=0.8202 train_acc=0.6348 eval_loss=0.8514 eval_acc=0.6678
epoch=34 train_loss=0.8115 train_acc=0.6518 eval_loss=0.8522 eval_acc=0.6678
epoch=35 train_loss=0.8022 train_acc=0.6458 eval_loss=0.8348 eval_acc=0.7034
epoch=36 train_loss=0.8125 train_acc=0.6379 eval_loss=0.8486 eval_acc=0.6578
epoch=37 train_loss=0.7902 train_acc=0.6442 eval_loss=0.8337 eval_acc=0.6734
epoch=38 train_loss=0.7911 train_acc=0.6209 eval_loss=0.8255 eval_acc=0.6934
epoch=39 train_loss=0.7734 train_acc=0.6555 eval_loss=0.8377 eval_acc=0.6812
epoch=40 train_loss=0.7786 train_acc=0.6466 eval_loss=0.8193 eval_acc=0.6834
epoch=41 train_loss=0.7816 train_acc=0.6303 eval_loss=0.8174 eval_acc=0.6656
epoch=42 train_loss=0.7684 train_acc=0.6698 eval_loss=0.8378 eval_acc=0.6969
epoch=43 train_loss=0.7515 train_acc=0.6670 eval_loss=0.8044 eval_acc=0.6422
epoch=44 train_loss=0.7743 train_acc=0.6406 eval_loss=0.8122 eval_acc=0.6713
epoch=45 train_loss=0.7619 train_acc=0.6684 eval_loss=0.8176 eval_acc=0.6713
epoch=46 train_loss=0.7476 train_acc=0.6512 eval_loss=0.7964 eval_acc=0.6678
epoch=47 train_loss=0.7505 train_acc=0.6516 eval_loss=0.8219 eval_acc=0.6791
epoch=48 train_loss=0.7524 train_acc=0.6636 eval_loss=0.8016 eval_acc=0.6634
epoch=49 train_loss=0.7401 train_acc=0.6460 eval_loss=0.8002 eval_acc=0.6634
epoch=50 train_loss=0.7440 train_acc=0.6692 eval_loss=0.8081 eval_acc=0.6812
epoch=51 train_loss=0.7223 train_acc=0.6763 eval_loss=0.7973 eval_acc=0.6834
epoch=52 train_loss=0.7297 train_acc=0.6574 eval_loss=0.7973 eval_acc=0.6634
epoch=53 train_loss=0.7289 train_acc=0.6605 eval_loss=0.8070 eval_acc=0.6791
epoch=54 train_loss=0.7287 train_acc=0.6643 eval_loss=0.7920 eval_acc=0.6812
epoch=55 train_loss=0.7269 train_acc=0.6559 eval_loss=0.7940 eval_acc=0.6791
epoch=56 train_loss=0.7379 train_acc=0.6698 eval_loss=0.7961 eval_acc=0.6634
epoch=57 train_loss=0.7145 train_acc=0.6653 eval_loss=0.7953 eval_acc=0.6634
epoch=58 train_loss=0.7026 train_acc=0.6754 eval_loss=0.8046 eval_acc=0.6634
epoch=59 train_loss=0.7118 train_acc=0.6762 eval_loss=0.7871 eval_acc=0.6713
epoch=60 train_loss=0.6965 train_acc=0.6704 eval_loss=0.8014 eval_acc=0.6713
epoch=61 train_loss=0.6905 train_acc=0.6847 eval_loss=0.7863 eval_acc=0.6812
epoch=62 train_loss=0.7068 train_acc=0.6755 eval_loss=0.7906 eval_acc=0.6812
epoch=63 train_loss=0.6898 train_acc=0.6837 eval_loss=0.7931 eval_acc=0.6812
epoch=64 train_loss=0.6897 train_acc=0.6890 eval_loss=0.7804 eval_acc=0.6791
epoch=65 train_loss=0.6695 train_acc=0.6925 eval_loss=0.7912 eval_acc=0.6791
epoch=66 train_loss=0.6939 train_acc=0.6707 eval_loss=0.7774 eval_acc=0.6791
epoch=67 train_loss=0.6908 train_acc=0.6991 eval_loss=0.7904 eval_acc=0.6891
epoch=68 train_loss=0.6852 train_acc=0.6788 eval_loss=0.7883 eval_acc=0.6713
epoch=69 train_loss=0.6711 train_acc=0.6890 eval_loss=0.7751 eval_acc=0.6713
epoch=70 train_loss=0.6749 train_acc=0.6969 eval_loss=0.7848 eval_acc=0.6891
epoch=71 train_loss=0.6904 train_acc=0.6842 eval_loss=0.7889 eval_acc=0.6891
epoch=72 train_loss=0.6703 train_acc=0.6915 eval_loss=0.7823 eval_acc=0.6869
epoch=73 train_loss=0.6796 train_acc=0.6817 eval_loss=0.8063 eval_acc=0.7047
epoch=74 train_loss=0.6850 train_acc=0.6829 eval_loss=0.7960 eval_acc=0.7225
epoch=75 train_loss=0.6705 train_acc=0.7068 eval_loss=0.7776 eval_acc=0.6556
epoch=76 train_loss=0.6759 train_acc=0.6803 eval_loss=0.8090 eval_acc=0.7047
epoch=77 train_loss=0.6627 train_acc=0.6927 eval_loss=0.7972 eval_acc=0.7047
epoch=78 train_loss=0.6670 train_acc=0.6887 eval_loss=0.7885 eval_acc=0.7147
epoch=79 train_loss=0.6632 train_acc=0.6883 eval_loss=0.7894 eval_acc=0.7225
epoch=80 train_loss=0.6589 train_acc=0.6841 eval_loss=0.8035 eval_acc=0.7147
epoch=81 train_loss=0.6595 train_acc=0.6762 eval_loss=0.7765 eval_acc=0.6969
epoch=82 train_loss=0.6597 train_acc=0.6866 eval_loss=0.7956 eval_acc=0.7147
epoch=83 train_loss=0.6538 train_acc=0.6969 eval_loss=0.7916 eval_acc=0.7147
epoch=84 train_loss=0.6471 train_acc=0.6802 eval_loss=0.7833 eval_acc=0.7247
epoch=85 train_loss=0.6451 train_acc=0.6899 eval_loss=0.7776 eval_acc=0.7047
epoch=86 train_loss=0.6406 train_acc=0.7071 eval_loss=0.8069 eval_acc=0.7125
epoch=87 train_loss=0.6610 train_acc=0.6939 eval_loss=0.7700 eval_acc=0.6934
epoch=88 train_loss=0.6232 train_acc=0.7107 eval_loss=0.8149 eval_acc=0.7125
epoch=89 train_loss=0.6620 train_acc=0.6904 eval_loss=0.7613 eval_acc=0.7091
epoch=90 train_loss=0.6399 train_acc=0.6916 eval_loss=0.8019 eval_acc=0.7381
epoch=91 train_loss=0.6232 train_acc=0.7047 eval_loss=0.7798 eval_acc=0.7247
epoch=92 train_loss=0.6404 train_acc=0.6754 eval_loss=0.7868 eval_acc=0.7225
epoch=93 train_loss=0.6285 train_acc=0.6979 eval_loss=0.7954 eval_acc=0.7125
epoch=94 train_loss=0.6456 train_acc=0.6914 eval_loss=0.7820 eval_acc=0.7247
epoch=95 train_loss=0.6319 train_acc=0.6931 eval_loss=0.7851 eval_acc=0.7225
epoch=96 train_loss=0.6123 train_acc=0.7255 eval_loss=0.8055 eval_acc=0.7225
epoch=97 train_loss=0.6289 train_acc=0.6916 eval_loss=0.7778 eval_acc=0.7247
epoch=98 train_loss=0.6176 train_acc=0.7040 eval_loss=0.8043 eval_acc=0.7125
epoch=99 train_loss=0.6219 train_acc=0.7018 eval_loss=0.7660 eval_acc=0.7147
epoch=100 train_loss=0.6284 train_acc=0.6993 eval_loss=0.8296 eval_acc=0.7047
test_loss=0.7051 test_acc=0.7025
confusion_matrix
tensor([[50,  4,  2,  0],
        [14, 20,  8,  0],
        [ 0,  2, 12,  5],
        [ 0,  0,  1,  4]])
per_class_recall
13: recall=0.8929 (50/56)
13+: recall=0.4762 (20/42)
14: recall=0.6316 (12/19)
14+: recall=0.8000 (4/5)
per_class_precision
13: precision=0.7812 (50/64)
13+: precision=0.7692 (20/26)
14: precision=0.5217 (12/23)
14+: precision=0.4444 (4/9)
predictions_exported=122
predictions_output=experiment_runs/late_fusion_round2/late_fusion_v2_ce/predictions_test.csv
misclassified_exported=36
misclassified_output=experiment_runs/late_fusion_round2/late_fusion_v2_ce/misclassified_test.csv
saved_model=experiment_runs/late_fusion_round2/late_fusion_v2_ce/model.pth
