all total=1212 13=539 13+=386 14=209 14+=78
train total=969 13=427 13+=306 14=169 14+=67
eval total=121 13=56 13+=38 14=21 14+=6
test total=122 13=56 13+=42 14=19 14+=5
probe_preset hybrid_v1
probe_features ['busy_density_mean', 'busy_density_p90', 'outer_move_ge_0_25_ratio', 'span_jump_p90', 'slide_conflict_when_busy_ratio', 'busy_outer_move_p90', 'rhythm_switch_ratio', 'low_density_rhythm_switch_ratio', 'slide_density_p90', 'slide_outer_move_p90', 'slide_span_p90', 'slide_conflict_active_ratio']
loss_type focal
focal_gamma 2.0
class_weight [0.5673301815986633, 0.7916666865348816, 1.4334319829940796, 3.6156716346740723]
epoch=1 train_loss=0.8423 train_acc=0.1893 eval_loss=0.7554 eval_acc=0.1459
epoch=2 train_loss=0.8217 train_acc=0.1898 eval_loss=0.7410 eval_acc=0.1325
epoch=3 train_loss=0.8014 train_acc=0.1620 eval_loss=0.7271 eval_acc=0.1481
epoch=4 train_loss=0.7868 train_acc=0.1735 eval_loss=0.7153 eval_acc=0.1559
epoch=5 train_loss=0.7663 train_acc=0.1645 eval_loss=0.7038 eval_acc=0.1437
epoch=6 train_loss=0.7518 train_acc=0.1580 eval_loss=0.6911 eval_acc=0.1772
epoch=7 train_loss=0.7330 train_acc=0.1708 eval_loss=0.6770 eval_acc=0.1928
epoch=8 train_loss=0.7160 train_acc=0.1915 eval_loss=0.6605 eval_acc=0.2575
epoch=9 train_loss=0.6918 train_acc=0.2299 eval_loss=0.6430 eval_acc=0.2987
epoch=10 train_loss=0.6746 train_acc=0.2767 eval_loss=0.6256 eval_acc=0.3300
epoch=11 train_loss=0.6506 train_acc=0.3189 eval_loss=0.6081 eval_acc=0.3891
epoch=12 train_loss=0.6379 train_acc=0.3156 eval_loss=0.5921 eval_acc=0.4025
epoch=13 train_loss=0.6089 train_acc=0.3632 eval_loss=0.5738 eval_acc=0.4281
epoch=14 train_loss=0.6075 train_acc=0.3819 eval_loss=0.5562 eval_acc=0.4637
epoch=15 train_loss=0.5687 train_acc=0.3902 eval_loss=0.5408 eval_acc=0.4794
epoch=16 train_loss=0.5592 train_acc=0.4338 eval_loss=0.5292 eval_acc=0.4516
epoch=17 train_loss=0.5532 train_acc=0.4175 eval_loss=0.5152 eval_acc=0.4872
epoch=18 train_loss=0.5171 train_acc=0.4844 eval_loss=0.5005 eval_acc=0.4950
epoch=19 train_loss=0.5174 train_acc=0.4706 eval_loss=0.4840 eval_acc=0.5284
epoch=20 train_loss=0.4963 train_acc=0.4708 eval_loss=0.4707 eval_acc=0.5541
epoch=21 train_loss=0.4696 train_acc=0.4850 eval_loss=0.4582 eval_acc=0.5619
epoch=22 train_loss=0.4845 train_acc=0.4924 eval_loss=0.4446 eval_acc=0.5575
epoch=23 train_loss=0.4644 train_acc=0.4961 eval_loss=0.4302 eval_acc=0.5675
epoch=24 train_loss=0.4542 train_acc=0.5259 eval_loss=0.4183 eval_acc=0.5775
epoch=25 train_loss=0.4568 train_acc=0.5226 eval_loss=0.4098 eval_acc=0.5597
epoch=26 train_loss=0.4282 train_acc=0.5256 eval_loss=0.4030 eval_acc=0.5619
epoch=27 train_loss=0.4301 train_acc=0.5712 eval_loss=0.3999 eval_acc=0.5697
epoch=28 train_loss=0.4085 train_acc=0.5532 eval_loss=0.3884 eval_acc=0.5797
epoch=29 train_loss=0.4088 train_acc=0.5445 eval_loss=0.3820 eval_acc=0.5975
epoch=30 train_loss=0.4022 train_acc=0.5598 eval_loss=0.3812 eval_acc=0.6109
epoch=31 train_loss=0.4080 train_acc=0.5538 eval_loss=0.3696 eval_acc=0.6053
epoch=32 train_loss=0.3796 train_acc=0.5459 eval_loss=0.3625 eval_acc=0.6131
epoch=33 train_loss=0.3908 train_acc=0.5623 eval_loss=0.3664 eval_acc=0.6366
epoch=34 train_loss=0.3974 train_acc=0.5831 eval_loss=0.3565 eval_acc=0.6466
epoch=35 train_loss=0.3623 train_acc=0.5811 eval_loss=0.3565 eval_acc=0.6544
epoch=36 train_loss=0.3691 train_acc=0.5704 eval_loss=0.3458 eval_acc=0.6209
epoch=37 train_loss=0.3550 train_acc=0.5706 eval_loss=0.3431 eval_acc=0.6388
epoch=38 train_loss=0.3617 train_acc=0.6007 eval_loss=0.3467 eval_acc=0.6444
epoch=39 train_loss=0.3760 train_acc=0.5643 eval_loss=0.3354 eval_acc=0.6388
epoch=40 train_loss=0.3463 train_acc=0.5720 eval_loss=0.3380 eval_acc=0.6544
epoch=41 train_loss=0.3592 train_acc=0.5921 eval_loss=0.3363 eval_acc=0.6466
epoch=42 train_loss=0.3438 train_acc=0.5924 eval_loss=0.3353 eval_acc=0.6544
epoch=43 train_loss=0.3345 train_acc=0.6193 eval_loss=0.3390 eval_acc=0.6700
epoch=44 train_loss=0.3531 train_acc=0.6128 eval_loss=0.3252 eval_acc=0.6275
epoch=45 train_loss=0.3592 train_acc=0.5370 eval_loss=0.3226 eval_acc=0.6353
epoch=46 train_loss=0.3538 train_acc=0.5860 eval_loss=0.3378 eval_acc=0.6778
epoch=47 train_loss=0.3412 train_acc=0.6201 eval_loss=0.3185 eval_acc=0.6175
epoch=48 train_loss=0.3328 train_acc=0.5609 eval_loss=0.3177 eval_acc=0.6331
epoch=49 train_loss=0.3355 train_acc=0.5828 eval_loss=0.3267 eval_acc=0.6778
epoch=50 train_loss=0.3250 train_acc=0.6216 eval_loss=0.3136 eval_acc=0.6509
epoch=51 train_loss=0.3204 train_acc=0.5820 eval_loss=0.3141 eval_acc=0.6822
epoch=52 train_loss=0.3459 train_acc=0.6261 eval_loss=0.3278 eval_acc=0.6878
epoch=53 train_loss=0.3089 train_acc=0.5971 eval_loss=0.3080 eval_acc=0.6331
epoch=54 train_loss=0.3140 train_acc=0.5600 eval_loss=0.3084 eval_acc=0.6487
epoch=55 train_loss=0.3013 train_acc=0.6034 eval_loss=0.3180 eval_acc=0.6722
epoch=56 train_loss=0.3282 train_acc=0.6244 eval_loss=0.3065 eval_acc=0.6722
epoch=57 train_loss=0.3054 train_acc=0.6029 eval_loss=0.3042 eval_acc=0.6644
epoch=58 train_loss=0.3218 train_acc=0.5890 eval_loss=0.3052 eval_acc=0.6722
epoch=59 train_loss=0.3030 train_acc=0.6233 eval_loss=0.3068 eval_acc=0.6722
epoch=60 train_loss=0.2969 train_acc=0.5978 eval_loss=0.2977 eval_acc=0.6878
epoch=61 train_loss=0.2963 train_acc=0.5999 eval_loss=0.2979 eval_acc=0.6722
epoch=62 train_loss=0.3049 train_acc=0.6001 eval_loss=0.3002 eval_acc=0.6934
epoch=63 train_loss=0.3023 train_acc=0.6183 eval_loss=0.2937 eval_acc=0.6800
epoch=64 train_loss=0.2994 train_acc=0.6048 eval_loss=0.2937 eval_acc=0.6778
epoch=65 train_loss=0.2977 train_acc=0.6206 eval_loss=0.2951 eval_acc=0.6700
epoch=66 train_loss=0.2867 train_acc=0.6200 eval_loss=0.2919 eval_acc=0.6800
epoch=67 train_loss=0.3043 train_acc=0.6074 eval_loss=0.2890 eval_acc=0.6900
epoch=68 train_loss=0.2823 train_acc=0.6270 eval_loss=0.2939 eval_acc=0.6700
epoch=69 train_loss=0.2834 train_acc=0.6300 eval_loss=0.2906 eval_acc=0.6778
epoch=70 train_loss=0.2847 train_acc=0.6150 eval_loss=0.2881 eval_acc=0.6900
epoch=71 train_loss=0.2783 train_acc=0.6292 eval_loss=0.2935 eval_acc=0.6700
epoch=72 train_loss=0.2798 train_acc=0.6327 eval_loss=0.2913 eval_acc=0.6722
epoch=73 train_loss=0.2755 train_acc=0.5955 eval_loss=0.2866 eval_acc=0.6800
epoch=74 train_loss=0.2790 train_acc=0.6169 eval_loss=0.2870 eval_acc=0.6778
epoch=75 train_loss=0.2796 train_acc=0.6338 eval_loss=0.2862 eval_acc=0.6856
epoch=76 train_loss=0.2861 train_acc=0.6327 eval_loss=0.2872 eval_acc=0.6800
epoch=77 train_loss=0.2725 train_acc=0.6221 eval_loss=0.2861 eval_acc=0.6800
epoch=78 train_loss=0.2691 train_acc=0.6244 eval_loss=0.2835 eval_acc=0.7091
epoch=79 train_loss=0.2748 train_acc=0.6473 eval_loss=0.2920 eval_acc=0.7091
epoch=80 train_loss=0.2774 train_acc=0.6193 eval_loss=0.2819 eval_acc=0.6822
epoch=81 train_loss=0.2639 train_acc=0.6119 eval_loss=0.2965 eval_acc=0.6878
epoch=82 train_loss=0.2587 train_acc=0.6154 eval_loss=0.2782 eval_acc=0.6722
epoch=83 train_loss=0.2623 train_acc=0.6168 eval_loss=0.2910 eval_acc=0.7091
epoch=84 train_loss=0.2532 train_acc=0.6440 eval_loss=0.2852 eval_acc=0.6856
epoch=85 train_loss=0.2490 train_acc=0.6327 eval_loss=0.2751 eval_acc=0.6800
epoch=86 train_loss=0.2538 train_acc=0.6333 eval_loss=0.2942 eval_acc=0.6856
epoch=87 train_loss=0.2514 train_acc=0.6510 eval_loss=0.2765 eval_acc=0.6900
epoch=88 train_loss=0.2546 train_acc=0.6252 eval_loss=0.2833 eval_acc=0.7091
epoch=89 train_loss=0.2596 train_acc=0.6366 eval_loss=0.2911 eval_acc=0.7013
epoch=90 train_loss=0.2406 train_acc=0.6466 eval_loss=0.2722 eval_acc=0.6644
epoch=91 train_loss=0.2405 train_acc=0.6347 eval_loss=0.2907 eval_acc=0.6856
epoch=92 train_loss=0.2508 train_acc=0.6521 eval_loss=0.2814 eval_acc=0.6856
epoch=93 train_loss=0.2486 train_acc=0.6263 eval_loss=0.2700 eval_acc=0.6666
epoch=94 train_loss=0.2330 train_acc=0.6299 eval_loss=0.2890 eval_acc=0.7013
epoch=95 train_loss=0.2455 train_acc=0.6560 eval_loss=0.2698 eval_acc=0.6800
epoch=96 train_loss=0.2533 train_acc=0.6416 eval_loss=0.2890 eval_acc=0.6934
epoch=97 train_loss=0.2296 train_acc=0.6694 eval_loss=0.2760 eval_acc=0.6956
epoch=98 train_loss=0.2460 train_acc=0.6289 eval_loss=0.2874 eval_acc=0.7013
epoch=99 train_loss=0.2328 train_acc=0.6525 eval_loss=0.2961 eval_acc=0.6934
epoch=100 train_loss=0.2348 train_acc=0.6264 eval_loss=0.2748 eval_acc=0.6878
test_loss=0.2949 test_acc=0.6947
confusion_matrix
tensor([[47,  7,  2,  0],
        [10, 21,  9,  2],
        [ 0,  1, 14,  4],
        [ 0,  0,  2,  3]])
per_class_recall
13: recall=0.8393 (47/56)
13+: recall=0.5000 (21/42)
14: recall=0.7368 (14/19)
14+: recall=0.6000 (3/5)
per_class_precision
13: precision=0.8246 (47/57)
13+: precision=0.7241 (21/29)
14: precision=0.5185 (14/27)
14+: precision=0.3333 (3/9)
predictions_exported=122
predictions_output=experiment_runs/late_fusion_technical_round/hybrid_v1_focal/predictions_test.csv
misclassified_exported=37
misclassified_output=experiment_runs/late_fusion_technical_round/hybrid_v1_focal/misclassified_test.csv
saved_model=experiment_runs/late_fusion_technical_round/hybrid_v1_focal/model.pth
