all total=1212 13=539 13+=386 14=209 14+=78
train total=969 13=427 13+=306 14=169 14+=67
eval total=121 13=56 13+=38 14=21 14+=6
test total=122 13=56 13+=42 14=19 14+=5
probe_preset hybrid_v1
probe_features ['busy_density_mean', 'busy_density_p90', 'outer_move_ge_0_25_ratio', 'span_jump_p90', 'slide_conflict_when_busy_ratio', 'busy_outer_move_p90', 'rhythm_switch_ratio', 'low_density_rhythm_switch_ratio', 'slide_density_p90', 'slide_outer_move_p90', 'slide_span_p90', 'slide_conflict_active_ratio']
loss_type ce
class_weight [0.5673301815986633, 0.7916666865348816, 1.4334319829940796, 3.6156716346740723]
epoch=1 train_loss=1.3834 train_acc=0.2028 eval_loss=1.3722 eval_acc=0.2263
epoch=2 train_loss=1.3579 train_acc=0.2520 eval_loss=1.3574 eval_acc=0.3300
epoch=3 train_loss=1.3477 train_acc=0.2824 eval_loss=1.3427 eval_acc=0.3812
epoch=4 train_loss=1.3248 train_acc=0.3352 eval_loss=1.3288 eval_acc=0.3634
epoch=5 train_loss=1.3039 train_acc=0.3748 eval_loss=1.3144 eval_acc=0.4047
epoch=6 train_loss=1.2933 train_acc=0.3758 eval_loss=1.2989 eval_acc=0.4159
epoch=7 train_loss=1.2708 train_acc=0.4026 eval_loss=1.2819 eval_acc=0.4550
epoch=8 train_loss=1.2528 train_acc=0.4133 eval_loss=1.2623 eval_acc=0.4706
epoch=9 train_loss=1.2192 train_acc=0.4671 eval_loss=1.2398 eval_acc=0.4941
epoch=10 train_loss=1.2010 train_acc=0.4901 eval_loss=1.2169 eval_acc=0.5019
epoch=11 train_loss=1.1770 train_acc=0.4800 eval_loss=1.1934 eval_acc=0.5019
epoch=12 train_loss=1.1582 train_acc=0.4903 eval_loss=1.1708 eval_acc=0.5019
epoch=13 train_loss=1.1191 train_acc=0.4968 eval_loss=1.1440 eval_acc=0.5197
epoch=14 train_loss=1.1068 train_acc=0.5211 eval_loss=1.1167 eval_acc=0.5553
epoch=15 train_loss=1.0673 train_acc=0.5330 eval_loss=1.0914 eval_acc=0.5453
epoch=16 train_loss=1.0481 train_acc=0.5194 eval_loss=1.0716 eval_acc=0.5197
epoch=17 train_loss=1.0308 train_acc=0.5234 eval_loss=1.0463 eval_acc=0.5275
epoch=18 train_loss=0.9901 train_acc=0.5622 eval_loss=1.0223 eval_acc=0.5297
epoch=19 train_loss=0.9824 train_acc=0.5532 eval_loss=0.9972 eval_acc=0.5397
epoch=20 train_loss=0.9571 train_acc=0.5647 eval_loss=0.9772 eval_acc=0.5753
epoch=21 train_loss=0.9216 train_acc=0.5766 eval_loss=0.9605 eval_acc=0.5809
epoch=22 train_loss=0.9332 train_acc=0.5745 eval_loss=0.9399 eval_acc=0.5553
epoch=23 train_loss=0.9088 train_acc=0.5860 eval_loss=0.9211 eval_acc=0.5553
epoch=24 train_loss=0.8942 train_acc=0.5921 eval_loss=0.9062 eval_acc=0.5909
epoch=25 train_loss=0.8998 train_acc=0.5955 eval_loss=0.8928 eval_acc=0.5909
epoch=26 train_loss=0.8613 train_acc=0.6040 eval_loss=0.8861 eval_acc=0.6166
epoch=27 train_loss=0.8585 train_acc=0.6374 eval_loss=0.8840 eval_acc=0.6244
epoch=28 train_loss=0.8384 train_acc=0.6135 eval_loss=0.8647 eval_acc=0.6266
epoch=29 train_loss=0.8276 train_acc=0.6116 eval_loss=0.8616 eval_acc=0.6322
epoch=30 train_loss=0.8208 train_acc=0.6217 eval_loss=0.8598 eval_acc=0.6556
epoch=31 train_loss=0.8247 train_acc=0.6280 eval_loss=0.8401 eval_acc=0.6166
epoch=32 train_loss=0.7979 train_acc=0.6164 eval_loss=0.8373 eval_acc=0.6344
epoch=33 train_loss=0.8017 train_acc=0.6241 eval_loss=0.8431 eval_acc=0.6400
epoch=34 train_loss=0.8194 train_acc=0.6285 eval_loss=0.8273 eval_acc=0.6266
epoch=35 train_loss=0.7756 train_acc=0.6376 eval_loss=0.8327 eval_acc=0.6166
epoch=36 train_loss=0.7814 train_acc=0.6490 eval_loss=0.8150 eval_acc=0.6422
epoch=37 train_loss=0.7705 train_acc=0.6412 eval_loss=0.8149 eval_acc=0.6322
epoch=38 train_loss=0.7683 train_acc=0.6493 eval_loss=0.8228 eval_acc=0.6556
epoch=39 train_loss=0.7832 train_acc=0.6470 eval_loss=0.8058 eval_acc=0.6422
epoch=40 train_loss=0.7563 train_acc=0.6343 eval_loss=0.8109 eval_acc=0.6556
epoch=41 train_loss=0.7655 train_acc=0.6510 eval_loss=0.8070 eval_acc=0.6634
epoch=42 train_loss=0.7456 train_acc=0.6672 eval_loss=0.8065 eval_acc=0.6634
epoch=43 train_loss=0.7402 train_acc=0.6744 eval_loss=0.8128 eval_acc=0.6400
epoch=44 train_loss=0.7567 train_acc=0.6806 eval_loss=0.7943 eval_acc=0.6912
epoch=45 train_loss=0.7670 train_acc=0.6301 eval_loss=0.7911 eval_acc=0.6756
epoch=46 train_loss=0.7639 train_acc=0.6489 eval_loss=0.8083 eval_acc=0.6500
epoch=47 train_loss=0.7423 train_acc=0.6840 eval_loss=0.7852 eval_acc=0.6756
epoch=48 train_loss=0.7335 train_acc=0.6434 eval_loss=0.7856 eval_acc=0.6834
epoch=49 train_loss=0.7406 train_acc=0.6662 eval_loss=0.7958 eval_acc=0.6812
epoch=50 train_loss=0.7235 train_acc=0.6691 eval_loss=0.7819 eval_acc=0.6578
epoch=51 train_loss=0.7245 train_acc=0.6583 eval_loss=0.7866 eval_acc=0.6656
epoch=52 train_loss=0.7450 train_acc=0.6807 eval_loss=0.7955 eval_acc=0.6656
epoch=53 train_loss=0.7114 train_acc=0.6568 eval_loss=0.7756 eval_acc=0.6678
epoch=54 train_loss=0.7091 train_acc=0.6526 eval_loss=0.7807 eval_acc=0.6578
epoch=55 train_loss=0.7006 train_acc=0.6819 eval_loss=0.7888 eval_acc=0.6734
epoch=56 train_loss=0.7232 train_acc=0.6716 eval_loss=0.7719 eval_acc=0.6656
epoch=57 train_loss=0.6987 train_acc=0.6606 eval_loss=0.7705 eval_acc=0.6734
epoch=58 train_loss=0.7265 train_acc=0.6766 eval_loss=0.7729 eval_acc=0.6734
epoch=59 train_loss=0.7007 train_acc=0.6759 eval_loss=0.7745 eval_acc=0.6500
epoch=60 train_loss=0.6906 train_acc=0.6844 eval_loss=0.7674 eval_acc=0.6734
epoch=61 train_loss=0.6896 train_acc=0.6836 eval_loss=0.7683 eval_acc=0.6656
epoch=62 train_loss=0.7000 train_acc=0.6736 eval_loss=0.7688 eval_acc=0.6578
epoch=63 train_loss=0.6993 train_acc=0.6583 eval_loss=0.7623 eval_acc=0.6812
epoch=64 train_loss=0.6997 train_acc=0.6704 eval_loss=0.7640 eval_acc=0.6734
epoch=65 train_loss=0.6899 train_acc=0.6807 eval_loss=0.7666 eval_acc=0.6656
epoch=66 train_loss=0.6811 train_acc=0.6796 eval_loss=0.7625 eval_acc=0.6656
epoch=67 train_loss=0.6985 train_acc=0.6766 eval_loss=0.7608 eval_acc=0.6656
epoch=68 train_loss=0.6788 train_acc=0.6875 eval_loss=0.7663 eval_acc=0.6656
epoch=69 train_loss=0.6751 train_acc=0.6848 eval_loss=0.7613 eval_acc=0.6734
epoch=70 train_loss=0.6788 train_acc=0.6900 eval_loss=0.7606 eval_acc=0.6578
epoch=71 train_loss=0.6685 train_acc=0.7009 eval_loss=0.7636 eval_acc=0.6578
epoch=72 train_loss=0.6715 train_acc=0.6977 eval_loss=0.7632 eval_acc=0.6656
epoch=73 train_loss=0.6705 train_acc=0.6938 eval_loss=0.7584 eval_acc=0.6756
epoch=74 train_loss=0.6714 train_acc=0.6767 eval_loss=0.7574 eval_acc=0.6734
epoch=75 train_loss=0.6711 train_acc=0.6812 eval_loss=0.7567 eval_acc=0.6656
epoch=76 train_loss=0.6764 train_acc=0.6874 eval_loss=0.7601 eval_acc=0.6656
epoch=77 train_loss=0.6546 train_acc=0.7070 eval_loss=0.7584 eval_acc=0.6678
epoch=78 train_loss=0.6556 train_acc=0.6845 eval_loss=0.7550 eval_acc=0.6700
epoch=79 train_loss=0.6571 train_acc=0.6934 eval_loss=0.7633 eval_acc=0.6656
epoch=80 train_loss=0.6543 train_acc=0.6978 eval_loss=0.7526 eval_acc=0.6700
epoch=81 train_loss=0.6416 train_acc=0.6955 eval_loss=0.7590 eval_acc=0.6756
epoch=82 train_loss=0.6402 train_acc=0.6986 eval_loss=0.7464 eval_acc=0.6778
epoch=83 train_loss=0.6446 train_acc=0.6798 eval_loss=0.7642 eval_acc=0.6734
epoch=84 train_loss=0.6427 train_acc=0.6910 eval_loss=0.7545 eval_acc=0.6678
epoch=85 train_loss=0.6246 train_acc=0.6985 eval_loss=0.7429 eval_acc=0.6856
epoch=86 train_loss=0.6263 train_acc=0.6994 eval_loss=0.7590 eval_acc=0.6834
epoch=87 train_loss=0.6312 train_acc=0.6937 eval_loss=0.7465 eval_acc=0.6700
epoch=88 train_loss=0.6224 train_acc=0.7098 eval_loss=0.7594 eval_acc=0.6678
epoch=89 train_loss=0.6472 train_acc=0.6868 eval_loss=0.7585 eval_acc=0.6678
epoch=90 train_loss=0.6193 train_acc=0.7026 eval_loss=0.7409 eval_acc=0.6678
epoch=91 train_loss=0.6141 train_acc=0.7186 eval_loss=0.7650 eval_acc=0.6756
epoch=92 train_loss=0.6339 train_acc=0.7130 eval_loss=0.7474 eval_acc=0.6878
epoch=93 train_loss=0.6227 train_acc=0.6960 eval_loss=0.7451 eval_acc=0.6878
epoch=94 train_loss=0.6098 train_acc=0.7201 eval_loss=0.7585 eval_acc=0.6656
epoch=95 train_loss=0.6203 train_acc=0.7019 eval_loss=0.7400 eval_acc=0.6856
epoch=96 train_loss=0.6288 train_acc=0.6890 eval_loss=0.7635 eval_acc=0.6656
epoch=97 train_loss=0.6051 train_acc=0.7331 eval_loss=0.7490 eval_acc=0.6700
epoch=98 train_loss=0.6254 train_acc=0.6844 eval_loss=0.7706 eval_acc=0.6578
epoch=99 train_loss=0.6065 train_acc=0.7322 eval_loss=0.7730 eval_acc=0.6478
epoch=100 train_loss=0.6050 train_acc=0.6988 eval_loss=0.7506 eval_acc=0.6678
test_loss=0.7444 test_acc=0.7338
confusion_matrix
tensor([[51,  3,  2,  0],
        [10, 22,  9,  1],
        [ 0,  1, 14,  4],
        [ 0,  0,  2,  3]])
per_class_recall
13: recall=0.9107 (51/56)
13+: recall=0.5238 (22/42)
14: recall=0.7368 (14/19)
14+: recall=0.6000 (3/5)
per_class_precision
13: precision=0.8361 (51/61)
13+: precision=0.8462 (22/26)
14: precision=0.5185 (14/27)
14+: precision=0.3750 (3/8)
predictions_exported=122
predictions_output=experiment_runs/late_fusion_technical_round/hybrid_v1_ce/predictions_test.csv
misclassified_exported=32
misclassified_output=experiment_runs/late_fusion_technical_round/hybrid_v1_ce/misclassified_test.csv
saved_model=experiment_runs/late_fusion_technical_round/hybrid_v1_ce/model.pth
