all total=1212 13=539 13+=386 14=209 14+=78
train total=969 13=427 13+=306 14=169 14+=67
eval total=121 13=56 13+=38 14=21 14+=6
test total=122 13=56 13+=42 14=19 14+=5
probe_preset technical_v2_small
probe_features ['rhythm_switch_ratio', 'low_density_rhythm_switch_ratio', 'slide_density_p90', 'slide_outer_move_p90', 'slide_span_p90']
loss_type ce
class_weight [0.5673301815986633, 0.7916666865348816, 1.4334319829940796, 3.6156716346740723]
epoch=1 train_loss=1.3880 train_acc=0.2207 eval_loss=1.3789 eval_acc=0.0991
epoch=2 train_loss=1.3727 train_acc=0.1699 eval_loss=1.3722 eval_acc=0.0991
epoch=3 train_loss=1.3642 train_acc=0.1852 eval_loss=1.3658 eval_acc=0.1316
epoch=4 train_loss=1.3540 train_acc=0.2084 eval_loss=1.3589 eval_acc=0.1984
epoch=5 train_loss=1.3499 train_acc=0.2107 eval_loss=1.3524 eval_acc=0.2575
epoch=6 train_loss=1.3412 train_acc=0.2283 eval_loss=1.3450 eval_acc=0.2888
epoch=7 train_loss=1.3368 train_acc=0.2538 eval_loss=1.3371 eval_acc=0.3400
epoch=8 train_loss=1.3215 train_acc=0.2956 eval_loss=1.3286 eval_acc=0.3891
epoch=9 train_loss=1.3147 train_acc=0.3152 eval_loss=1.3193 eval_acc=0.4003
epoch=10 train_loss=1.2909 train_acc=0.3621 eval_loss=1.3092 eval_acc=0.4237
epoch=11 train_loss=1.2854 train_acc=0.3663 eval_loss=1.2977 eval_acc=0.4428
epoch=12 train_loss=1.2696 train_acc=0.4125 eval_loss=1.2841 eval_acc=0.4584
epoch=13 train_loss=1.2606 train_acc=0.4203 eval_loss=1.2658 eval_acc=0.4484
epoch=14 train_loss=1.2432 train_acc=0.4315 eval_loss=1.2449 eval_acc=0.4584
epoch=15 train_loss=1.2128 train_acc=0.4608 eval_loss=1.2220 eval_acc=0.4841
epoch=16 train_loss=1.1879 train_acc=0.4801 eval_loss=1.1933 eval_acc=0.5175
epoch=17 train_loss=1.1711 train_acc=0.4924 eval_loss=1.1636 eval_acc=0.5253
epoch=18 train_loss=1.1371 train_acc=0.5007 eval_loss=1.1318 eval_acc=0.5409
epoch=19 train_loss=1.0936 train_acc=0.5208 eval_loss=1.0981 eval_acc=0.5331
epoch=20 train_loss=1.0715 train_acc=0.5313 eval_loss=1.0602 eval_acc=0.5409
epoch=21 train_loss=1.0252 train_acc=0.5563 eval_loss=1.0259 eval_acc=0.5453
epoch=22 train_loss=1.0121 train_acc=0.5480 eval_loss=0.9998 eval_acc=0.5531
epoch=23 train_loss=0.9755 train_acc=0.5769 eval_loss=0.9765 eval_acc=0.5731
epoch=24 train_loss=0.9484 train_acc=0.5648 eval_loss=0.9485 eval_acc=0.5787
epoch=25 train_loss=0.9151 train_acc=0.5783 eval_loss=0.9423 eval_acc=0.5709
epoch=26 train_loss=0.9124 train_acc=0.5979 eval_loss=0.9197 eval_acc=0.5709
epoch=27 train_loss=0.8985 train_acc=0.5954 eval_loss=0.8979 eval_acc=0.5531
epoch=28 train_loss=0.8780 train_acc=0.6037 eval_loss=0.8992 eval_acc=0.6109
epoch=29 train_loss=0.8917 train_acc=0.6069 eval_loss=0.8821 eval_acc=0.5731
epoch=30 train_loss=0.8573 train_acc=0.6057 eval_loss=0.8833 eval_acc=0.6109
epoch=31 train_loss=0.8517 train_acc=0.6426 eval_loss=0.8781 eval_acc=0.6266
epoch=32 train_loss=0.8499 train_acc=0.6143 eval_loss=0.8597 eval_acc=0.6222
epoch=33 train_loss=0.8442 train_acc=0.6177 eval_loss=0.8546 eval_acc=0.6244
epoch=34 train_loss=0.8119 train_acc=0.6373 eval_loss=0.8599 eval_acc=0.6009
epoch=35 train_loss=0.8292 train_acc=0.6274 eval_loss=0.8500 eval_acc=0.6009
epoch=36 train_loss=0.8274 train_acc=0.6308 eval_loss=0.8469 eval_acc=0.6244
epoch=37 train_loss=0.7883 train_acc=0.6440 eval_loss=0.8302 eval_acc=0.6578
epoch=38 train_loss=0.7975 train_acc=0.6411 eval_loss=0.8324 eval_acc=0.6344
epoch=39 train_loss=0.7920 train_acc=0.6446 eval_loss=0.8313 eval_acc=0.6500
epoch=40 train_loss=0.7931 train_acc=0.6474 eval_loss=0.8250 eval_acc=0.6578
epoch=41 train_loss=0.7723 train_acc=0.6627 eval_loss=0.8225 eval_acc=0.6656
epoch=42 train_loss=0.7786 train_acc=0.6438 eval_loss=0.8185 eval_acc=0.6734
epoch=43 train_loss=0.7658 train_acc=0.6468 eval_loss=0.8131 eval_acc=0.6734
epoch=44 train_loss=0.7541 train_acc=0.6621 eval_loss=0.8155 eval_acc=0.6578
epoch=45 train_loss=0.7654 train_acc=0.6510 eval_loss=0.8070 eval_acc=0.6734
epoch=46 train_loss=0.7508 train_acc=0.6462 eval_loss=0.8081 eval_acc=0.6656
epoch=47 train_loss=0.7479 train_acc=0.6787 eval_loss=0.8090 eval_acc=0.6891
epoch=48 train_loss=0.7576 train_acc=0.6533 eval_loss=0.7887 eval_acc=0.6756
epoch=49 train_loss=0.7600 train_acc=0.6486 eval_loss=0.8204 eval_acc=0.6734
epoch=50 train_loss=0.7392 train_acc=0.6670 eval_loss=0.7887 eval_acc=0.6812
epoch=51 train_loss=0.7385 train_acc=0.6525 eval_loss=0.8074 eval_acc=0.7047
epoch=52 train_loss=0.7511 train_acc=0.6510 eval_loss=0.7946 eval_acc=0.6812
epoch=53 train_loss=0.7267 train_acc=0.6645 eval_loss=0.8019 eval_acc=0.6891
epoch=54 train_loss=0.7263 train_acc=0.6752 eval_loss=0.8131 eval_acc=0.6969
epoch=55 train_loss=0.7333 train_acc=0.6776 eval_loss=0.7864 eval_acc=0.6734
epoch=56 train_loss=0.7224 train_acc=0.6644 eval_loss=0.7988 eval_acc=0.6812
epoch=57 train_loss=0.7238 train_acc=0.6957 eval_loss=0.8022 eval_acc=0.6891
epoch=58 train_loss=0.7301 train_acc=0.6548 eval_loss=0.7855 eval_acc=0.6812
epoch=59 train_loss=0.6952 train_acc=0.6747 eval_loss=0.8145 eval_acc=0.7047
epoch=60 train_loss=0.6960 train_acc=0.6800 eval_loss=0.7842 eval_acc=0.6834
epoch=61 train_loss=0.7146 train_acc=0.6546 eval_loss=0.7858 eval_acc=0.6812
epoch=62 train_loss=0.7077 train_acc=0.6770 eval_loss=0.7983 eval_acc=0.6812
epoch=63 train_loss=0.7012 train_acc=0.6644 eval_loss=0.7894 eval_acc=0.6812
epoch=64 train_loss=0.6912 train_acc=0.6899 eval_loss=0.8034 eval_acc=0.6969
epoch=65 train_loss=0.7040 train_acc=0.6771 eval_loss=0.7821 eval_acc=0.6834
epoch=66 train_loss=0.6942 train_acc=0.6628 eval_loss=0.7995 eval_acc=0.6969
epoch=67 train_loss=0.6916 train_acc=0.6919 eval_loss=0.7853 eval_acc=0.6812
epoch=68 train_loss=0.6934 train_acc=0.6612 eval_loss=0.7912 eval_acc=0.6812
epoch=69 train_loss=0.6741 train_acc=0.7022 eval_loss=0.8064 eval_acc=0.7047
epoch=70 train_loss=0.6889 train_acc=0.6950 eval_loss=0.7741 eval_acc=0.6856
epoch=71 train_loss=0.6836 train_acc=0.6612 eval_loss=0.8016 eval_acc=0.6734
epoch=72 train_loss=0.6857 train_acc=0.6802 eval_loss=0.7977 eval_acc=0.6734
epoch=73 train_loss=0.6610 train_acc=0.6688 eval_loss=0.7838 eval_acc=0.6656
epoch=74 train_loss=0.6692 train_acc=0.6980 eval_loss=0.8019 eval_acc=0.6891
epoch=75 train_loss=0.6685 train_acc=0.6984 eval_loss=0.7884 eval_acc=0.6891
epoch=76 train_loss=0.6807 train_acc=0.6858 eval_loss=0.7809 eval_acc=0.6656
epoch=77 train_loss=0.6694 train_acc=0.6830 eval_loss=0.8098 eval_acc=0.7047
epoch=78 train_loss=0.6743 train_acc=0.6750 eval_loss=0.7799 eval_acc=0.6678
epoch=79 train_loss=0.6497 train_acc=0.6972 eval_loss=0.8456 eval_acc=0.7125
epoch=80 train_loss=0.6705 train_acc=0.6886 eval_loss=0.7806 eval_acc=0.6878
epoch=81 train_loss=0.6612 train_acc=0.6798 eval_loss=0.8020 eval_acc=0.6969
epoch=82 train_loss=0.6507 train_acc=0.7078 eval_loss=0.7946 eval_acc=0.6734
epoch=83 train_loss=0.6465 train_acc=0.6983 eval_loss=0.7876 eval_acc=0.6678
epoch=84 train_loss=0.6470 train_acc=0.6993 eval_loss=0.8086 eval_acc=0.6812
epoch=85 train_loss=0.6556 train_acc=0.6881 eval_loss=0.7767 eval_acc=0.6734
epoch=86 train_loss=0.6540 train_acc=0.6891 eval_loss=0.8204 eval_acc=0.6891
epoch=87 train_loss=0.6656 train_acc=0.6804 eval_loss=0.7750 eval_acc=0.6934
epoch=88 train_loss=0.6420 train_acc=0.6880 eval_loss=0.8528 eval_acc=0.6734
epoch=89 train_loss=0.6566 train_acc=0.7004 eval_loss=0.7764 eval_acc=0.7034
epoch=90 train_loss=0.6576 train_acc=0.6610 eval_loss=0.7910 eval_acc=0.6812
epoch=91 train_loss=0.6543 train_acc=0.7000 eval_loss=0.8220 eval_acc=0.6812
epoch=92 train_loss=0.6323 train_acc=0.6990 eval_loss=0.7894 eval_acc=0.6834
epoch=93 train_loss=0.6416 train_acc=0.6859 eval_loss=0.8190 eval_acc=0.6734
epoch=94 train_loss=0.6388 train_acc=0.6980 eval_loss=0.8046 eval_acc=0.6891
epoch=95 train_loss=0.6108 train_acc=0.7044 eval_loss=0.7897 eval_acc=0.6656
epoch=96 train_loss=0.6466 train_acc=0.6914 eval_loss=0.8108 eval_acc=0.6734
epoch=97 train_loss=0.6263 train_acc=0.6958 eval_loss=0.8019 eval_acc=0.6756
epoch=98 train_loss=0.6170 train_acc=0.7082 eval_loss=0.8121 eval_acc=0.6578
epoch=99 train_loss=0.6184 train_acc=0.7009 eval_loss=0.8164 eval_acc=0.6812
epoch=100 train_loss=0.6182 train_acc=0.6998 eval_loss=0.7896 eval_acc=0.6991
test_loss=0.7330 test_acc=0.7163
confusion_matrix
tensor([[51,  3,  2,  0],
        [12, 20, 10,  0],
        [ 0,  2, 13,  4],
        [ 0,  0,  1,  4]])
per_class_recall
13: recall=0.9107 (51/56)
13+: recall=0.4762 (20/42)
14: recall=0.6842 (13/19)
14+: recall=0.8000 (4/5)
per_class_precision
13: precision=0.8095 (51/63)
13+: precision=0.8000 (20/25)
14: precision=0.5000 (13/26)
14+: precision=0.5000 (4/8)
predictions_exported=122
predictions_output=experiment_runs/late_fusion_technical_small_round/technical_v2_small_ce/predictions_test.csv
misclassified_exported=34
misclassified_output=experiment_runs/late_fusion_technical_small_round/technical_v2_small_ce/misclassified_test.csv
saved_model=experiment_runs/late_fusion_technical_small_round/technical_v2_small_ce/model.pth
