all total=1212 13=539 13+=386 14=209 14+=78
train total=969 13=427 13+=306 14=169 14+=67
eval total=121 13=56 13+=38 14=21 14+=6
test total=122 13=56 13+=42 14=19 14+=5
probe_preset v1
probe_features ['busy_density_mean', 'busy_density_p90', 'outer_move_ge_0_25_ratio', 'span_jump_p90', 'slide_conflict_when_busy_ratio', 'busy_outer_move_p90']
loss_type focal
focal_gamma 2.0
class_weight [0.5673301815986633, 0.7916666865348816, 1.4334319829940796, 3.6156716346740723]
epoch=1 train_loss=0.8529 train_acc=0.2279 eval_loss=0.7718 eval_acc=0.1994
epoch=2 train_loss=0.8359 train_acc=0.1804 eval_loss=0.7633 eval_acc=0.1559
epoch=3 train_loss=0.8207 train_acc=0.1714 eval_loss=0.7534 eval_acc=0.1481
epoch=4 train_loss=0.8087 train_acc=0.1788 eval_loss=0.7445 eval_acc=0.1503
epoch=5 train_loss=0.7843 train_acc=0.1746 eval_loss=0.7364 eval_acc=0.1303
epoch=6 train_loss=0.7742 train_acc=0.1560 eval_loss=0.7272 eval_acc=0.1303
epoch=7 train_loss=0.7737 train_acc=0.1667 eval_loss=0.7172 eval_acc=0.1303
epoch=8 train_loss=0.7531 train_acc=0.1509 eval_loss=0.7088 eval_acc=0.1616
epoch=9 train_loss=0.7449 train_acc=0.1788 eval_loss=0.6969 eval_acc=0.1694
epoch=10 train_loss=0.7261 train_acc=0.2080 eval_loss=0.6840 eval_acc=0.1872
epoch=11 train_loss=0.7126 train_acc=0.2275 eval_loss=0.6708 eval_acc=0.1872
epoch=12 train_loss=0.6870 train_acc=0.2500 eval_loss=0.6570 eval_acc=0.2084
epoch=13 train_loss=0.6798 train_acc=0.2529 eval_loss=0.6419 eval_acc=0.2497
epoch=14 train_loss=0.6560 train_acc=0.2572 eval_loss=0.6254 eval_acc=0.3344
epoch=15 train_loss=0.6351 train_acc=0.3199 eval_loss=0.6091 eval_acc=0.4125
epoch=16 train_loss=0.6395 train_acc=0.3346 eval_loss=0.5928 eval_acc=0.4125
epoch=17 train_loss=0.6059 train_acc=0.3669 eval_loss=0.5755 eval_acc=0.4694
epoch=18 train_loss=0.5771 train_acc=0.4062 eval_loss=0.5553 eval_acc=0.4950
epoch=19 train_loss=0.5811 train_acc=0.3984 eval_loss=0.5369 eval_acc=0.5541
epoch=20 train_loss=0.5461 train_acc=0.4418 eval_loss=0.5172 eval_acc=0.5419
epoch=21 train_loss=0.5402 train_acc=0.4282 eval_loss=0.4998 eval_acc=0.5497
epoch=22 train_loss=0.5347 train_acc=0.4420 eval_loss=0.4858 eval_acc=0.5953
epoch=23 train_loss=0.4978 train_acc=0.4907 eval_loss=0.4720 eval_acc=0.5875
epoch=24 train_loss=0.4782 train_acc=0.5008 eval_loss=0.4597 eval_acc=0.5775
epoch=25 train_loss=0.4769 train_acc=0.5223 eval_loss=0.4495 eval_acc=0.6053
epoch=26 train_loss=0.4434 train_acc=0.5401 eval_loss=0.4293 eval_acc=0.5797
epoch=27 train_loss=0.4504 train_acc=0.5210 eval_loss=0.4221 eval_acc=0.5975
epoch=28 train_loss=0.4486 train_acc=0.5282 eval_loss=0.4133 eval_acc=0.6131
epoch=29 train_loss=0.4407 train_acc=0.5327 eval_loss=0.4045 eval_acc=0.6153
epoch=30 train_loss=0.4303 train_acc=0.5506 eval_loss=0.4030 eval_acc=0.6287
epoch=31 train_loss=0.4193 train_acc=0.5718 eval_loss=0.3934 eval_acc=0.6287
epoch=32 train_loss=0.4208 train_acc=0.5670 eval_loss=0.3831 eval_acc=0.6053
epoch=33 train_loss=0.4107 train_acc=0.5577 eval_loss=0.3817 eval_acc=0.6287
epoch=34 train_loss=0.4014 train_acc=0.5597 eval_loss=0.3722 eval_acc=0.6131
epoch=35 train_loss=0.3977 train_acc=0.5629 eval_loss=0.3780 eval_acc=0.6287
epoch=36 train_loss=0.3870 train_acc=0.5707 eval_loss=0.3665 eval_acc=0.6444
epoch=37 train_loss=0.3939 train_acc=0.5501 eval_loss=0.3593 eval_acc=0.6444
epoch=38 train_loss=0.3946 train_acc=0.5601 eval_loss=0.3681 eval_acc=0.6522
epoch=39 train_loss=0.3697 train_acc=0.5890 eval_loss=0.3516 eval_acc=0.6522
epoch=40 train_loss=0.3758 train_acc=0.5529 eval_loss=0.3459 eval_acc=0.6522
epoch=41 train_loss=0.3773 train_acc=0.5943 eval_loss=0.3558 eval_acc=0.6700
epoch=42 train_loss=0.3611 train_acc=0.6111 eval_loss=0.3410 eval_acc=0.6678
epoch=43 train_loss=0.3651 train_acc=0.5746 eval_loss=0.3382 eval_acc=0.6678
epoch=44 train_loss=0.3553 train_acc=0.5726 eval_loss=0.3452 eval_acc=0.6778
epoch=45 train_loss=0.3604 train_acc=0.5899 eval_loss=0.3367 eval_acc=0.6700
epoch=46 train_loss=0.3549 train_acc=0.5844 eval_loss=0.3303 eval_acc=0.6756
epoch=47 train_loss=0.3450 train_acc=0.5973 eval_loss=0.3326 eval_acc=0.6834
epoch=48 train_loss=0.3586 train_acc=0.6039 eval_loss=0.3273 eval_acc=0.6756
epoch=49 train_loss=0.3418 train_acc=0.5844 eval_loss=0.3290 eval_acc=0.6856
epoch=50 train_loss=0.3300 train_acc=0.6070 eval_loss=0.3328 eval_acc=0.6778
epoch=51 train_loss=0.3437 train_acc=0.5820 eval_loss=0.3145 eval_acc=0.6522
epoch=52 train_loss=0.3392 train_acc=0.5630 eval_loss=0.3252 eval_acc=0.7169
epoch=53 train_loss=0.3416 train_acc=0.6068 eval_loss=0.3298 eval_acc=0.6856
epoch=54 train_loss=0.3312 train_acc=0.6002 eval_loss=0.3153 eval_acc=0.6778
epoch=55 train_loss=0.3233 train_acc=0.6118 eval_loss=0.3150 eval_acc=0.6934
epoch=56 train_loss=0.3232 train_acc=0.6106 eval_loss=0.3169 eval_acc=0.7091
epoch=57 train_loss=0.3255 train_acc=0.6169 eval_loss=0.3113 eval_acc=0.6778
epoch=58 train_loss=0.3281 train_acc=0.5863 eval_loss=0.3118 eval_acc=0.7034
epoch=59 train_loss=0.3133 train_acc=0.6061 eval_loss=0.3074 eval_acc=0.6834
epoch=60 train_loss=0.3137 train_acc=0.6317 eval_loss=0.3101 eval_acc=0.6991
epoch=61 train_loss=0.3204 train_acc=0.6225 eval_loss=0.3087 eval_acc=0.7147
epoch=62 train_loss=0.3145 train_acc=0.6229 eval_loss=0.3164 eval_acc=0.7069
epoch=63 train_loss=0.3213 train_acc=0.5984 eval_loss=0.2991 eval_acc=0.6444
epoch=64 train_loss=0.3133 train_acc=0.5866 eval_loss=0.3051 eval_acc=0.6991
epoch=65 train_loss=0.3070 train_acc=0.6312 eval_loss=0.3087 eval_acc=0.7325
epoch=66 train_loss=0.3010 train_acc=0.6216 eval_loss=0.2927 eval_acc=0.6678
epoch=67 train_loss=0.3027 train_acc=0.5790 eval_loss=0.3059 eval_acc=0.6991
epoch=68 train_loss=0.3006 train_acc=0.6217 eval_loss=0.2986 eval_acc=0.7091
epoch=69 train_loss=0.2997 train_acc=0.6083 eval_loss=0.2913 eval_acc=0.6912
epoch=70 train_loss=0.2946 train_acc=0.6334 eval_loss=0.3210 eval_acc=0.7425
epoch=71 train_loss=0.3107 train_acc=0.6310 eval_loss=0.2913 eval_acc=0.6912
epoch=72 train_loss=0.3005 train_acc=0.6256 eval_loss=0.3004 eval_acc=0.7069
epoch=73 train_loss=0.2929 train_acc=0.6232 eval_loss=0.2957 eval_acc=0.7069
epoch=74 train_loss=0.2858 train_acc=0.6439 eval_loss=0.2940 eval_acc=0.7247
epoch=75 train_loss=0.2979 train_acc=0.6073 eval_loss=0.2909 eval_acc=0.7169
epoch=76 train_loss=0.2890 train_acc=0.6209 eval_loss=0.2967 eval_acc=0.7091
epoch=77 train_loss=0.2753 train_acc=0.6794 eval_loss=0.3067 eval_acc=0.7169
epoch=78 train_loss=0.3092 train_acc=0.6107 eval_loss=0.2867 eval_acc=0.6778
epoch=79 train_loss=0.2958 train_acc=0.5985 eval_loss=0.3004 eval_acc=0.7169
epoch=80 train_loss=0.2605 train_acc=0.6353 eval_loss=0.2926 eval_acc=0.7169
epoch=81 train_loss=0.2829 train_acc=0.6350 eval_loss=0.2972 eval_acc=0.7091
epoch=82 train_loss=0.2800 train_acc=0.6375 eval_loss=0.2952 eval_acc=0.7169
epoch=83 train_loss=0.2746 train_acc=0.6340 eval_loss=0.2950 eval_acc=0.7091
epoch=84 train_loss=0.2736 train_acc=0.6184 eval_loss=0.2821 eval_acc=0.7091
epoch=85 train_loss=0.2680 train_acc=0.6391 eval_loss=0.2904 eval_acc=0.7425
epoch=86 train_loss=0.2658 train_acc=0.6338 eval_loss=0.2938 eval_acc=0.7347
epoch=87 train_loss=0.2654 train_acc=0.6286 eval_loss=0.2776 eval_acc=0.7091
epoch=88 train_loss=0.2722 train_acc=0.6232 eval_loss=0.2846 eval_acc=0.7347
epoch=89 train_loss=0.2568 train_acc=0.6367 eval_loss=0.2787 eval_acc=0.7347
epoch=90 train_loss=0.2691 train_acc=0.6368 eval_loss=0.3240 eval_acc=0.7225
epoch=91 train_loss=0.2748 train_acc=0.6604 eval_loss=0.2764 eval_acc=0.6856
epoch=92 train_loss=0.2574 train_acc=0.6063 eval_loss=0.3080 eval_acc=0.7147
epoch=93 train_loss=0.2710 train_acc=0.6602 eval_loss=0.2929 eval_acc=0.7347
epoch=94 train_loss=0.2679 train_acc=0.6129 eval_loss=0.2742 eval_acc=0.7091
epoch=95 train_loss=0.2550 train_acc=0.6359 eval_loss=0.3417 eval_acc=0.7147
epoch=96 train_loss=0.2660 train_acc=0.6865 eval_loss=0.2807 eval_acc=0.7091
epoch=97 train_loss=0.2636 train_acc=0.6097 eval_loss=0.2688 eval_acc=0.7091
epoch=98 train_loss=0.2626 train_acc=0.6443 eval_loss=0.3111 eval_acc=0.7047
epoch=99 train_loss=0.2547 train_acc=0.6580 eval_loss=0.2761 eval_acc=0.7091
epoch=100 train_loss=0.2479 train_acc=0.6176 eval_loss=0.2788 eval_acc=0.7091
test_loss=0.2581 test_acc=0.7121
confusion_matrix
tensor([[49,  6,  1,  0],
        [11, 21, 10,  0],
        [ 0,  1, 14,  4],
        [ 0,  0,  2,  3]])
per_class_recall
13: recall=0.8750 (49/56)
13+: recall=0.5000 (21/42)
14: recall=0.7368 (14/19)
14+: recall=0.6000 (3/5)
per_class_precision
13: precision=0.8167 (49/60)
13+: precision=0.7500 (21/28)
14: precision=0.5185 (14/27)
14+: precision=0.4286 (3/7)
predictions_exported=122
predictions_output=experiment_runs/late_fusion_round2/late_fusion_v1_focal/predictions_test.csv
misclassified_exported=35
misclassified_output=experiment_runs/late_fusion_round2/late_fusion_v1_focal/misclassified_test.csv
saved_model=experiment_runs/late_fusion_round2/late_fusion_v1_focal/model.pth
