all total=1212 13=539 13+=386 14=209 14+=78
train total=969 13=427 13+=306 14=169 14+=67
eval total=121 13=56 13+=38 14=21 14+=6
test total=122 13=56 13+=42 14=19 14+=5
probe_preset v1
probe_features ['busy_density_mean', 'busy_density_p90', 'outer_move_ge_0_25_ratio', 'span_jump_p90', 'slide_conflict_when_busy_ratio', 'busy_outer_move_p90']
loss_type ce
class_weight [0.5673301815986633, 0.7916666865348816, 1.4334319829940796, 3.6156716346740723]
epoch=1 train_loss=1.3916 train_acc=0.2408 eval_loss=1.3871 eval_acc=0.2328
epoch=2 train_loss=1.3749 train_acc=0.2362 eval_loss=1.3796 eval_acc=0.1872
epoch=3 train_loss=1.3595 train_acc=0.2654 eval_loss=1.3697 eval_acc=0.2284
epoch=4 train_loss=1.3451 train_acc=0.2833 eval_loss=1.3605 eval_acc=0.2597
epoch=5 train_loss=1.3301 train_acc=0.2928 eval_loss=1.3516 eval_acc=0.3300
epoch=6 train_loss=1.3183 train_acc=0.3287 eval_loss=1.3406 eval_acc=0.3791
epoch=7 train_loss=1.3047 train_acc=0.3369 eval_loss=1.3288 eval_acc=0.4216
epoch=8 train_loss=1.2945 train_acc=0.3806 eval_loss=1.3179 eval_acc=0.4428
epoch=9 train_loss=1.2836 train_acc=0.3989 eval_loss=1.3031 eval_acc=0.4584
epoch=10 train_loss=1.2611 train_acc=0.4465 eval_loss=1.2866 eval_acc=0.5119
epoch=11 train_loss=1.2441 train_acc=0.4485 eval_loss=1.2699 eval_acc=0.5197
epoch=12 train_loss=1.2167 train_acc=0.4595 eval_loss=1.2519 eval_acc=0.5097
epoch=13 train_loss=1.2019 train_acc=0.4742 eval_loss=1.2294 eval_acc=0.5141
epoch=14 train_loss=1.1768 train_acc=0.4825 eval_loss=1.2032 eval_acc=0.5319
epoch=15 train_loss=1.1454 train_acc=0.5016 eval_loss=1.1775 eval_acc=0.5341
epoch=16 train_loss=1.1479 train_acc=0.4879 eval_loss=1.1516 eval_acc=0.5141
epoch=17 train_loss=1.1069 train_acc=0.5089 eval_loss=1.1224 eval_acc=0.5419
epoch=18 train_loss=1.0692 train_acc=0.5275 eval_loss=1.0886 eval_acc=0.5675
epoch=19 train_loss=1.0630 train_acc=0.5224 eval_loss=1.0565 eval_acc=0.5753
epoch=20 train_loss=1.0136 train_acc=0.5696 eval_loss=1.0264 eval_acc=0.5775
epoch=21 train_loss=1.0089 train_acc=0.5405 eval_loss=0.9987 eval_acc=0.5753
epoch=22 train_loss=0.9901 train_acc=0.5668 eval_loss=0.9769 eval_acc=0.5853
epoch=23 train_loss=0.9476 train_acc=0.5742 eval_loss=0.9566 eval_acc=0.5909
epoch=24 train_loss=0.9232 train_acc=0.5729 eval_loss=0.9434 eval_acc=0.5809
epoch=25 train_loss=0.9193 train_acc=0.6015 eval_loss=0.9256 eval_acc=0.5753
epoch=26 train_loss=0.8847 train_acc=0.5948 eval_loss=0.9019 eval_acc=0.6344
epoch=27 train_loss=0.8864 train_acc=0.6042 eval_loss=0.9028 eval_acc=0.5809
epoch=28 train_loss=0.8814 train_acc=0.6000 eval_loss=0.8799 eval_acc=0.6244
epoch=29 train_loss=0.8685 train_acc=0.6080 eval_loss=0.8755 eval_acc=0.6478
epoch=30 train_loss=0.8500 train_acc=0.6177 eval_loss=0.8807 eval_acc=0.6300
epoch=31 train_loss=0.8436 train_acc=0.6379 eval_loss=0.8615 eval_acc=0.6066
epoch=32 train_loss=0.8395 train_acc=0.6256 eval_loss=0.8552 eval_acc=0.6144
epoch=33 train_loss=0.8358 train_acc=0.6213 eval_loss=0.8587 eval_acc=0.6400
epoch=34 train_loss=0.8278 train_acc=0.6160 eval_loss=0.8383 eval_acc=0.6088
epoch=35 train_loss=0.8192 train_acc=0.6370 eval_loss=0.8486 eval_acc=0.6378
epoch=36 train_loss=0.8087 train_acc=0.6474 eval_loss=0.8373 eval_acc=0.6478
epoch=37 train_loss=0.8088 train_acc=0.6546 eval_loss=0.8267 eval_acc=0.6478
epoch=38 train_loss=0.8068 train_acc=0.6361 eval_loss=0.8330 eval_acc=0.6556
epoch=39 train_loss=0.7790 train_acc=0.6817 eval_loss=0.8208 eval_acc=0.6500
epoch=40 train_loss=0.7913 train_acc=0.6297 eval_loss=0.8109 eval_acc=0.6756
epoch=41 train_loss=0.7934 train_acc=0.6521 eval_loss=0.8262 eval_acc=0.6556
epoch=42 train_loss=0.7669 train_acc=0.6726 eval_loss=0.8043 eval_acc=0.6734
epoch=43 train_loss=0.7724 train_acc=0.6667 eval_loss=0.8008 eval_acc=0.6912
epoch=44 train_loss=0.7649 train_acc=0.6536 eval_loss=0.8140 eval_acc=0.6756
epoch=45 train_loss=0.7707 train_acc=0.6549 eval_loss=0.7981 eval_acc=0.6934
epoch=46 train_loss=0.7634 train_acc=0.6456 eval_loss=0.7957 eval_acc=0.6912
epoch=47 train_loss=0.7511 train_acc=0.6695 eval_loss=0.7929 eval_acc=0.6912
epoch=48 train_loss=0.7648 train_acc=0.6557 eval_loss=0.7862 eval_acc=0.6834
epoch=49 train_loss=0.7547 train_acc=0.6517 eval_loss=0.7903 eval_acc=0.6778
epoch=50 train_loss=0.7322 train_acc=0.6831 eval_loss=0.7937 eval_acc=0.6934
epoch=51 train_loss=0.7588 train_acc=0.6538 eval_loss=0.7698 eval_acc=0.6912
epoch=52 train_loss=0.7398 train_acc=0.6542 eval_loss=0.7948 eval_acc=0.6891
epoch=53 train_loss=0.7534 train_acc=0.6626 eval_loss=0.7845 eval_acc=0.6934
epoch=54 train_loss=0.7367 train_acc=0.6699 eval_loss=0.7735 eval_acc=0.7069
epoch=55 train_loss=0.7248 train_acc=0.6647 eval_loss=0.7761 eval_acc=0.7013
epoch=56 train_loss=0.7298 train_acc=0.6690 eval_loss=0.7761 eval_acc=0.6834
epoch=57 train_loss=0.7257 train_acc=0.6755 eval_loss=0.7704 eval_acc=0.6969
epoch=58 train_loss=0.7297 train_acc=0.6650 eval_loss=0.7727 eval_acc=0.6991
epoch=59 train_loss=0.7141 train_acc=0.6688 eval_loss=0.7661 eval_acc=0.6891
epoch=60 train_loss=0.7107 train_acc=0.6827 eval_loss=0.7763 eval_acc=0.7091
epoch=61 train_loss=0.7285 train_acc=0.6680 eval_loss=0.7734 eval_acc=0.6812
epoch=62 train_loss=0.7157 train_acc=0.6714 eval_loss=0.7709 eval_acc=0.7147
epoch=63 train_loss=0.7184 train_acc=0.6632 eval_loss=0.7600 eval_acc=0.6891
epoch=64 train_loss=0.7132 train_acc=0.6687 eval_loss=0.7704 eval_acc=0.7169
epoch=65 train_loss=0.7082 train_acc=0.6803 eval_loss=0.7657 eval_acc=0.7069
epoch=66 train_loss=0.6935 train_acc=0.6691 eval_loss=0.7576 eval_acc=0.7047
epoch=67 train_loss=0.7023 train_acc=0.6660 eval_loss=0.7629 eval_acc=0.7147
epoch=68 train_loss=0.6946 train_acc=0.6841 eval_loss=0.7630 eval_acc=0.7069
epoch=69 train_loss=0.6999 train_acc=0.6699 eval_loss=0.7551 eval_acc=0.6969
epoch=70 train_loss=0.6805 train_acc=0.6978 eval_loss=0.7792 eval_acc=0.7013
epoch=71 train_loss=0.7168 train_acc=0.6716 eval_loss=0.7552 eval_acc=0.6891
epoch=72 train_loss=0.7037 train_acc=0.6834 eval_loss=0.7679 eval_acc=0.7091
epoch=73 train_loss=0.6838 train_acc=0.6730 eval_loss=0.7521 eval_acc=0.6969
epoch=74 train_loss=0.6842 train_acc=0.6837 eval_loss=0.7630 eval_acc=0.6991
epoch=75 train_loss=0.7039 train_acc=0.6850 eval_loss=0.7532 eval_acc=0.6969
epoch=76 train_loss=0.6848 train_acc=0.6682 eval_loss=0.7639 eval_acc=0.6812
epoch=77 train_loss=0.6657 train_acc=0.7145 eval_loss=0.7709 eval_acc=0.6991
epoch=78 train_loss=0.7037 train_acc=0.6787 eval_loss=0.7491 eval_acc=0.7013
epoch=79 train_loss=0.6896 train_acc=0.6808 eval_loss=0.7724 eval_acc=0.7169
epoch=80 train_loss=0.6570 train_acc=0.7105 eval_loss=0.7517 eval_acc=0.6969
epoch=81 train_loss=0.6743 train_acc=0.6901 eval_loss=0.7737 eval_acc=0.7091
epoch=82 train_loss=0.6713 train_acc=0.6957 eval_loss=0.7580 eval_acc=0.6991
epoch=83 train_loss=0.6588 train_acc=0.6799 eval_loss=0.7603 eval_acc=0.6991
epoch=84 train_loss=0.6717 train_acc=0.6969 eval_loss=0.7552 eval_acc=0.6991
epoch=85 train_loss=0.6565 train_acc=0.6988 eval_loss=0.7536 eval_acc=0.7069
epoch=86 train_loss=0.6517 train_acc=0.7078 eval_loss=0.7675 eval_acc=0.7091
epoch=87 train_loss=0.6476 train_acc=0.7059 eval_loss=0.7528 eval_acc=0.6912
epoch=88 train_loss=0.6602 train_acc=0.6981 eval_loss=0.7569 eval_acc=0.6991
epoch=89 train_loss=0.6401 train_acc=0.6857 eval_loss=0.7501 eval_acc=0.7069
epoch=90 train_loss=0.6681 train_acc=0.6902 eval_loss=0.7965 eval_acc=0.7091
epoch=91 train_loss=0.6641 train_acc=0.7070 eval_loss=0.7487 eval_acc=0.6834
epoch=92 train_loss=0.6407 train_acc=0.6772 eval_loss=0.7907 eval_acc=0.7069
epoch=93 train_loss=0.6635 train_acc=0.7067 eval_loss=0.7484 eval_acc=0.7069
epoch=94 train_loss=0.6589 train_acc=0.6626 eval_loss=0.7419 eval_acc=0.6991
epoch=95 train_loss=0.6478 train_acc=0.6787 eval_loss=0.8298 eval_acc=0.6656
epoch=96 train_loss=0.6507 train_acc=0.7223 eval_loss=0.7405 eval_acc=0.6834
epoch=97 train_loss=0.6501 train_acc=0.6708 eval_loss=0.7382 eval_acc=0.6991
epoch=98 train_loss=0.6519 train_acc=0.7114 eval_loss=0.7799 eval_acc=0.6991
epoch=99 train_loss=0.6386 train_acc=0.7182 eval_loss=0.7426 eval_acc=0.6834
epoch=100 train_loss=0.6398 train_acc=0.6963 eval_loss=0.7514 eval_acc=0.6834
test_loss=0.6970 test_acc=0.7590
confusion_matrix
tensor([[53,  3,  0,  0],
        [12, 22,  8,  0],
        [ 0,  1, 15,  3],
        [ 0,  0,  2,  3]])
per_class_recall
13: recall=0.9464 (53/56)
13+: recall=0.5238 (22/42)
14: recall=0.7895 (15/19)
14+: recall=0.6000 (3/5)
per_class_precision
13: precision=0.8154 (53/65)
13+: precision=0.8462 (22/26)
14: precision=0.6000 (15/25)
14+: precision=0.5000 (3/6)
predictions_exported=122
predictions_output=experiment_runs/late_fusion_ablation_round/v1_full_ce/predictions_test.csv
misclassified_exported=29
misclassified_output=experiment_runs/late_fusion_ablation_round/v1_full_ce/misclassified_test.csv
saved_model=experiment_runs/late_fusion_ablation_round/v1_full_ce/model.pth
