all total=1212 13=539 13+=386 14=209 14+=78
train total=969 13=427 13+=306 14=169 14+=67
eval total=121 13=56 13+=38 14=21 14+=6
test total=122 13=56 13+=42 14=19 14+=5
probe_preset v1
probe_features ['busy_density_mean', 'outer_move_ge_0_25_ratio', 'span_jump_p90', 'slide_conflict_when_busy_ratio', 'busy_outer_move_p90']
loss_type ce
class_weight [0.5673301815986633, 0.7916666865348816, 1.4334319829940796, 3.6156716346740723]
epoch=1 train_loss=1.4017 train_acc=0.2019 eval_loss=1.3931 eval_acc=0.1025
epoch=2 train_loss=1.3882 train_acc=0.1612 eval_loss=1.3865 eval_acc=0.1203
epoch=3 train_loss=1.3752 train_acc=0.1519 eval_loss=1.3804 eval_acc=0.1437
epoch=4 train_loss=1.3671 train_acc=0.1443 eval_loss=1.3742 eval_acc=0.1281
epoch=5 train_loss=1.3616 train_acc=0.1726 eval_loss=1.3687 eval_acc=0.1616
epoch=6 train_loss=1.3493 train_acc=0.1714 eval_loss=1.3621 eval_acc=0.1694
epoch=7 train_loss=1.3472 train_acc=0.1992 eval_loss=1.3553 eval_acc=0.2319
epoch=8 train_loss=1.3298 train_acc=0.2514 eval_loss=1.3483 eval_acc=0.3087
epoch=9 train_loss=1.3237 train_acc=0.2552 eval_loss=1.3407 eval_acc=0.3678
epoch=10 train_loss=1.3075 train_acc=0.2936 eval_loss=1.3319 eval_acc=0.4169
epoch=11 train_loss=1.2976 train_acc=0.3211 eval_loss=1.3216 eval_acc=0.4281
epoch=12 train_loss=1.2919 train_acc=0.3537 eval_loss=1.3098 eval_acc=0.4159
epoch=13 train_loss=1.2628 train_acc=0.4110 eval_loss=1.2930 eval_acc=0.4806
epoch=14 train_loss=1.2452 train_acc=0.4336 eval_loss=1.2732 eval_acc=0.5041
epoch=15 train_loss=1.2223 train_acc=0.4595 eval_loss=1.2514 eval_acc=0.5119
epoch=16 train_loss=1.2035 train_acc=0.4703 eval_loss=1.2253 eval_acc=0.5353
epoch=17 train_loss=1.1855 train_acc=0.4973 eval_loss=1.1970 eval_acc=0.5453
epoch=18 train_loss=1.1522 train_acc=0.5091 eval_loss=1.1645 eval_acc=0.5731
epoch=19 train_loss=1.1213 train_acc=0.4994 eval_loss=1.1305 eval_acc=0.5531
epoch=20 train_loss=1.0835 train_acc=0.5247 eval_loss=1.0932 eval_acc=0.5831
epoch=21 train_loss=1.0374 train_acc=0.5433 eval_loss=1.0542 eval_acc=0.5909
epoch=22 train_loss=1.0316 train_acc=0.5527 eval_loss=1.0188 eval_acc=0.5887
epoch=23 train_loss=0.9796 train_acc=0.5549 eval_loss=0.9829 eval_acc=0.6088
epoch=24 train_loss=0.9676 train_acc=0.5564 eval_loss=0.9560 eval_acc=0.6244
epoch=25 train_loss=0.9242 train_acc=0.6075 eval_loss=0.9428 eval_acc=0.6066
epoch=26 train_loss=0.9297 train_acc=0.5903 eval_loss=0.9100 eval_acc=0.6322
epoch=27 train_loss=0.8943 train_acc=0.6115 eval_loss=0.8895 eval_acc=0.6422
epoch=28 train_loss=0.8739 train_acc=0.6139 eval_loss=0.8827 eval_acc=0.6344
epoch=29 train_loss=0.8710 train_acc=0.6062 eval_loss=0.8725 eval_acc=0.6600
epoch=30 train_loss=0.8290 train_acc=0.6202 eval_loss=0.8630 eval_acc=0.6422
epoch=31 train_loss=0.8350 train_acc=0.6272 eval_loss=0.8566 eval_acc=0.6600
epoch=32 train_loss=0.8225 train_acc=0.6214 eval_loss=0.8465 eval_acc=0.6500
epoch=33 train_loss=0.8390 train_acc=0.6191 eval_loss=0.8279 eval_acc=0.6544
epoch=34 train_loss=0.8069 train_acc=0.6339 eval_loss=0.8369 eval_acc=0.6600
epoch=35 train_loss=0.8252 train_acc=0.6272 eval_loss=0.8314 eval_acc=0.6678
epoch=36 train_loss=0.8174 train_acc=0.6344 eval_loss=0.8191 eval_acc=0.6678
epoch=37 train_loss=0.7759 train_acc=0.6350 eval_loss=0.8078 eval_acc=0.6678
epoch=38 train_loss=0.7850 train_acc=0.6454 eval_loss=0.8138 eval_acc=0.6756
epoch=39 train_loss=0.7828 train_acc=0.6490 eval_loss=0.8066 eval_acc=0.6500
epoch=40 train_loss=0.7890 train_acc=0.6421 eval_loss=0.8011 eval_acc=0.6756
epoch=41 train_loss=0.7638 train_acc=0.6628 eval_loss=0.8032 eval_acc=0.6834
epoch=42 train_loss=0.7694 train_acc=0.6383 eval_loss=0.7858 eval_acc=0.6834
epoch=43 train_loss=0.7551 train_acc=0.6455 eval_loss=0.7854 eval_acc=0.7013
epoch=44 train_loss=0.7507 train_acc=0.6730 eval_loss=0.7821 eval_acc=0.7091
epoch=45 train_loss=0.7564 train_acc=0.6634 eval_loss=0.7832 eval_acc=0.7247
epoch=46 train_loss=0.7417 train_acc=0.6454 eval_loss=0.7810 eval_acc=0.7013
epoch=47 train_loss=0.7421 train_acc=0.6649 eval_loss=0.7694 eval_acc=0.6912
epoch=48 train_loss=0.7618 train_acc=0.6346 eval_loss=0.7632 eval_acc=0.6734
epoch=49 train_loss=0.7467 train_acc=0.6593 eval_loss=0.7895 eval_acc=0.7069
epoch=50 train_loss=0.7357 train_acc=0.6498 eval_loss=0.7596 eval_acc=0.6969
epoch=51 train_loss=0.7305 train_acc=0.6581 eval_loss=0.7835 eval_acc=0.7169
epoch=52 train_loss=0.7338 train_acc=0.6594 eval_loss=0.7594 eval_acc=0.6891
epoch=53 train_loss=0.7200 train_acc=0.6649 eval_loss=0.7731 eval_acc=0.7147
epoch=54 train_loss=0.7174 train_acc=0.6812 eval_loss=0.7705 eval_acc=0.7147
epoch=55 train_loss=0.7230 train_acc=0.6570 eval_loss=0.7541 eval_acc=0.7147
epoch=56 train_loss=0.7169 train_acc=0.6645 eval_loss=0.7654 eval_acc=0.7147
epoch=57 train_loss=0.7087 train_acc=0.6960 eval_loss=0.7602 eval_acc=0.7147
epoch=58 train_loss=0.7219 train_acc=0.6523 eval_loss=0.7502 eval_acc=0.7381
epoch=59 train_loss=0.6997 train_acc=0.6805 eval_loss=0.7677 eval_acc=0.7147
epoch=60 train_loss=0.6979 train_acc=0.6804 eval_loss=0.7446 eval_acc=0.7325
epoch=61 train_loss=0.7108 train_acc=0.6518 eval_loss=0.7518 eval_acc=0.7381
epoch=62 train_loss=0.7037 train_acc=0.6809 eval_loss=0.7623 eval_acc=0.7225
epoch=63 train_loss=0.7019 train_acc=0.6761 eval_loss=0.7492 eval_acc=0.7381
epoch=64 train_loss=0.6958 train_acc=0.6890 eval_loss=0.7673 eval_acc=0.7091
epoch=65 train_loss=0.6960 train_acc=0.6623 eval_loss=0.7399 eval_acc=0.7247
epoch=66 train_loss=0.7101 train_acc=0.6652 eval_loss=0.7647 eval_acc=0.7147
epoch=67 train_loss=0.6941 train_acc=0.6969 eval_loss=0.7492 eval_acc=0.7303
epoch=68 train_loss=0.7023 train_acc=0.6652 eval_loss=0.7423 eval_acc=0.7403
epoch=69 train_loss=0.6827 train_acc=0.6976 eval_loss=0.7651 eval_acc=0.6991
epoch=70 train_loss=0.6909 train_acc=0.6704 eval_loss=0.7349 eval_acc=0.7247
epoch=71 train_loss=0.6799 train_acc=0.6673 eval_loss=0.7676 eval_acc=0.7069
epoch=72 train_loss=0.6794 train_acc=0.6899 eval_loss=0.7539 eval_acc=0.7303
epoch=73 train_loss=0.6673 train_acc=0.6799 eval_loss=0.7521 eval_acc=0.7325
epoch=74 train_loss=0.6800 train_acc=0.6702 eval_loss=0.7470 eval_acc=0.7403
epoch=75 train_loss=0.6718 train_acc=0.6857 eval_loss=0.7493 eval_acc=0.7325
epoch=76 train_loss=0.6860 train_acc=0.6821 eval_loss=0.7363 eval_acc=0.7503
epoch=77 train_loss=0.6640 train_acc=0.6847 eval_loss=0.7570 eval_acc=0.7247
epoch=78 train_loss=0.6776 train_acc=0.6875 eval_loss=0.7336 eval_acc=0.7403
epoch=79 train_loss=0.6534 train_acc=0.7082 eval_loss=0.7711 eval_acc=0.6991
epoch=80 train_loss=0.6723 train_acc=0.6872 eval_loss=0.7343 eval_acc=0.7347
epoch=81 train_loss=0.6609 train_acc=0.6829 eval_loss=0.7466 eval_acc=0.7247
epoch=82 train_loss=0.6620 train_acc=0.6893 eval_loss=0.7414 eval_acc=0.7425
epoch=83 train_loss=0.6470 train_acc=0.6980 eval_loss=0.7377 eval_acc=0.7325
epoch=84 train_loss=0.6580 train_acc=0.6961 eval_loss=0.7473 eval_acc=0.7247
epoch=85 train_loss=0.6541 train_acc=0.6884 eval_loss=0.7279 eval_acc=0.7425
epoch=86 train_loss=0.6534 train_acc=0.6955 eval_loss=0.7809 eval_acc=0.6812
epoch=87 train_loss=0.6682 train_acc=0.6918 eval_loss=0.7205 eval_acc=0.7169
epoch=88 train_loss=0.6561 train_acc=0.6778 eval_loss=0.7996 eval_acc=0.6947
epoch=89 train_loss=0.6518 train_acc=0.6932 eval_loss=0.7204 eval_acc=0.7091
epoch=90 train_loss=0.6603 train_acc=0.6648 eval_loss=0.7357 eval_acc=0.7347
epoch=91 train_loss=0.6568 train_acc=0.7018 eval_loss=0.7579 eval_acc=0.7047
epoch=92 train_loss=0.6344 train_acc=0.7041 eval_loss=0.7310 eval_acc=0.7069
epoch=93 train_loss=0.6422 train_acc=0.6909 eval_loss=0.7524 eval_acc=0.7091
epoch=94 train_loss=0.6449 train_acc=0.7050 eval_loss=0.7564 eval_acc=0.7169
epoch=95 train_loss=0.6172 train_acc=0.6930 eval_loss=0.7381 eval_acc=0.7269
epoch=96 train_loss=0.6413 train_acc=0.6997 eval_loss=0.7485 eval_acc=0.7247
epoch=97 train_loss=0.6222 train_acc=0.7080 eval_loss=0.7483 eval_acc=0.7169
epoch=98 train_loss=0.6208 train_acc=0.7017 eval_loss=0.7605 eval_acc=0.7069
epoch=99 train_loss=0.6241 train_acc=0.7138 eval_loss=0.7500 eval_acc=0.7247
epoch=100 train_loss=0.6170 train_acc=0.6965 eval_loss=0.7311 eval_acc=0.7069
test_loss=0.6915 test_acc=0.7452
confusion_matrix
tensor([[51,  4,  1,  0],
        [11, 23,  8,  0],
        [ 0,  1, 14,  4],
        [ 0,  0,  2,  3]])
per_class_recall
13: recall=0.9107 (51/56)
13+: recall=0.5476 (23/42)
14: recall=0.7368 (14/19)
14+: recall=0.6000 (3/5)
per_class_precision
13: precision=0.8226 (51/62)
13+: precision=0.8214 (23/28)
14: precision=0.5600 (14/25)
14+: precision=0.4286 (3/7)
predictions_exported=122
predictions_output=experiment_runs/late_fusion_ablation_round/v1_drop_busy_density_p90_ce/predictions_test.csv
misclassified_exported=31
misclassified_output=experiment_runs/late_fusion_ablation_round/v1_drop_busy_density_p90_ce/misclassified_test.csv
saved_model=experiment_runs/late_fusion_ablation_round/v1_drop_busy_density_p90_ce/model.pth
